Archive member included to satisfy reference by file (symbol)

C:/Users/ASUS/.pico-sdk/toolchain/14_2_Rel1/bin/../lib/gcc/arm-none-eabi/14.2.1/thumb/v6-m/nofp\libgcc.a(_dvmd_tls.o)
                              CMakeFiles/USB_HID_Sniffer.dir/C_/Users/ASUS/.pico-sdk/sdk/2.2.0/src/rp2_common/pico_divider/divider_hardware.S.obj (__aeabi_idiv0)
C:/Users/ASUS/.pico-sdk/toolchain/14_2_Rel1/bin/../lib/gcc/arm-none-eabi/14.2.1/thumb/v6-m/nofp\libg.a(libc_a-calloc.o)
                              CMakeFiles/USB_HID_Sniffer.dir/C_/Users/ASUS/.pico-sdk/sdk/2.2.0/src/rp2_common/pico_malloc/malloc.c.obj (calloc)
C:/Users/ASUS/.pico-sdk/toolchain/14_2_Rel1/bin/../lib/gcc/arm-none-eabi/14.2.1/thumb/v6-m/nofp\libg.a(libc_a-callocr.o)
                              C:/Users/ASUS/.pico-sdk/toolchain/14_2_Rel1/bin/../lib/gcc/arm-none-eabi/14.2.1/thumb/v6-m/nofp\libg.a(libc_a-calloc.o) (_calloc_r)
C:/Users/ASUS/.pico-sdk/toolchain/14_2_Rel1/bin/../lib/gcc/arm-none-eabi/14.2.1/thumb/v6-m/nofp\libg.a(libc_a-malloc.o)
                              CMakeFiles/USB_HID_Sniffer.dir/C_/Users/ASUS/.pico-sdk/sdk/2.2.0/src/rp2_common/pico_malloc/malloc.c.obj (malloc)
C:/Users/ASUS/.pico-sdk/toolchain/14_2_Rel1/bin/../lib/gcc/arm-none-eabi/14.2.1/thumb/v6-m/nofp\libg.a(libc_a-mallocr.o)
                              C:/Users/ASUS/.pico-sdk/toolchain/14_2_Rel1/bin/../lib/gcc/arm-none-eabi/14.2.1/thumb/v6-m/nofp\libg.a(libc_a-callocr.o) (_malloc_r)
C:/Users/ASUS/.pico-sdk/toolchain/14_2_Rel1/bin/../lib/gcc/arm-none-eabi/14.2.1/thumb/v6-m/nofp\libg.a(libc_a-mlock.o)
                              C:/Users/ASUS/.pico-sdk/toolchain/14_2_Rel1/bin/../lib/gcc/arm-none-eabi/14.2.1/thumb/v6-m/nofp\libg.a(libc_a-mallocr.o) (__malloc_lock)
C:/Users/ASUS/.pico-sdk/toolchain/14_2_Rel1/bin/../lib/gcc/arm-none-eabi/14.2.1/thumb/v6-m/nofp\libg.a(libc_a-realloc.o)
                              CMakeFiles/USB_HID_Sniffer.dir/C_/Users/ASUS/.pico-sdk/sdk/2.2.0/src/rp2_common/pico_malloc/malloc.c.obj (realloc)
C:/Users/ASUS/.pico-sdk/toolchain/14_2_Rel1/bin/../lib/gcc/arm-none-eabi/14.2.1/thumb/v6-m/nofp\libg.a(libc_a-reallocr.o)
                              C:/Users/ASUS/.pico-sdk/toolchain/14_2_Rel1/bin/../lib/gcc/arm-none-eabi/14.2.1/thumb/v6-m/nofp\libg.a(libc_a-realloc.o) (_realloc_r)
C:/Users/ASUS/.pico-sdk/toolchain/14_2_Rel1/bin/../lib/gcc/arm-none-eabi/14.2.1/thumb/v6-m/nofp\libg.a(libc_a-memcmp.o)
                              CMakeFiles/USB_HID_Sniffer.dir/C_/Users/ASUS/.pico-sdk/sdk/2.2.0/src/rp2_common/pico_atomic/atomic.c.obj (memcmp)
C:/Users/ASUS/.pico-sdk/toolchain/14_2_Rel1/bin/../lib/gcc/arm-none-eabi/14.2.1/thumb/v6-m/nofp\libg.a(libc_a-memmove.o)
                              CMakeFiles/USB_HID_Sniffer.dir/AntiRecoil.c.obj (memmove)
C:/Users/ASUS/.pico-sdk/toolchain/14_2_Rel1/bin/../lib/gcc/arm-none-eabi/14.2.1/thumb/v6-m/nofp\libg.a(libc_a-lcltime_r.o)
                              CMakeFiles/USB_HID_Sniffer.dir/C_/Users/ASUS/.pico-sdk/sdk/2.2.0/src/common/pico_util/datetime.c.obj (localtime_r)
C:/Users/ASUS/.pico-sdk/toolchain/14_2_Rel1/bin/../lib/gcc/arm-none-eabi/14.2.1/thumb/v6-m/nofp\libg.a(libc_a-mktime.o)
                              CMakeFiles/USB_HID_Sniffer.dir/C_/Users/ASUS/.pico-sdk/sdk/2.2.0/src/common/pico_util/datetime.c.obj (mktime)
C:/Users/ASUS/.pico-sdk/toolchain/14_2_Rel1/bin/../lib/gcc/arm-none-eabi/14.2.1/thumb/v6-m/nofp\libg.a(libc_a-month_lengths.o)
                              C:/Users/ASUS/.pico-sdk/toolchain/14_2_Rel1/bin/../lib/gcc/arm-none-eabi/14.2.1/thumb/v6-m/nofp\libg.a(libc_a-lcltime_r.o) (__month_lengths)
C:/Users/ASUS/.pico-sdk/toolchain/14_2_Rel1/bin/../lib/gcc/arm-none-eabi/14.2.1/thumb/v6-m/nofp\libg.a(libc_a-tzcalc_limits.o)
                              C:/Users/ASUS/.pico-sdk/toolchain/14_2_Rel1/bin/../lib/gcc/arm-none-eabi/14.2.1/thumb/v6-m/nofp\libg.a(libc_a-lcltime_r.o) (__tzcalc_limits)
C:/Users/ASUS/.pico-sdk/toolchain/14_2_Rel1/bin/../lib/gcc/arm-none-eabi/14.2.1/thumb/v6-m/nofp\libg.a(libc_a-tzlock.o)
                              C:/Users/ASUS/.pico-sdk/toolchain/14_2_Rel1/bin/../lib/gcc/arm-none-eabi/14.2.1/thumb/v6-m/nofp\libg.a(libc_a-lcltime_r.o) (__tz_lock)
C:/Users/ASUS/.pico-sdk/toolchain/14_2_Rel1/bin/../lib/gcc/arm-none-eabi/14.2.1/thumb/v6-m/nofp\libg.a(libc_a-tzset.o)
                              C:/Users/ASUS/.pico-sdk/toolchain/14_2_Rel1/bin/../lib/gcc/arm-none-eabi/14.2.1/thumb/v6-m/nofp\libg.a(libc_a-lcltime_r.o) (_tzset_unlocked)
C:/Users/ASUS/.pico-sdk/toolchain/14_2_Rel1/bin/../lib/gcc/arm-none-eabi/14.2.1/thumb/v6-m/nofp\libg.a(libc_a-tzset_r.o)
                              C:/Users/ASUS/.pico-sdk/toolchain/14_2_Rel1/bin/../lib/gcc/arm-none-eabi/14.2.1/thumb/v6-m/nofp\libg.a(libc_a-tzset.o) (_tzset_unlocked_r)
C:/Users/ASUS/.pico-sdk/toolchain/14_2_Rel1/bin/../lib/gcc/arm-none-eabi/14.2.1/thumb/v6-m/nofp\libg.a(libc_a-tzvars.o)
[...]
Memory Configuration

Name             Origin             Length             Attributes
FLASH            0x10000000         0x00200000         xr
RAM              0x20000000         0x00040000         xrw
SCRATCH_X        0x20040000         0x00001000         xrw
SCRATCH_Y        0x20041000         0x00001000         xrw
*default*        0x00000000         0xffffffff

Linker script and memory map

LOAD C:/Users/ASUS/.pico-sdk/toolchain/14_2_Rel1/bin/../lib/gcc/arm-none-eabi/14.2.1/thumb/v6-m/nofp/crti.o
LOAD C:/Users/ASUS/.pico-sdk/toolchain/14_2_Rel1/bin/../lib/gcc/arm-none-eabi/14.2.1/thumb/v6-m/nofp/crtbegin.o
LOAD C:/Users/ASUS/.pico-sdk/toolchain/14_2_Rel1/bin/../lib/gcc/arm-none-eabi/14.2.1/thumb/v6-m/nofp/crt0.o

.flash_begin    0x10000000        0x0
                0x10000000                        __flash_binary_start = .

.boot2          0x10000000      0x100
                0x10000000                        __boot2_start__ = .
 *(.boot2)
 .boot2         0x10000000      0x100 pico-sdk/src/rp2040/boot_stage2/CMakeFiles/bs2_default_library.dir/./bs2_default_padded_checksummed.S.obj
                0x10000100                        __boot2_end__ = .
                0x00000001                        ASSERT (((__boot2_end__ - __boot2_start__) == 0x100), ERROR: Pico second stage bootloader must be 256 bytes in size)

.text           0x10000100     0xb888
                0x10000100                        __logical_binary_start = .
 *(.vectors)
 .vectors       0x10000100       0xd4 CMakeFiles/USB_HID_Sniffer.dir/C_/Users/ASUS/.pico-sdk/sdk/2.2.0/src/rp2_common/pico_crt0/crt0.S.obj
                0x10000100                __VECTOR_TABLE
                0x10000100                __vectors
                0x100001c0                isr_irq13
                0x100001c0                isr_irq27
                0x100001c0                isr_irq31
                0x100001c0                isr_irq12
                0x100001c0                isr_irq5
                0x100001c0                isr_irq11
                0x100001c0                isr_irq3
                0x100001c0                isr_irq23
                0x100001c0                __unhandled_user_irq
                0x100001c0                isr_irq26
                0x100001c0                isr_irq28
                0x100001c0                isr_irq19
                0x100001c0                isr_irq0
                0x100001c0                isr_irq6
                0x100001c0                isr_irq29
                0x100001c0                isr_irq16
                0x100001c0                isr_irq22
                0x100001c0                isr_irq18
                0x100001c0                isr_irq17
                0x100001c0                isr_irq14
                0x100001c0                __vectors_end
                0x100001c0                __default_isrs_start
                0x100001c0                isr_irq2
                0x100001c0                isr_irq10
                0x100001c0                isr_irq8
                0x100001c0                isr_irq24
                0x100001c0                isr_irq1
                0x100001c0                isr_irq7
                0x100001c0                isr_irq21
                0x100001c0                isr_irq20
                0x100001c0                isr_irq15
                0x100001c0                isr_irq25
                0x100001c0                isr_irq4
                0x100001c0                isr_irq30
                0x100001c0                isr_irq9
                0x100001c6                unhandled_user_irq_num_in_r0
                0x100001c8                isr_invalid
                0x100001ca                isr_nmi
                0x100001cc                isr_hardfault
                0x100001ce                isr_svcall
                0x100001d0                isr_pendsv
                0x100001d2                isr_systick
                0x100001d4                __default_isrs_end
 *(.binary_info_header)
 .binary_info_header
                0x100001d4       0x14 CMakeFiles/USB_HID_Sniffer.dir/C_/Users/ASUS/.pico-sdk/sdk/2.2.0/src/rp2_common/pico_crt0/crt0.S.obj
                0x100001e8                        __binary_info_header_end = .
 *(.embedded_block)
                0x100001e8                        __embedded_block_end = .
 *(.reset)
 .reset         0x100001e8       0x9c CMakeFiles/USB_HID_Sniffer.dir/C_/Users/ASUS/.pico-sdk/sdk/2.2.0/src/rp2_common/pico_crt0/crt0.S.obj
                0x100001e8                _entry_point
 *(.init)
 .init          0x10000284        0x4 C:/Users/ASUS/.pico-sdk/toolchain/14_2_Rel1/bin/../lib/gcc/arm-none-eabi/14.2.1/thumb/v6-m/nofp/crti.o
                0x10000284                _init
 *(EXCLUDE_FILE(*libm.a: *libc.a:*lib_a-mem*.o *libgcc.a:) .text*)
 .text.register_tm_clones
                0x10000288       0x28 C:/Users/ASUS/.pico-sdk/toolchain/14_2_Rel1/bin/../lib/gcc/arm-none-eabi/14.2.1/thumb/v6-m/nofp/crtbegin.o
 .text.frame_dummy
                0x100002b0       0x24 C:/Users/ASUS/.pico-sdk/toolchain/14_2_Rel1/bin/../lib/gcc/arm-none-eabi/14.2.1/thumb/v6-m/nofp/crtbegin.o
 .text.startup.main
                0x100002d4       0x64 CMakeFiles/USB_HID_Sniffer.dir/main_device.c.obj
                0x100002d4                main
 .text.tud_cdc_rx_cb
                0x10000338        0x4 CMakeFiles/USB_HID_Sniffer.dir/main_device.c.obj
                0x10000338                tud_cdc_rx_cb
 .text.core1_main
                0x1000033c       0xc0 CMakeFiles/USB_HID_Sniffer.dir/main_host.c.obj
                0x1000033c                core1_main
 .text.tuh_hid_mount_cb
                0x100003fc       0x94 CMakeFiles/USB_HID_Sniffer.dir/main_host.c.obj
                0x100003fc                tuh_hid_mount_cb
 .text.tuh_hid_umount_cb
                0x10000490       0x2c CMakeFiles/USB_HID_Sniffer.dir/main_host.c.obj
                0x10000490                tuh_hid_umount_cb
 .text.tuh_hid_report_received_cb
                0x100004bc       0x4c CMakeFiles/USB_HID_Sniffer.dir/main_host.c.obj
                0x100004bc                tuh_hid_report_received_cb
 .text.tud_descriptor_device_cb
                0x10000508        0x8 CMakeFiles/USB_HID_Sniffer.dir/usb_descriptors.c.obj
                0x10000508                tud_descriptor_device_cb
 .text.tud_descriptor_configuration_cb
                0x10000510        0x8 CMakeFiles/USB_HID_Sniffer.dir/usb_descriptors.c.obj
                0x10000510                tud_descriptor_configuration_cb
 .text.tud_descriptor_string_cb
                0x10000518       0x74 CMakeFiles/USB_HID_Sniffer.dir/usb_descriptors.c.obj
                0x10000518                tud_descriptor_string_cb
 .text.tud_hid_descriptor_report_cb
                0x1000058c        0x8 CMakeFiles/USB_HID_Sniffer.dir/usb_descriptors.c.obj
                0x1000058c                tud_hid_descriptor_report_cb
 .text.tud_hid_set_report_cb
                0x10000594        0x4 CMakeFiles/USB_HID_Sniffer.dir/usb_descriptors.c.obj
                0x10000594                tud_hid_set_report_cb
 .text.tud_hid_get_report_cb
                0x10000598        0x4 CMakeFiles/USB_HID_Sniffer.dir/usb_descriptors.c.obj
                0x10000598                tud_hid_get_report_cb
 .text.tud_hid_report_complete_cb
                0x1000059c        0x4 CMakeFiles/USB_HID_Sniffer.dir/usb_descriptors.c.obj
                0x1000059c                tud_hid_report_complete_cb
 .text.updateButton
                0x100005a0       0xbc CMakeFiles/USB_HID_Sniffer.dir/AntiRecoil.c.obj
                0x100005a0                updateButton
 .text.kbd_report
                0x1000065c      0x368 CMakeFiles/USB_HID_Sniffer.dir/AntiRecoil.c.obj
                0x1000065c                kbd_report
 .text.mouse_report
                0x100009c4      0x278 CMakeFiles/USB_HID_Sniffer.dir/AntiRecoil.c.obj
                0x100009c4                mouse_report
 .text.modified_task
                0x10000c3c      0x674 CMakeFiles/USB_HID_Sniffer.dir/AntiRecoil.c.obj
                0x10000c3c                modified_task
 .text.saveConfig
                0x100012b0      0x110 CMakeFiles/USB_HID_Sniffer.dir/AntiRecoil.c.obj
                0x100012b0                saveConfig
 .text.hcd_configure
                0x100013c0       0x20 CMakeFiles/USB_HID_Sniffer.dir/C_/Users/ASUS/.pico-sdk/sdk/2.2.0/lib/tinyusb/src/portable/raspberrypi/pio_usb/hcd_pio_usb.c.obj
                0x100013c0                hcd_configure
 .text.hcd_init
                0x100013e0       0x10 CMakeFiles/USB_HID_Sniffer.dir/C_/Users/ASUS/.pico-sdk/sdk/2.2.0/lib/tinyusb/src/portable/raspberrypi/pio_usb/hcd_pio_usb.c.obj
                0x100013e0                hcd_init
 .text.hcd_port_reset
                0x100013f0        0xc CMakeFiles/USB_HID_Sniffer.dir/C_/Users/ASUS/.pico-sdk/sdk/2.2.0/lib/tinyusb/src/portable/raspberrypi/pio_usb/hcd_pio_usb.c.obj
                0x100013f0                hcd_port_reset
 .text.hcd_port_reset_end
                0x100013fc        0xc CMakeFiles/USB_HID_Sniffer.dir/C_/Users/ASUS/.pico-sdk/sdk/2.2.0/lib/tinyusb/src/portable/raspberrypi/pio_usb/hcd_pio_usb.c.obj
                0x100013fc                hcd_port_reset_end
 .text.hcd_port_connect_status
                0x10001408       0x40 CMakeFiles/USB_HID_Sniffer.dir/C_/Users/ASUS/.pico-sdk/sdk/2.2.0/lib/tinyusb/src/portable/raspberrypi/pio_usb/hcd_pio_usb.c.obj
                0x10001408                hcd_port_connect_status
 .text.hcd_port_speed_get
                0x10001448       0x1c CMakeFiles/USB_HID_Sniffer.dir/C_/Users/ASUS/.pico-sdk/sdk/2.2.0/lib/tinyusb/src/portable/raspberrypi/pio_usb/hcd_pio_usb.c.obj
                0x10001448                hcd_port_speed_get
 .text.hcd_device_close
                0x10001464        0xc CMakeFiles/USB_HID_Sniffer.dir/C_/Users/ASUS/.pico-sdk/sdk/2.2.0/lib/tinyusb/src/portable/raspberrypi/pio_usb/hcd_pio_usb.c.obj
                0x10001464                hcd_device_close
 .text.hcd_int_enable
                0x10001470        0x4 CMakeFiles/USB_HID_Sniffer.dir/C_/Users/ASUS/.pico-sdk/sdk/2.2.0/lib/tinyusb/src/portable/raspberrypi/pio_usb/hcd_pio_usb.c.obj
                0x10001470                hcd_int_enable
 .text.hcd_edpt_open
                0x10001474       0x38 CMakeFiles/USB_HID_Sniffer.dir/C_/Users/ASUS/.pico-sdk/sdk/2.2.0/lib/tinyusb/src/portable/raspberrypi/pio_usb/hcd_pio_usb.c.obj
                0x10001474                hcd_edpt_open
 .text.hcd_edpt_xfer
                0x100014ac       0x18 CMakeFiles/USB_HID_Sniffer.dir/C_/Users/ASUS/.pico-sdk/sdk/2.2.0/lib/tinyusb/src/portable/raspberrypi/pio_usb/hcd_pio_usb.c.obj
                0x100014ac                hcd_edpt_xfer
 .text.hcd_edpt_abort_xfer
                0x100014c4        0xc CMakeFiles/USB_HID_Sniffer.dir/C_/Users/ASUS/.pico-sdk/sdk/2.2.0/lib/tinyusb/src/portable/raspberrypi/pio_usb/hcd_pio_usb.c.obj
                0x100014c4                hcd_edpt_abort_xfer
 .text.hcd_setup_send
                0x100014d0        0xc CMakeFiles/USB_HID_Sniffer.dir/C_/Users/ASUS/.pico-sdk/sdk/2.2.0/lib/tinyusb/src/portable/raspberrypi/pio_usb/hcd_pio_usb.c.obj
                0x100014d0                hcd_setup_send
 .text.gpio_set_function
                0x100014dc       0x34 CMakeFiles/USB_HID_Sniffer.dir/C_/Users/ASUS/.pico-sdk/sdk/2.2.0/src/rp2_common/hardware_gpio/gpio.c.obj
                0x100014dc                gpio_set_function
 .text.gpio_set_pulls
                0x10001510       0x28 CMakeFiles/USB_HID_Sniffer.dir/C_/Users/ASUS/.pico-sdk/sdk/2.2.0/src/rp2_common/hardware_gpio/gpio.c.obj
                0x10001510                gpio_set_pulls
 .text.gpio_set_inover
                0x10001538       0x24 CMakeFiles/USB_HID_Sniffer.dir/C_/Users/ASUS/.pico-sdk/sdk/2.2.0/src/rp2_common/hardware_gpio/gpio.c.obj
                0x10001538                gpio_set_inover
 .text.gpio_set_outover
                0x1000155c       0x24 CMakeFiles/USB_HID_Sniffer.dir/C_/Users/ASUS/.pico-sdk/sdk/2.2.0/src/rp2_common/hardware_gpio/gpio.c.obj
                0x1000155c                gpio_set_outover
 .text.gpio_set_oeover
                0x10001580       0x24 CMakeFiles/USB_HID_Sniffer.dir/C_/Users/ASUS/.pico-sdk/sdk/2.2.0/src/rp2_common/hardware_gpio/gpio.c.obj
                0x10001580                gpio_set_oeover
 .text.gpio_set_slew_rate
                0x100015a4       0x20 CMakeFiles/USB_HID_Sniffer.dir/C_/Users/ASUS/.pico-sdk/sdk/2.2.0/src/rp2_common/hardware_gpio/gpio.c.obj
                0x100015a4                gpio_set_slew_rate
 .text.gpio_set_drive_strength
                0x100015c4       0x24 CMakeFiles/USB_HID_Sniffer.dir/C_/Users/ASUS/.pico-sdk/sdk/2.2.0/src/rp2_common/hardware_gpio/gpio.c.obj
                0x100015c4                gpio_set_drive_strength
 .text.gpio_init
                0x100015e8       0x40 CMakeFiles/USB_HID_Sniffer.dir/C_/Users/ASUS/.pico-sdk/sdk/2.2.0/src/rp2_common/hardware_gpio/gpio.c.obj
                0x100015e8                gpio_init
 .text.rp2040_chip_version
                0x10001628        0xc CMakeFiles/USB_HID_Sniffer.dir/C_/Users/ASUS/.pico-sdk/sdk/2.2.0/src/rp2040/pico_platform/platform.c.obj
                0x10001628                rp2040_chip_version
 .text.panic    0x10001634       0x30 CMakeFiles/USB_HID_Sniffer.dir/C_/Users/ASUS/.pico-sdk/sdk/2.2.0/src/rp2_common/pico_platform_panic/panic.c.obj
                0x10001634                panic
 .text.hw_claim_lock
                0x10001664       0x18 CMakeFiles/USB_HID_Sniffer.dir/C_/Users/ASUS/.pico-sdk/sdk/2.2.0/src/common/hardware_claim/claim.c.obj
                0x10001664                hw_claim_lock
 .text.hw_claim_unlock
                0x1000167c       0x14 CMakeFiles/USB_HID_Sniffer.dir/C_/Users/ASUS/.pico-sdk/sdk/2.2.0/src/common/hardware_claim/claim.c.obj
                0x1000167c                hw_claim_unlock
 .text.hw_claim_or_assert
                0x10001690       0x44 CMakeFiles/USB_HID_Sniffer.dir/C_/Users/ASUS/.pico-sdk/sdk/2.2.0/src/common/hardware_claim/claim.c.obj
                0x10001690                hw_claim_or_assert
 .text.hw_claim_unused_from_range
                0x100016d4       0x88 CMakeFiles/USB_HID_Sniffer.dir/C_/Users/ASUS/.pico-sdk/sdk/2.2.0/src/common/hardware_claim/claim.c.obj
                0x100016d4                hw_claim_unused_from_range
 .text.next_striped_spin_lock_num
                0x1000175c       0x18 CMakeFiles/USB_HID_Sniffer.dir/C_/Users/ASUS/.pico-sdk/sdk/2.2.0/src/rp2_common/hardware_sync/sync.c.obj
                0x1000175c                next_striped_spin_lock_num
 .text.spin_lock_claim_unused
                0x10001774       0x24 CMakeFiles/USB_HID_Sniffer.dir/C_/Users/ASUS/.pico-sdk/sdk/2.2.0/src/rp2_common/hardware_sync/sync.c.obj
                0x10001774                spin_lock_claim_unused
 .text.spin_locks_reset
                0x10001798       0x1c CMakeFiles/USB_HID_Sniffer.dir/C_/Users/ASUS/.pico-sdk/sdk/2.2.0/src/rp2_common/hardware_sync_spin_lock/sync_spin_lock.c.obj
                0x10001798                spin_locks_reset
 .text.runtime_init_per_core_irq_priorities
                0x100017b4       0x24 CMakeFiles/USB_HID_Sniffer.dir/C_/Users/ASUS/.pico-sdk/sdk/2.2.0/src/rp2_common/hardware_irq/irq.c.obj
                0x100017b4                runtime_init_per_core_irq_priorities
 .text.irq_set_enabled
                0x100017d8       0x24 CMakeFiles/USB_HID_Sniffer.dir/C_/Users/ASUS/.pico-sdk/sdk/2.2.0/src/rp2_common/hardware_irq/irq.c.obj
                0x100017d8                irq_set_enabled
 .text.irq_is_enabled
                0x100017fc       0x18 CMakeFiles/USB_HID_Sniffer.dir/C_/Users/ASUS/.pico-sdk/sdk/2.2.0/src/rp2_common/hardware_irq/irq.c.obj
                0x100017fc                irq_is_enabled
 .text.irq_set_exclusive_handler
                0x10001814       0x54 CMakeFiles/USB_HID_Sniffer.dir/C_/Users/ASUS/.pico-sdk/sdk/2.2.0/src/rp2_common/hardware_irq/irq.c.obj
                0x10001814                irq_set_exclusive_handler
 .text.irq_add_shared_handler
                0x10001868      0x1f4 CMakeFiles/USB_HID_Sniffer.dir/C_/Users/ASUS/.pico-sdk/sdk/2.2.0/src/rp2_common/hardware_irq/irq.c.obj
                0x10001868                irq_add_shared_handler
 .text.irq_add_tail_to_free_list
                0x10001a5c       0xb4 CMakeFiles/USB_HID_Sniffer.dir/C_/Users/ASUS/.pico-sdk/sdk/2.2.0/src/rp2_common/hardware_irq/irq.c.obj
                0x10001a5c                irq_add_tail_to_free_list
 .text.lock_init
                0x10001b10       0x10 CMakeFiles/USB_HID_Sniffer.dir/C_/Users/ASUS/.pico-sdk/sdk/2.2.0/src/common/pico_sync/lock_core.c.obj
                0x10001b10                lock_init
 .text.runtime_init_mutex
                0x10001b20       0x50 CMakeFiles/USB_HID_Sniffer.dir/C_/Users/ASUS/.pico-sdk/sdk/2.2.0/src/common/pico_sync/mutex.c.obj
                0x10001b20                runtime_init_mutex
 .text.mutex_init
                0x10001b70       0x1c CMakeFiles/USB_HID_Sniffer.dir/C_/Users/ASUS/.pico-sdk/sdk/2.2.0/src/common/pico_sync/mutex.c.obj
                0x10001b70                mutex_init
 .text.critical_section_init
                0x10001b8c       0x1c CMakeFiles/USB_HID_Sniffer.dir/C_/Users/ASUS/.pico-sdk/sdk/2.2.0/src/common/pico_sync/critical_section.c.obj
                0x10001b8c                critical_section_init
 .text.sleep_until_callback
                0x10001ba8       0x30 CMakeFiles/USB_HID_Sniffer.dir/C_/Users/ASUS/.pico-sdk/sdk/2.2.0/src/common/pico_time/time.c.obj
 .text.alarm_pool_irq_handler
                0x10001bd8      0x300 CMakeFiles/USB_HID_Sniffer.dir/C_/Users/ASUS/.pico-sdk/sdk/2.2.0/src/common/pico_time/time.c.obj
 .text.runtime_init_default_alarm_pool
                0x10001ed8       0xdc CMakeFiles/USB_HID_Sniffer.dir/C_/Users/ASUS/.pico-sdk/sdk/2.2.0/src/common/pico_time/time.c.obj
                0x10001ed8                runtime_init_default_alarm_pool
 .text.alarm_pool_create_on_timer
                0x10001fb4       0xb4 CMakeFiles/USB_HID_Sniffer.dir/C_/Users/ASUS/.pico-sdk/sdk/2.2.0/src/common/pico_time/time.c.obj
                0x10001fb4                alarm_pool_create_on_timer
 .text.alarm_pool_add_alarm_at_force_in_context
                0x10002068       0xb0 CMakeFiles/USB_HID_Sniffer.dir/C_/Users/ASUS/.pico-sdk/sdk/2.2.0/src/common/pico_time/time.c.obj
                0x10002068                alarm_pool_add_alarm_at_force_in_context
 .text.alarm_pool_cancel_alarm
                0x10002118       0x74 CMakeFiles/USB_HID_Sniffer.dir/C_/Users/ASUS/.pico-sdk/sdk/2.2.0/src/common/pico_time/time.c.obj
                0x10002118                alarm_pool_cancel_alarm
 .text.sleep_ms
                0x1000218c       0xfc CMakeFiles/USB_HID_Sniffer.dir/C_/Users/ASUS/.pico-sdk/sdk/2.2.0/src/common/pico_time/time.c.obj
                0x1000218c                sleep_ms
 .text.best_effort_wfe_or_timeout
                0x10002288      0x10c CMakeFiles/USB_HID_Sniffer.dir/C_/Users/ASUS/.pico-sdk/sdk/2.2.0/src/common/pico_time/time.c.obj
                0x10002288                best_effort_wfe_or_timeout
 .text.alarm_pool_add_repeating_timer_us
                0x10002394      0x124 CMakeFiles/USB_HID_Sniffer.dir/C_/Users/ASUS/.pico-sdk/sdk/2.2.0/src/common/pico_time/time.c.obj
                0x10002394                alarm_pool_add_repeating_timer_us
 .text.alarm_pool_get_default_timer
                0x100024b8        0x8 CMakeFiles/USB_HID_Sniffer.dir/C_/Users/ASUS/.pico-sdk/sdk/2.2.0/src/common/pico_time/time.c.obj
                0x100024b8                alarm_pool_get_default_timer
 .text.timer_hardware_alarm_claim
                0x100024c0       0x14 CMakeFiles/USB_HID_Sniffer.dir/C_/Users/ASUS/.pico-sdk/sdk/2.2.0/src/rp2_common/hardware_timer/timer.c.obj
                0x100024c0                timer_hardware_alarm_claim
 .text.timer_time_us_64
                0x100024d4       0x10 CMakeFiles/USB_HID_Sniffer.dir/C_/Users/ASUS/.pico-sdk/sdk/2.2.0/src/rp2_common/hardware_timer/timer.c.obj
                0x100024d4                timer_time_us_64
 .text.time_us_64
                0x100024e4       0x14 CMakeFiles/USB_HID_Sniffer.dir/C_/Users/ASUS/.pico-sdk/sdk/2.2.0/src/rp2_common/hardware_timer/timer.c.obj
                0x100024e4                time_us_64
 .text.busy_wait_us
                0x100024f8       0x68 CMakeFiles/USB_HID_Sniffer.dir/C_/Users/ASUS/.pico-sdk/sdk/2.2.0/src/rp2_common/hardware_timer/timer.c.obj
                0x100024f8                busy_wait_us
 .text.busy_wait_ms
                0x10002560       0x9c CMakeFiles/USB_HID_Sniffer.dir/C_/Users/ASUS/.pico-sdk/sdk/2.2.0/src/rp2_common/hardware_timer/timer.c.obj
                0x10002560                busy_wait_ms
 .text.busy_wait_until
                0x100025fc       0x20 CMakeFiles/USB_HID_Sniffer.dir/C_/Users/ASUS/.pico-sdk/sdk/2.2.0/src/rp2_common/hardware_timer/timer.c.obj
                0x100025fc                busy_wait_until
 .text.uart_init
                0x1000261c      0x120 CMakeFiles/USB_HID_Sniffer.dir/C_/Users/ASUS/.pico-sdk/sdk/2.2.0/src/rp2_common/hardware_uart/uart.c.obj
                0x1000261c                uart_init
 .text.clock_configure_int_divider
                0x1000273c       0xf4 CMakeFiles/USB_HID_Sniffer.dir/C_/Users/ASUS/.pico-sdk/sdk/2.2.0/src/rp2_common/hardware_clocks/clocks.c.obj
                0x1000273c                clock_configure_int_divider
 .text.clock_configure_undivided
                0x10002830       0xe8 CMakeFiles/USB_HID_Sniffer.dir/C_/Users/ASUS/.pico-sdk/sdk/2.2.0/src/rp2_common/hardware_clocks/clocks.c.obj
                0x10002830                clock_configure_undivided
 .text.clock_get_hz
                0x10002918        0xc CMakeFiles/USB_HID_Sniffer.dir/C_/Users/ASUS/.pico-sdk/sdk/2.2.0/src/rp2_common/hardware_clocks/clocks.c.obj
                0x10002918                clock_get_hz
 .text.set_sys_clock_pll
                0x10002924      0x1b8 CMakeFiles/USB_HID_Sniffer.dir/C_/Users/ASUS/.pico-sdk/sdk/2.2.0/src/rp2_common/hardware_clocks/clocks.c.obj
                0x10002924                set_sys_clock_pll
 .text.check_sys_clock_khz
                0x10002adc      0x26c CMakeFiles/USB_HID_Sniffer.dir/C_/Users/ASUS/.pico-sdk/sdk/2.2.0/src/rp2_common/hardware_clocks/clocks.c.obj
                0x10002adc                check_sys_clock_khz
 .text.pll_init
                0x10002d48       0xa4 CMakeFiles/USB_HID_Sniffer.dir/C_/Users/ASUS/.pico-sdk/sdk/2.2.0/src/rp2_common/hardware_pll/pll.c.obj
                0x10002d48                pll_init
 .text.tick_start
                0x10002dec       0x10 CMakeFiles/USB_HID_Sniffer.dir/C_/Users/ASUS/.pico-sdk/sdk/2.2.0/src/rp2_common/hardware_ticks/ticks.c.obj
                0x10002dec                tick_start
 .text.rom_func_lookup
                0x10002dfc       0x10 CMakeFiles/USB_HID_Sniffer.dir/C_/Users/ASUS/.pico-sdk/sdk/2.2.0/src/rp2_common/pico_bootrom/bootrom.c.obj
                0x10002dfc                rom_func_lookup
 .text.rom_data_lookup
                0x10002e0c       0x10 CMakeFiles/USB_HID_Sniffer.dir/C_/Users/ASUS/.pico-sdk/sdk/2.2.0/src/rp2_common/pico_bootrom/bootrom.c.obj
                0x10002e0c                rom_data_lookup
 .text.rom_funcs_lookup
                0x10002e1c       0x44 CMakeFiles/USB_HID_Sniffer.dir/C_/Users/ASUS/.pico-sdk/sdk/2.2.0/src/rp2_common/pico_bootrom/bootrom.c.obj
                0x10002e1c                rom_funcs_lookup
 .text.xosc_init
                0x10002e60       0x28 CMakeFiles/USB_HID_Sniffer.dir/C_/Users/ASUS/.pico-sdk/sdk/2.2.0/src/rp2_common/hardware_xosc/xosc.c.obj
                0x10002e60                xosc_init
 .text.first_per_core_initializer
                0x10002e88        0x4 CMakeFiles/USB_HID_Sniffer.dir/C_/Users/ASUS/.pico-sdk/sdk/2.2.0/src/rp2_common/pico_runtime/runtime.c.obj
 .text.hard_assertion_failure
                0x10002e8c        0xc CMakeFiles/USB_HID_Sniffer.dir/C_/Users/ASUS/.pico-sdk/sdk/2.2.0/src/rp2_common/pico_runtime/runtime.c.obj
                0x10002e8c                hard_assertion_failure
 .text.runtime_run_initializers
                0x10002e98       0x28 CMakeFiles/USB_HID_Sniffer.dir/C_/Users/ASUS/.pico-sdk/sdk/2.2.0/src/rp2_common/pico_runtime/runtime.c.obj
                0x10002e98                runtime_run_initializers
 .text.runtime_run_per_core_initializers
                0x10002ec0       0x28 CMakeFiles/USB_HID_Sniffer.dir/C_/Users/ASUS/.pico-sdk/sdk/2.2.0/src/rp2_common/pico_runtime/runtime.c.obj
                0x10002ec0                runtime_run_per_core_initializers
 .text.runtime_init_early_resets
                0x10002ee8       0x2c CMakeFiles/USB_HID_Sniffer.dir/C_/Users/ASUS/.pico-sdk/sdk/2.2.0/src/rp2_common/pico_runtime_init/runtime_init.c.obj
                0x10002ee8                runtime_init_early_resets
 .text.runtime_init_usb_power_down
                0x10002f14       0x1c CMakeFiles/USB_HID_Sniffer.dir/C_/Users/ASUS/.pico-sdk/sdk/2.2.0/src/rp2_common/pico_runtime_init/runtime_init.c.obj
                0x10002f14                runtime_init_usb_power_down
 .text.runtime_init_post_clock_resets
                0x10002f30       0x20 CMakeFiles/USB_HID_Sniffer.dir/C_/Users/ASUS/.pico-sdk/sdk/2.2.0/src/rp2_common/pico_runtime_init/runtime_init.c.obj
                0x10002f30                runtime_init_post_clock_resets
 .text.runtime_init_rp2040_gpio_ie_disable
                0x10002f50       0x14 CMakeFiles/USB_HID_Sniffer.dir/C_/Users/ASUS/.pico-sdk/sdk/2.2.0/src/rp2_common/pico_runtime_init/runtime_init.c.obj
                0x10002f50                runtime_init_rp2040_gpio_ie_disable
 .text.runtime_init_spin_locks_reset
                0x10002f64        0x8 CMakeFiles/USB_HID_Sniffer.dir/C_/Users/ASUS/.pico-sdk/sdk/2.2.0/src/rp2_common/pico_runtime_init/runtime_init.c.obj
                0x10002f64                runtime_init_spin_locks_reset
 .text.runtime_init_install_ram_vector_table
                0x10002f6c       0xb4 CMakeFiles/USB_HID_Sniffer.dir/C_/Users/ASUS/.pico-sdk/sdk/2.2.0/src/rp2_common/pico_runtime_init/runtime_init.c.obj
                0x10002f6c                runtime_init_install_ram_vector_table
 .text.runtime_init_clocks
                0x10003020       0xd8 CMakeFiles/USB_HID_Sniffer.dir/C_/Users/ASUS/.pico-sdk/sdk/2.2.0/src/rp2_common/pico_runtime_init/runtime_init_clocks.c.obj
                0x10003020                runtime_init_clocks
 .text          0x100030f8       0x10 CMakeFiles/USB_HID_Sniffer.dir/C_/Users/ASUS/.pico-sdk/sdk/2.2.0/src/rp2_common/pico_bit_ops/bit_ops_aeabi.S.obj
 .text.ctzsi    0x10003108        0xc CMakeFiles/USB_HID_Sniffer.dir/C_/Users/ASUS/.pico-sdk/sdk/2.2.0/src/rp2_common/pico_bit_ops/bit_ops_aeabi.S.obj
                0x10003108                __wrap___ctzsi2
 .text.__wrap___aeabi_idiv
                0x10003114       0x50 CMakeFiles/USB_HID_Sniffer.dir/C_/Users/ASUS/.pico-sdk/sdk/2.2.0/src/rp2_common/pico_divider/divider_hardware.S.obj
                0x10003114                __wrap___aeabi_idivmod
                0x10003114                divmod_s32s32
                0x10003114                div_s32s32
                0x10003114                __wrap___aeabi_idiv
                0x1000311c                divmod_s32s32_unsafe
                0x10003148                divmod_s32s32_savestate
 .text.__wrap___aeabi_uidiv
                0x10003164       0x4c CMakeFiles/USB_HID_Sniffer.dir/C_/Users/ASUS/.pico-sdk/sdk/2.2.0/src/rp2_common/pico_divider/divider_hardware.S.obj
                0x10003164                __wrap___aeabi_uidiv
                0x10003164                __wrap___aeabi_uidivmod
                0x10003164                div_u32u32
                0x10003164                divmod_u32u32
                0x1000316c                divmod_u32u32_unsafe
                0x10003194                divmod_u32u32_savestate
 .text.__wrap___aeabi_ldiv
                0x100031b0      0x424 CMakeFiles/USB_HID_Sniffer.dir/C_/Users/ASUS/.pico-sdk/sdk/2.2.0/src/rp2_common/pico_divider/divider_hardware.S.obj
                0x100031b0                div_s64s64
                0x100031b0                divmod_s64s64
                0x100031b0                __wrap___aeabi_ldivmod
                0x100031e0                divmod_u64u64
                0x100031e0                div_u64u64
                0x100031e0                __wrap___aeabi_uldivmod
                0x100031f0                divmod_u64u64_savestate
                0x10003210                divmod_s64s64_unsafe
                0x10003298                divmod_u64u64_unsafe
 .text.__wrap___aeabi_darithmetic
                0x100035d4       0x80 CMakeFiles/USB_HID_Sniffer.dir/C_/Users/ASUS/.pico-sdk/sdk/2.2.0/src/rp2_common/pico_double/double_aeabi_rp2040.S.obj
                0x100035d4                __wrap___aeabi_drsub
                0x100035da                __wrap___aeabi_dsub
                0x100035ec                __wrap___aeabi_dadd
                0x100035fe                __wrap___aeabi_ddiv
                0x1000363a                __wrap___aeabi_dmul
 .text.__wrap___aeabi_cdcmple
                0x10003654       0x6c CMakeFiles/USB_HID_Sniffer.dir/C_/Users/ASUS/.pico-sdk/sdk/2.2.0/src/rp2_common/pico_double/double_aeabi_rp2040.S.obj
                0x10003654                __wrap___aeabi_cdrcmple
                0x10003664                __wrap___aeabi_cdcmpeq
                0x10003664                __wrap___aeabi_cdcmple
 .text.__wrap___aeabi_dcmplt
                0x100036c0        0xc CMakeFiles/USB_HID_Sniffer.dir/C_/Users/ASUS/.pico-sdk/sdk/2.2.0/src/rp2_common/pico_double/double_aeabi_rp2040.S.obj
                0x100036c0                __wrap___aeabi_dcmplt
 .text.__wrap___aeabi_dcmple
                0x100036cc       0x10 CMakeFiles/USB_HID_Sniffer.dir/C_/Users/ASUS/.pico-sdk/sdk/2.2.0/src/rp2_common/pico_double/double_aeabi_rp2040.S.obj
                0x100036cc                __wrap___aeabi_dcmple
 .text.__wrap___aeabi_dcmpge
                0x100036dc       0x10 CMakeFiles/USB_HID_Sniffer.dir/C_/Users/ASUS/.pico-sdk/sdk/2.2.0/src/rp2_common/pico_double/double_aeabi_rp2040.S.obj
                0x100036dc                __wrap___aeabi_dcmpge
 .text.__wrap___aeabi_dcmpgt
                0x100036ec        0xa CMakeFiles/USB_HID_Sniffer.dir/C_/Users/ASUS/.pico-sdk/sdk/2.2.0/src/rp2_common/pico_double/double_aeabi_rp2040.S.obj
                0x100036ec                __wrap___aeabi_dcmpgt
 .text.__wrap___aeabi_dcmpun
                0x100036f6       0x18 CMakeFiles/USB_HID_Sniffer.dir/C_/Users/ASUS/.pico-sdk/sdk/2.2.0/src/rp2_common/pico_double/double_aeabi_rp2040.S.obj
                0x100036f6                __wrap___aeabi_dcmpun
 *fill*         0x1000370e        0x2 
 .text.__wrap___aeabi_i2d
                0x10003710       0x38 CMakeFiles/USB_HID_Sniffer.dir/C_/Users/ASUS/.pico-sdk/sdk/2.2.0/src/rp2_common/pico_double/double_aeabi_rp2040.S.obj
                0x10003710                uint2double
                0x10003710                __wrap___aeabi_ui2d
                0x10003718                int2double
                0x10003718                __wrap___aeabi_i2d
 .text.__wrap___aeabi_d2iz
                0x10003748       0x48 CMakeFiles/USB_HID_Sniffer.dir/C_/Users/ASUS/.pico-sdk/sdk/2.2.0/src/rp2_common/pico_double/double_aeabi_rp2040.S.obj
                0x10003748                double2int_z
                0x10003748                __wrap___aeabi_d2iz
 .text.__wrap___aeabi_d2uiz
                0x10003790       0x18 CMakeFiles/USB_HID_Sniffer.dir/C_/Users/ASUS/.pico-sdk/sdk/2.2.0/src/rp2_common/pico_double/double_aeabi_rp2040.S.obj
                0x10003790                double2uint
                0x10003790                __wrap___aeabi_d2uiz
                0x10003790                double2uint_z
 .text.__aeabi_double_init
                0x100037a8       0xa4 CMakeFiles/USB_HID_Sniffer.dir/C_/Users/ASUS/.pico-sdk/sdk/2.2.0/src/rp2_common/pico_double/double_init_rom_rp2040.c.obj
                0x100037a8                __aeabi_double_init
 .text.double_table_shim_on_use_helper
                0x1000384c       0x2c CMakeFiles/USB_HID_Sniffer.dir/C_/Users/ASUS/.pico-sdk/sdk/2.2.0/src/rp2_common/pico_double/double_v1_rom_shim_rp2040.S.obj
                0x1000384c                double_table_shim_on_use_helper
 .text.__wrap___aeabi_dsub
                0x10003878       0x10 CMakeFiles/USB_HID_Sniffer.dir/C_/Users/ASUS/.pico-sdk/sdk/2.2.0/src/rp2_common/pico_double/double_v1_rom_shim_rp2040.S.obj
                0x10003878                drsub_shim
                0x1000387e                dsub_shim
 .text.dadd_shim
                0x10003888      0x15c CMakeFiles/USB_HID_Sniffer.dir/C_/Users/ASUS/.pico-sdk/sdk/2.2.0/src/rp2_common/pico_double/double_v1_rom_shim_rp2040.S.obj
                0x10003888                dadd_shim
 .text.dmul_shim
                0x100039e4      0x15c CMakeFiles/USB_HID_Sniffer.dir/C_/Users/ASUS/.pico-sdk/sdk/2.2.0/src/rp2_common/pico_double/double_v1_rom_shim_rp2040.S.obj
                0x100039e4                dmul_shim
 .text.ddiv_shim
                0x10003b40      0x1b0 CMakeFiles/USB_HID_Sniffer.dir/C_/Users/ASUS/.pico-sdk/sdk/2.2.0/src/rp2_common/pico_double/double_v1_rom_shim_rp2040.S.obj
                0x10003b40                ddiv_shim
 .text.double2uint_shim
                0x10003cf0        0xe CMakeFiles/USB_HID_Sniffer.dir/C_/Users/ASUS/.pico-sdk/sdk/2.2.0/src/rp2_common/pico_double/double_v1_rom_shim_rp2040.S.obj
                0x10003cf0                double2uint_shim
                0x10003cf2                double2ufix_shim
 *fill*         0x10003cfe        0x2 
 .text.double2uint64_shim
                0x10003d00       0x70 CMakeFiles/USB_HID_Sniffer.dir/C_/Users/ASUS/.pico-sdk/sdk/2.2.0/src/rp2_common/pico_double/double_v1_rom_shim_rp2040.S.obj
                0x10003d00                double2uint64_shim
                0x10003d02                double2ufix64_shim
                0x10003d22                d2fix_a
 .text.dunpacks
                0x10003d70       0x3c CMakeFiles/USB_HID_Sniffer.dir/C_/Users/ASUS/.pico-sdk/sdk/2.2.0/src/rp2_common/pico_double/double_v1_rom_shim_rp2040.S.obj
                0x10003d70                dunpacks
 .text.__aeabi_lmul
                0x10003dac       0x32 CMakeFiles/USB_HID_Sniffer.dir/C_/Users/ASUS/.pico-sdk/sdk/2.2.0/src/rp2_common/pico_int64_ops/pico_int64_ops_aeabi.S.obj
                0x10003dac                __wrap___aeabi_lmul
 *fill*         0x10003dde        0x2 
 .text.__wrap___aeabi_farithmetic
                0x10003de0       0x48 CMakeFiles/USB_HID_Sniffer.dir/C_/Users/ASUS/.pico-sdk/sdk/2.2.0/src/rp2_common/pico_float/float_aeabi_rp2040.S.obj
                0x10003de0                __wrap___aeabi_frsub
                0x10003de6                __wrap___aeabi_fsub
                0x10003dec                __wrap___aeabi_fadd
                0x10003df2                __wrap___aeabi_fdiv
                0x10003e1a                __wrap___aeabi_fmul
 .text.__wrap___aeabi_ui2f
                0x10003e28        0xa CMakeFiles/USB_HID_Sniffer.dir/C_/Users/ASUS/.pico-sdk/sdk/2.2.0/src/rp2_common/pico_float/float_aeabi_rp2040.S.obj
                0x10003e28                __wrap___aeabi_ui2f
                0x10003e28                uint2float
 *fill*         0x10003e32        0x2 
 .text.__wrap___aeabi_i2f
                0x10003e34       0x44 CMakeFiles/USB_HID_Sniffer.dir/C_/Users/ASUS/.pico-sdk/sdk/2.2.0/src/rp2_common/pico_float/float_aeabi_rp2040.S.obj
                0x10003e34                __wrap___aeabi_i2f
                0x10003e34                int2float
 .text.__wrap___aeabi_f2uiz
                0x10003e78        0xc CMakeFiles/USB_HID_Sniffer.dir/C_/Users/ASUS/.pico-sdk/sdk/2.2.0/src/rp2_common/pico_float/float_aeabi_rp2040.S.obj
                0x10003e78                float2uint_z
                0x10003e78                __wrap___aeabi_f2uiz
                0x10003e78                float2uint
 .text.__aeabi_float_init
                0x10003e84       0x64 CMakeFiles/USB_HID_Sniffer.dir/C_/Users/ASUS/.pico-sdk/sdk/2.2.0/src/rp2_common/pico_float/float_init_rom_rp2040.c.obj
                0x10003e84                __aeabi_float_init
 .text.float_table_shim_on_use_helper
                0x10003ee8       0x2c CMakeFiles/USB_HID_Sniffer.dir/C_/Users/ASUS/.pico-sdk/sdk/2.2.0/src/rp2_common/pico_float/float_v1_rom_shim_rp2040.S.obj
                0x10003ee8                float_table_shim_on_use_helper
 .text.__wrap_malloc
                0x10003f14       0x3c CMakeFiles/USB_HID_Sniffer.dir/C_/Users/ASUS/.pico-sdk/sdk/2.2.0/src/rp2_common/pico_malloc/malloc.c.obj
                0x10003f14                __wrap_malloc
 .text.__wrap_calloc
                0x10003f50       0x44 CMakeFiles/USB_HID_Sniffer.dir/C_/Users/ASUS/.pico-sdk/sdk/2.2.0/src/rp2_common/pico_malloc/malloc.c.obj
                0x10003f50                __wrap_calloc
 .text          0x10003f94       0x10 CMakeFiles/USB_HID_Sniffer.dir/C_/Users/ASUS/.pico-sdk/sdk/2.2.0/src/rp2_common/pico_mem_ops/mem_ops_aeabi.S.obj
                0x10003f94                __aeabi_mem_init
 .text.memset   0x10003fa4        0xc CMakeFiles/USB_HID_Sniffer.dir/C_/Users/ASUS/.pico-sdk/sdk/2.2.0/src/rp2_common/pico_mem_ops/mem_ops_aeabi.S.obj
                0x10003fa4                __wrap_memset
 .text.memcpy   0x10003fb0        0xc CMakeFiles/USB_HID_Sniffer.dir/C_/Users/ASUS/.pico-sdk/sdk/2.2.0/src/rp2_common/pico_mem_ops/mem_ops_aeabi.S.obj
                0x10003fb0                __wrap_memcpy
                0x10003fb0                __wrap___aeabi_memcpy
 .text._out_buffer
                0x10003fbc        0x8 CMakeFiles/USB_HID_Sniffer.dir/C_/Users/ASUS/.pico-sdk/sdk/2.2.0/src/rp2_common/pico_printf/printf.c.obj
 .text._out_null
                0x10003fc4        0x4 CMakeFiles/USB_HID_Sniffer.dir/C_/Users/ASUS/.pico-sdk/sdk/2.2.0/src/rp2_common/pico_printf/printf.c.obj
 .text._out_rev
                0x10003fc8       0xac CMakeFiles/USB_HID_Sniffer.dir/C_/Users/ASUS/.pico-sdk/sdk/2.2.0/src/rp2_common/pico_printf/printf.c.obj
 .text._ntoa_format
                0x10004074      0x1cc CMakeFiles/USB_HID_Sniffer.dir/C_/Users/ASUS/.pico-sdk/sdk/2.2.0/src/rp2_common/pico_printf/printf.c.obj
 .text._out_char
                0x10004240       0x10 CMakeFiles/USB_HID_Sniffer.dir/C_/Users/ASUS/.pico-sdk/sdk/2.2.0/src/rp2_common/pico_printf/printf.c.obj
 .text._out_fct
                0x10004250       0x10 CMakeFiles/USB_HID_Sniffer.dir/C_/Users/ASUS/.pico-sdk/sdk/2.2.0/src/rp2_common/pico_printf/printf.c.obj
 .text._ftoa    0x10004260      0x4a8 CMakeFiles/USB_HID_Sniffer.dir/C_/Users/ASUS/.pico-sdk/sdk/2.2.0/src/rp2_common/pico_printf/printf.c.obj
 .text._etoa    0x10004708      0x57c CMakeFiles/USB_HID_Sniffer.dir/C_/Users/ASUS/.pico-sdk/sdk/2.2.0/src/rp2_common/pico_printf/printf.c.obj
 .text._vsnprintf
                0x10004c84      0xbe0 CMakeFiles/USB_HID_Sniffer.dir/C_/Users/ASUS/.pico-sdk/sdk/2.2.0/src/rp2_common/pico_printf/printf.c.obj
 .text.__wrap_sprintf
                0x10005864       0x2c CMakeFiles/USB_HID_Sniffer.dir/C_/Users/ASUS/.pico-sdk/sdk/2.2.0/src/rp2_common/pico_printf/printf.c.obj
                0x10005864                __wrap_sprintf
 .text.vfctprintf
                0x10005890       0x24 CMakeFiles/USB_HID_Sniffer.dir/C_/Users/ASUS/.pico-sdk/sdk/2.2.0/src/rp2_common/pico_printf/printf.c.obj
                0x10005890                vfctprintf
 .text.weak_raw_vprintf
                0x100058b4       0x30 CMakeFiles/USB_HID_Sniffer.dir/C_/Users/ASUS/.pico-sdk/sdk/2.2.0/src/rp2_common/pico_printf/printf.c.obj
                0x100058b4                weak_raw_vprintf
 .text._exit    0x100058e4        0x4 CMakeFiles/USB_HID_Sniffer.dir/C_/Users/ASUS/.pico-sdk/sdk/2.2.0/src/rp2_common/pico_clib_interface/newlib_interface.c.obj
                0x100058e4                _exit
 .text._sbrk    0x100058e8       0x34 CMakeFiles/USB_HID_Sniffer.dir/C_/Users/ASUS/.pico-sdk/sdk/2.2.0/src/rp2_common/pico_clib_interface/newlib_interface.c.obj
                0x100058e8                _sbrk
 .text.exit     0x1000591c        0x8 CMakeFiles/USB_HID_Sniffer.dir/C_/Users/ASUS/.pico-sdk/sdk/2.2.0/src/rp2_common/pico_clib_interface/newlib_interface.c.obj
                0x1000591c                exit
 .text.runtime_init
                0x10005924       0x2c CMakeFiles/USB_HID_Sniffer.dir/C_/Users/ASUS/.pico-sdk/sdk/2.2.0/src/rp2_common/pico_clib_interface/newlib_interface.c.obj
                0x10005924                runtime_init
 .text.stdio_out_chars_no_crlf
                0x10005950       0x10 CMakeFiles/USB_HID_Sniffer.dir/C_/Users/ASUS/.pico-sdk/sdk/2.2.0/src/rp2_common/pico_stdio/stdio.c.obj
 .text.stdio_out_chars_crlf
                0x10005960       0xb0 CMakeFiles/USB_HID_Sniffer.dir/C_/Users/ASUS/.pico-sdk/sdk/2.2.0/src/rp2_common/pico_stdio/stdio.c.obj
 .text.stdio_buffered_printer
                0x10005a10       0x64 CMakeFiles/USB_HID_Sniffer.dir/C_/Users/ASUS/.pico-sdk/sdk/2.2.0/src/rp2_common/pico_stdio/stdio.c.obj
 .text.stdio_put_string
                0x10005a74       0xfc CMakeFiles/USB_HID_Sniffer.dir/C_/Users/ASUS/.pico-sdk/sdk/2.2.0/src/rp2_common/pico_stdio/stdio.c.obj
                0x10005a74                stdio_put_string
 .text.__wrap_putchar
                0x10005b70       0x94 CMakeFiles/USB_HID_Sniffer.dir/C_/Users/ASUS/.pico-sdk/sdk/2.2.0/src/rp2_common/pico_stdio/stdio.c.obj
                0x10005b70                __wrap_putchar
                0x10005b70                stdio_putchar
 .text.__wrap_puts
                0x10005c04       0x3c CMakeFiles/USB_HID_Sniffer.dir/C_/Users/ASUS/.pico-sdk/sdk/2.2.0/src/rp2_common/pico_stdio/stdio.c.obj
                0x10005c04                stdio_puts
                0x10005c04                __wrap_puts
 .text.__wrap_vprintf
                0x10005c40       0xcc CMakeFiles/USB_HID_Sniffer.dir/C_/Users/ASUS/.pico-sdk/sdk/2.2.0/src/rp2_common/pico_stdio/stdio.c.obj
                0x10005c40                stdio_vprintf
                0x10005c40                __wrap_vprintf
 .text.__wrap_printf
                0x10005d0c       0x18 CMakeFiles/USB_HID_Sniffer.dir/C_/Users/ASUS/.pico-sdk/sdk/2.2.0/src/rp2_common/pico_stdio/stdio.c.obj
                0x10005d0c                __wrap_printf
                0x10005d0c                stdio_printf
 .text.pio_usb_bus_init
                0x10005d24      0x198 CMakeFiles/USB_HID_Sniffer.dir/Pico-PIO-USB/src/pio_usb.c.obj
                0x10005d24                pio_usb_bus_init
 .text.pio_usb_host_add_port
                0x10005ebc      0x10c CMakeFiles/USB_HID_Sniffer.dir/Pico-PIO-USB/src/pio_usb.c.obj
                0x10005ebc                pio_usb_host_add_port
 .text.pio_usb_host_init
                0x10005fc8      0x1e8 CMakeFiles/USB_HID_Sniffer.dir/Pico-PIO-USB/src/pio_usb_host.c.obj
                0x10005fc8                pio_usb_host_init
 .text.pio_usb_host_port_reset_start
                0x100061b0       0x40 CMakeFiles/USB_HID_Sniffer.dir/Pico-PIO-USB/src/pio_usb_host.c.obj
                0x100061b0                pio_usb_host_port_reset_start
 .text.pio_usb_host_port_reset_end
                0x100061f0       0x48 CMakeFiles/USB_HID_Sniffer.dir/Pico-PIO-USB/src/pio_usb_host.c.obj
                0x100061f0                pio_usb_host_port_reset_end
 .text.pio_usb_host_close_device
                0x10006238       0x38 CMakeFiles/USB_HID_Sniffer.dir/Pico-PIO-USB/src/pio_usb_host.c.obj
                0x10006238                pio_usb_host_close_device
 .text.pio_usb_host_endpoint_open
                0x10006270       0xb8 CMakeFiles/USB_HID_Sniffer.dir/Pico-PIO-USB/src/pio_usb_host.c.obj
                0x10006270                pio_usb_host_endpoint_open
 .text.pio_usb_host_send_setup
                0x10006328       0x60 CMakeFiles/USB_HID_Sniffer.dir/Pico-PIO-USB/src/pio_usb_host.c.obj
                0x10006328                pio_usb_host_send_setup
 .text.pio_usb_host_endpoint_transfer
                0x10006388       0x90 CMakeFiles/USB_HID_Sniffer.dir/Pico-PIO-USB/src/pio_usb_host.c.obj
                0x10006388                pio_usb_host_endpoint_transfer
 .text.pio_usb_host_endpoint_abort_transfer
                0x10006418       0xb4 CMakeFiles/USB_HID_Sniffer.dir/Pico-PIO-USB/src/pio_usb_host.c.obj
                0x10006418                pio_usb_host_endpoint_abort_transfer
 .text.calc_usb_crc16
                0x100064cc       0x34 CMakeFiles/USB_HID_Sniffer.dir/Pico-PIO-USB/src/usb_crc.c.obj
                0x100064cc                calc_usb_crc16
 .text.core1_trampoline
                0x10006500        0x4 CMakeFiles/USB_HID_Sniffer.dir/C_/Users/ASUS/.pico-sdk/sdk/2.2.0/src/rp2_common/pico_multicore/multicore.c.obj
 .text.core1_wrapper
                0x10006504        0xc CMakeFiles/USB_HID_Sniffer.dir/C_/Users/ASUS/.pico-sdk/sdk/2.2.0/src/rp2_common/pico_multicore/multicore.c.obj
                0x10006504                core1_wrapper
 .text.multicore_reset_core1
                0x10006510       0x60 CMakeFiles/USB_HID_Sniffer.dir/C_/Users/ASUS/.pico-sdk/sdk/2.2.0/src/rp2_common/pico_multicore/multicore.c.obj
                0x10006510                multicore_reset_core1
 .text.multicore_launch_core1_raw
                0x10006570       0x8c CMakeFiles/USB_HID_Sniffer.dir/C_/Users/ASUS/.pico-sdk/sdk/2.2.0/src/rp2_common/pico_multicore/multicore.c.obj
                0x10006570                multicore_launch_core1_raw
 .text.multicore_launch_core1
                0x100065fc       0x58 CMakeFiles/USB_HID_Sniffer.dir/C_/Users/ASUS/.pico-sdk/sdk/2.2.0/src/rp2_common/pico_multicore/multicore.c.obj
                0x100065fc                multicore_launch_core1
 .text.pio_sm_claim
                0x10006654       0x30 CMakeFiles/USB_HID_Sniffer.dir/C_/Users/ASUS/.pico-sdk/sdk/2.2.0/src/rp2_common/hardware_pio/pio.c.obj
                0x10006654                pio_sm_claim
 .text.pio_add_program
                0x10006684       0xf8 CMakeFiles/USB_HID_Sniffer.dir/C_/Users/ASUS/.pico-sdk/sdk/2.2.0/src/rp2_common/hardware_pio/pio.c.obj
                0x10006684                pio_add_program
 .text.pio_add_program_at_offset
                0x1000677c       0xb0 CMakeFiles/USB_HID_Sniffer.dir/C_/Users/ASUS/.pico-sdk/sdk/2.2.0/src/rp2_common/hardware_pio/pio.c.obj
                0x1000677c                pio_add_program_at_offset
 .text.pio_sm_set_pins_with_mask64
                0x1000682c       0xa8 CMakeFiles/USB_HID_Sniffer.dir/C_/Users/ASUS/.pico-sdk/sdk/2.2.0/src/rp2_common/hardware_pio/pio.c.obj
                0x1000682c                pio_sm_set_pins_with_mask64
 .text.pio_sm_set_pindirs_with_mask64
                0x100068d4       0xac CMakeFiles/USB_HID_Sniffer.dir/C_/Users/ASUS/.pico-sdk/sdk/2.2.0/src/rp2_common/hardware_pio/pio.c.obj
                0x100068d4                pio_sm_set_pindirs_with_mask64
 .text.pio_sm_set_consecutive_pindirs
                0x10006980       0xb4 CMakeFiles/USB_HID_Sniffer.dir/C_/Users/ASUS/.pico-sdk/sdk/2.2.0/src/rp2_common/hardware_pio/pio.c.obj
                0x10006980                pio_sm_set_consecutive_pindirs
 .text.pio_sm_init
                0x10006a34       0x9c CMakeFiles/USB_HID_Sniffer.dir/C_/Users/ASUS/.pico-sdk/sdk/2.2.0/src/rp2_common/hardware_pio/pio.c.obj
                0x10006a34                pio_sm_init
 .text.dma_claim_mask
                0x10006ad0       0x44 CMakeFiles/USB_HID_Sniffer.dir/C_/Users/ASUS/.pico-sdk/sdk/2.2.0/src/rp2_common/hardware_dma/dma.c.obj
                0x10006ad0                dma_claim_mask
 .text.dcd_init
                0x10006b14       0x90 CMakeFiles/USB_HID_Sniffer.dir/C_/Users/ASUS/.pico-sdk/sdk/2.2.0/lib/tinyusb/src/portable/raspberrypi/rp2040/dcd_rp2040.c.obj
                0x10006b14                dcd_init
 .text.dcd_int_enable
                0x10006ba4        0xc CMakeFiles/USB_HID_Sniffer.dir/C_/Users/ASUS/.pico-sdk/sdk/2.2.0/lib/tinyusb/src/portable/raspberrypi/rp2040/dcd_rp2040.c.obj
                0x10006ba4                dcd_int_enable
 .text.dcd_set_address
                0x10006bb0       0x14 CMakeFiles/USB_HID_Sniffer.dir/C_/Users/ASUS/.pico-sdk/sdk/2.2.0/lib/tinyusb/src/portable/raspberrypi/rp2040/dcd_rp2040.c.obj
                0x10006bb0                dcd_set_address
 .text.dcd_sof_enable
                0x10006bc4       0x1c CMakeFiles/USB_HID_Sniffer.dir/C_/Users/ASUS/.pico-sdk/sdk/2.2.0/lib/tinyusb/src/portable/raspberrypi/rp2040/dcd_rp2040.c.obj
                0x10006bc4                dcd_sof_enable
 .text.dcd_edpt0_status_complete
                0x10006be0       0x1c CMakeFiles/USB_HID_Sniffer.dir/C_/Users/ASUS/.pico-sdk/sdk/2.2.0/lib/tinyusb/src/portable/raspberrypi/rp2040/dcd_rp2040.c.obj
                0x10006be0                dcd_edpt0_status_complete
 .text.dcd_edpt_open
                0x10006bfc      0x114 CMakeFiles/USB_HID_Sniffer.dir/C_/Users/ASUS/.pico-sdk/sdk/2.2.0/lib/tinyusb/src/portable/raspberrypi/rp2040/dcd_rp2040.c.obj
                0x10006bfc                dcd_edpt_open
 .text.dcd_edpt_close_all
                0x10006d10        0x8 CMakeFiles/USB_HID_Sniffer.dir/C_/Users/ASUS/.pico-sdk/sdk/2.2.0/lib/tinyusb/src/portable/raspberrypi/rp2040/dcd_rp2040.c.obj
                0x10006d10                dcd_edpt_close_all
 .text.dcd_edpt_xfer
                0x10006d18       0x24 CMakeFiles/USB_HID_Sniffer.dir/C_/Users/ASUS/.pico-sdk/sdk/2.2.0/lib/tinyusb/src/portable/raspberrypi/rp2040/dcd_rp2040.c.obj
                0x10006d18                dcd_edpt_xfer
 .text.dcd_edpt_stall
                0x10006d3c       0x3c CMakeFiles/USB_HID_Sniffer.dir/C_/Users/ASUS/.pico-sdk/sdk/2.2.0/lib/tinyusb/src/portable/raspberrypi/rp2040/dcd_rp2040.c.obj
                0x10006d3c                dcd_edpt_stall
 .text.dcd_edpt_clear_stall
                0x10006d78       0x30 CMakeFiles/USB_HID_Sniffer.dir/C_/Users/ASUS/.pico-sdk/sdk/2.2.0/lib/tinyusb/src/portable/raspberrypi/rp2040/dcd_rp2040.c.obj
                0x10006d78                dcd_edpt_clear_stall
 .text.rp2040_usb_init
                0x10006da8       0x40 CMakeFiles/USB_HID_Sniffer.dir/C_/Users/ASUS/.pico-sdk/sdk/2.2.0/lib/tinyusb/src/portable/raspberrypi/rp2040/rp2040_usb.c.obj
                0x10006da8                rp2040_usb_init
 .text.hw_endpoint_xfer_start
                0x10006de8       0x40 CMakeFiles/USB_HID_Sniffer.dir/C_/Users/ASUS/.pico-sdk/sdk/2.2.0/lib/tinyusb/src/portable/raspberrypi/rp2040/rp2040_usb.c.obj
                0x10006de8                hw_endpoint_xfer_start
 .text.tud_vendor_control_xfer_cb
                0x10006e28        0x4 CMakeFiles/USB_HID_Sniffer.dir/C_/Users/ASUS/.pico-sdk/sdk/2.2.0/lib/tinyusb/src/device/usbd.c.obj
                0x10006e28                tud_vendor_control_xfer_cb
 .text.tud_event_hook_cb
                0x10006e2c        0x4 CMakeFiles/USB_HID_Sniffer.dir/C_/Users/ASUS/.pico-sdk/sdk/2.2.0/lib/tinyusb/src/device/usbd.c.obj
                0x10006e2c                tud_event_hook_cb
 .text.tud_sof_cb
                0x10006e30        0x4 CMakeFiles/USB_HID_Sniffer.dir/C_/Users/ASUS/.pico-sdk/sdk/2.2.0/lib/tinyusb/src/device/usbd.c.obj
                0x10006e30                tud_sof_cb
 .text.tud_descriptor_bos_cb
                0x10006e34        0x4 CMakeFiles/USB_HID_Sniffer.dir/C_/Users/ASUS/.pico-sdk/sdk/2.2.0/lib/tinyusb/src/device/usbd.c.obj
                0x10006e34                tud_descriptor_bos_cb
 .text.tud_descriptor_device_qualifier_cb
                0x10006e38        0x4 CMakeFiles/USB_HID_Sniffer.dir/C_/Users/ASUS/.pico-sdk/sdk/2.2.0/lib/tinyusb/src/device/usbd.c.obj
                0x10006e38                tud_descriptor_device_qualifier_cb
 .text.tud_descriptor_other_speed_configuration_cb
                0x10006e3c        0x4 CMakeFiles/USB_HID_Sniffer.dir/C_/Users/ASUS/.pico-sdk/sdk/2.2.0/lib/tinyusb/src/device/usbd.c.obj
                0x10006e3c                tud_descriptor_other_speed_configuration_cb
 .text.tud_mount_cb
                0x10006e40        0x4 CMakeFiles/USB_HID_Sniffer.dir/C_/Users/ASUS/.pico-sdk/sdk/2.2.0/lib/tinyusb/src/device/usbd.c.obj
                0x10006e40                tud_mount_cb
 .text.tud_umount_cb
                0x10006e44        0x4 CMakeFiles/USB_HID_Sniffer.dir/C_/Users/ASUS/.pico-sdk/sdk/2.2.0/lib/tinyusb/src/device/usbd.c.obj
                0x10006e44                tud_umount_cb
 .text.tud_suspend_cb
                0x10006e48        0x4 CMakeFiles/USB_HID_Sniffer.dir/C_/Users/ASUS/.pico-sdk/sdk/2.2.0/lib/tinyusb/src/device/usbd.c.obj
                0x10006e48                tud_suspend_cb
 .text.tud_resume_cb
                0x10006e4c        0x4 CMakeFiles/USB_HID_Sniffer.dir/C_/Users/ASUS/.pico-sdk/sdk/2.2.0/lib/tinyusb/src/device/usbd.c.obj
                0x10006e4c                tud_resume_cb
 .text.tud_mounted
                0x10006e50       0x10 CMakeFiles/USB_HID_Sniffer.dir/C_/Users/ASUS/.pico-sdk/sdk/2.2.0/lib/tinyusb/src/device/usbd.c.obj
                0x10006e50                tud_mounted
 .text.tud_suspended
                0x10006e60       0x10 CMakeFiles/USB_HID_Sniffer.dir/C_/Users/ASUS/.pico-sdk/sdk/2.2.0/lib/tinyusb/src/device/usbd.c.obj
                0x10006e60                tud_suspended
 .text.tud_rhport_init
                0x10006e70       0xf4 CMakeFiles/USB_HID_Sniffer.dir/C_/Users/ASUS/.pico-sdk/sdk/2.2.0/lib/tinyusb/src/device/usbd.c.obj
                0x10006e70                tud_rhport_init
 .text.tud_task_ext
                0x10006f64      0x800 CMakeFiles/USB_HID_Sniffer.dir/C_/Users/ASUS/.pico-sdk/sdk/2.2.0/lib/tinyusb/src/device/usbd.c.obj
                0x10006f64                tud_task_ext
 .text.usbd_open_edpt_pair
                0x10007764       0x9c CMakeFiles/USB_HID_Sniffer.dir/C_/Users/ASUS/.pico-sdk/sdk/2.2.0/lib/tinyusb/src/device/usbd.c.obj
                0x10007764                usbd_open_edpt_pair
 .text.usbd_edpt_open
                0x10007800       0x34 CMakeFiles/USB_HID_Sniffer.dir/C_/Users/ASUS/.pico-sdk/sdk/2.2.0/lib/tinyusb/src/device/usbd.c.obj
                0x10007800                usbd_edpt_open
 .text.usbd_edpt_claim
                0x10007834       0x28 CMakeFiles/USB_HID_Sniffer.dir/C_/Users/ASUS/.pico-sdk/sdk/2.2.0/lib/tinyusb/src/device/usbd.c.obj
                0x10007834                usbd_edpt_claim
 .text.usbd_edpt_release
                0x1000785c       0x28 CMakeFiles/USB_HID_Sniffer.dir/C_/Users/ASUS/.pico-sdk/sdk/2.2.0/lib/tinyusb/src/device/usbd.c.obj
                0x1000785c                usbd_edpt_release
 .text.usbd_edpt_xfer
                0x10007884       0x4c CMakeFiles/USB_HID_Sniffer.dir/C_/Users/ASUS/.pico-sdk/sdk/2.2.0/lib/tinyusb/src/device/usbd.c.obj
                0x10007884                usbd_edpt_xfer
 .text.tud_control_status
                0x100078d0       0x2c CMakeFiles/USB_HID_Sniffer.dir/C_/Users/ASUS/.pico-sdk/sdk/2.2.0/lib/tinyusb/src/device/usbd_control.c.obj
                0x100078d0                tud_control_status
 .text.tud_control_xfer
                0x100078fc       0xa8 CMakeFiles/USB_HID_Sniffer.dir/C_/Users/ASUS/.pico-sdk/sdk/2.2.0/lib/tinyusb/src/device/usbd_control.c.obj
                0x100078fc                tud_control_xfer
 .text.usbd_control_reset
                0x100079a4       0x14 CMakeFiles/USB_HID_Sniffer.dir/C_/Users/ASUS/.pico-sdk/sdk/2.2.0/lib/tinyusb/src/device/usbd_control.c.obj
                0x100079a4                usbd_control_reset
 .text.usbd_control_set_complete_callback
                0x100079b8        0xc CMakeFiles/USB_HID_Sniffer.dir/C_/Users/ASUS/.pico-sdk/sdk/2.2.0/lib/tinyusb/src/device/usbd_control.c.obj
                0x100079b8                usbd_control_set_complete_callback
 .text.usbd_control_set_request
                0x100079c4       0x1c CMakeFiles/USB_HID_Sniffer.dir/C_/Users/ASUS/.pico-sdk/sdk/2.2.0/lib/tinyusb/src/device/usbd_control.c.obj
                0x100079c4                usbd_control_set_request
 .text.usbd_control_xfer_cb
                0x100079e0       0xec CMakeFiles/USB_HID_Sniffer.dir/C_/Users/ASUS/.pico-sdk/sdk/2.2.0/lib/tinyusb/src/device/usbd_control.c.obj
                0x100079e0                usbd_control_xfer_cb
 .text._prep_out_transaction.isra.0
                0x10007acc       0x70 CMakeFiles/USB_HID_Sniffer.dir/C_/Users/ASUS/.pico-sdk/sdk/2.2.0/lib/tinyusb/src/class/cdc/cdc_device.c.obj
 .text.tud_cdc_n_available
                0x10007b3c       0x1c CMakeFiles/USB_HID_Sniffer.dir/C_/Users/ASUS/.pico-sdk/sdk/2.2.0/lib/tinyusb/src/class/cdc/cdc_device.c.obj
                0x10007b3c                tud_cdc_n_available
 .text.tud_cdc_n_read
                0x10007b58       0x9c CMakeFiles/USB_HID_Sniffer.dir/C_/Users/ASUS/.pico-sdk/sdk/2.2.0/lib/tinyusb/src/class/cdc/cdc_device.c.obj
                0x10007b58                tud_cdc_n_read
 .text.tud_cdc_n_write_flush
                0x10007bf4       0x7c CMakeFiles/USB_HID_Sniffer.dir/C_/Users/ASUS/.pico-sdk/sdk/2.2.0/lib/tinyusb/src/class/cdc/cdc_device.c.obj
                0x10007bf4                tud_cdc_n_write_flush
 .text.tud_cdc_n_write
                0x10007c70       0x44 CMakeFiles/USB_HID_Sniffer.dir/C_/Users/ASUS/.pico-sdk/sdk/2.2.0/lib/tinyusb/src/class/cdc/cdc_device.c.obj
                0x10007c70                tud_cdc_n_write
 .text.cdcd_init
                0x10007cb4       0x7c CMakeFiles/USB_HID_Sniffer.dir/C_/Users/ASUS/.pico-sdk/sdk/2.2.0/lib/tinyusb/src/class/cdc/cdc_device.c.obj
                0x10007cb4                cdcd_init
 .text.cdcd_deinit
                0x10007d30       0x30 CMakeFiles/USB_HID_Sniffer.dir/C_/Users/ASUS/.pico-sdk/sdk/2.2.0/lib/tinyusb/src/class/cdc/cdc_device.c.obj
                0x10007d30                cdcd_deinit
 .text.cdcd_reset
                0x10007d60       0x4c CMakeFiles/USB_HID_Sniffer.dir/C_/Users/ASUS/.pico-sdk/sdk/2.2.0/lib/tinyusb/src/class/cdc/cdc_device.c.obj
                0x10007d60                cdcd_reset
 .text.cdcd_open
                0x10007dac       0xa4 CMakeFiles/USB_HID_Sniffer.dir/C_/Users/ASUS/.pico-sdk/sdk/2.2.0/lib/tinyusb/src/class/cdc/cdc_device.c.obj
                0x10007dac                cdcd_open
 .text.cdcd_control_xfer_cb
                0x10007e50       0xe8 CMakeFiles/USB_HID_Sniffer.dir/C_/Users/ASUS/.pico-sdk/sdk/2.2.0/lib/tinyusb/src/class/cdc/cdc_device.c.obj
                0x10007e50                cdcd_control_xfer_cb
 .text.cdcd_xfer_cb
                0x10007f38      0x100 CMakeFiles/USB_HID_Sniffer.dir/C_/Users/ASUS/.pico-sdk/sdk/2.2.0/lib/tinyusb/src/class/cdc/cdc_device.c.obj
                0x10007f38                cdcd_xfer_cb
 .text.tud_hid_set_protocol_cb
                0x10008038        0x4 CMakeFiles/USB_HID_Sniffer.dir/C_/Users/ASUS/.pico-sdk/sdk/2.2.0/lib/tinyusb/src/class/hid/hid_device.c.obj
                0x10008038                tud_hid_set_protocol_cb
 .text.tud_hid_set_idle_cb
                0x1000803c        0x4 CMakeFiles/USB_HID_Sniffer.dir/C_/Users/ASUS/.pico-sdk/sdk/2.2.0/lib/tinyusb/src/class/hid/hid_device.c.obj
                0x1000803c                tud_hid_set_idle_cb
 .text.tud_hid_report_failed_cb
                0x10008040        0x4 CMakeFiles/USB_HID_Sniffer.dir/C_/Users/ASUS/.pico-sdk/sdk/2.2.0/lib/tinyusb/src/class/hid/hid_device.c.obj
                0x10008040                tud_hid_report_failed_cb
 .text.tud_hid_n_keyboard_report
                0x10008044       0x84 CMakeFiles/USB_HID_Sniffer.dir/C_/Users/ASUS/.pico-sdk/sdk/2.2.0/lib/tinyusb/src/class/hid/hid_device.c.obj
                0x10008044                tud_hid_n_keyboard_report
 .text.tud_hid_n_mouse_report
                0x100080c8       0x8c CMakeFiles/USB_HID_Sniffer.dir/C_/Users/ASUS/.pico-sdk/sdk/2.2.0/lib/tinyusb/src/class/hid/hid_device.c.obj
                0x100080c8                tud_hid_n_mouse_report
 .text.hidd_init
                0x10008154       0x14 CMakeFiles/USB_HID_Sniffer.dir/C_/Users/ASUS/.pico-sdk/sdk/2.2.0/lib/tinyusb/src/class/hid/hid_device.c.obj
                0x10008154                hidd_init
 .text.hidd_deinit
                0x10008168        0x4 CMakeFiles/USB_HID_Sniffer.dir/C_/Users/ASUS/.pico-sdk/sdk/2.2.0/lib/tinyusb/src/class/hid/hid_device.c.obj
                0x10008168                hidd_deinit
 .text.hidd_reset
                0x1000816c       0x14 CMakeFiles/USB_HID_Sniffer.dir/C_/Users/ASUS/.pico-sdk/sdk/2.2.0/lib/tinyusb/src/class/hid/hid_device.c.obj
                0x1000816c                hidd_reset
 .text.hidd_open
                0x10008180       0x8c CMakeFiles/USB_HID_Sniffer.dir/C_/Users/ASUS/.pico-sdk/sdk/2.2.0/lib/tinyusb/src/class/hid/hid_device.c.obj
                0x10008180                hidd_open
 .text.hidd_control_xfer_cb
                0x1000820c      0x198 CMakeFiles/USB_HID_Sniffer.dir/C_/Users/ASUS/.pico-sdk/sdk/2.2.0/lib/tinyusb/src/class/hid/hid_device.c.obj
                0x1000820c                hidd_control_xfer_cb
 .text.hidd_xfer_cb
                0x100083a4       0x7c CMakeFiles/USB_HID_Sniffer.dir/C_/Users/ASUS/.pico-sdk/sdk/2.2.0/lib/tinyusb/src/class/hid/hid_device.c.obj
                0x100083a4                hidd_xfer_cb
 .text.tusb_time_delay_ms_api
                0x10008420        0x8 CMakeFiles/USB_HID_Sniffer.dir/C_/Users/ASUS/.pico-sdk/sdk/2.2.0/lib/tinyusb/src/tusb.c.obj
                0x10008420                tusb_time_delay_ms_api
 .text.tu_edpt_claim
                0x10008428       0x50 CMakeFiles/USB_HID_Sniffer.dir/C_/Users/ASUS/.pico-sdk/sdk/2.2.0/lib/tinyusb/src/tusb.c.obj
                0x10008428                tu_edpt_claim
 .text.tu_edpt_release
                0x10008478       0x38 CMakeFiles/USB_HID_Sniffer.dir/C_/Users/ASUS/.pico-sdk/sdk/2.2.0/lib/tinyusb/src/tusb.c.obj
                0x10008478                tu_edpt_release
 .text.tu_edpt_validate
                0x100084b0       0x7c CMakeFiles/USB_HID_Sniffer.dir/C_/Users/ASUS/.pico-sdk/sdk/2.2.0/lib/tinyusb/src/tusb.c.obj
                0x100084b0                tu_edpt_validate
 .text.tu_edpt_bind_driver
                0x1000852c       0x34 CMakeFiles/USB_HID_Sniffer.dir/C_/Users/ASUS/.pico-sdk/sdk/2.2.0/lib/tinyusb/src/tusb.c.obj
                0x1000852c                tu_edpt_bind_driver
 .text.tu_desc_get_interface_total_len
                0x10008560       0x50 CMakeFiles/USB_HID_Sniffer.dir/C_/Users/ASUS/.pico-sdk/sdk/2.2.0/lib/tinyusb/src/tusb.c.obj
                0x10008560                tu_desc_get_interface_total_len
 .text.tu_fifo_config
                0x100085b0       0x6c CMakeFiles/USB_HID_Sniffer.dir/C_/Users/ASUS/.pico-sdk/sdk/2.2.0/lib/tinyusb/src/common/tusb_fifo.c.obj
                0x100085b0                tu_fifo_config
 .text.tu_fifo_count
                0x1000861c       0x2c CMakeFiles/USB_HID_Sniffer.dir/C_/Users/ASUS/.pico-sdk/sdk/2.2.0/lib/tinyusb/src/common/tusb_fifo.c.obj
                0x1000861c                tu_fifo_count
 .text.tu_fifo_empty
                0x10008648       0x10 CMakeFiles/USB_HID_Sniffer.dir/C_/Users/ASUS/.pico-sdk/sdk/2.2.0/lib/tinyusb/src/common/tusb_fifo.c.obj
                0x10008648                tu_fifo_empty
 .text.tu_fifo_remaining
                0x10008658       0x2c CMakeFiles/USB_HID_Sniffer.dir/C_/Users/ASUS/.pico-sdk/sdk/2.2.0/lib/tinyusb/src/common/tusb_fifo.c.obj
                0x10008658                tu_fifo_remaining
 .text.tu_fifo_read
                0x10008684       0x9c CMakeFiles/USB_HID_Sniffer.dir/C_/Users/ASUS/.pico-sdk/sdk/2.2.0/lib/tinyusb/src/common/tusb_fifo.c.obj
                0x10008684                tu_fifo_read
 .text.tu_fifo_read_n
                0x10008720       0xe8 CMakeFiles/USB_HID_Sniffer.dir/C_/Users/ASUS/.pico-sdk/sdk/2.2.0/lib/tinyusb/src/common/tusb_fifo.c.obj
                0x10008720                tu_fifo_read_n
 .text.tu_fifo_write
                0x10008808       0xa4 CMakeFiles/USB_HID_Sniffer.dir/C_/Users/ASUS/.pico-sdk/sdk/2.2.0/lib/tinyusb/src/common/tusb_fifo.c.obj
                0x10008808                tu_fifo_write
 .text.tu_fifo_write_n
                0x100088ac      0x178 CMakeFiles/USB_HID_Sniffer.dir/C_/Users/ASUS/.pico-sdk/sdk/2.2.0/lib/tinyusb/src/common/tusb_fifo.c.obj
                0x100088ac                tu_fifo_write_n
 .text.tu_fifo_clear
                0x10008a24       0x40 CMakeFiles/USB_HID_Sniffer.dir/C_/Users/ASUS/.pico-sdk/sdk/2.2.0/lib/tinyusb/src/common/tusb_fifo.c.obj
                0x10008a24                tu_fifo_clear
 .text.tu_fifo_set_overwritable
                0x10008a64       0x48 CMakeFiles/USB_HID_Sniffer.dir/C_/Users/ASUS/.pico-sdk/sdk/2.2.0/lib/tinyusb/src/common/tusb_fifo.c.obj
                0x10008a64                tu_fifo_set_overwritable
 .text._control_blocking_complete_cb
                0x10008aac        0x8 CMakeFiles/USB_HID_Sniffer.dir/C_/Users/ASUS/.pico-sdk/sdk/2.2.0/lib/tinyusb/src/host/usbh.c.obj
 .text.process_removing_device
                0x10008ab4      0x160 CMakeFiles/USB_HID_Sniffer.dir/C_/Users/ASUS/.pico-sdk/sdk/2.2.0/lib/tinyusb/src/host/usbh.c.obj
 .text.usbh_control_xfer_cb.isra.0
                0x10008c14      0x23c CMakeFiles/USB_HID_Sniffer.dir/C_/Users/ASUS/.pico-sdk/sdk/2.2.0/lib/tinyusb/src/host/usbh.c.obj
 .text.tuh_event_hook_cb
                0x10008e50        0x4 CMakeFiles/USB_HID_Sniffer.dir/C_/Users/ASUS/.pico-sdk/sdk/2.2.0/lib/tinyusb/src/host/usbh.c.obj
                0x10008e50                tuh_event_hook_cb
 .text.tuh_vid_pid_get
                0x10008e54       0x38 CMakeFiles/USB_HID_Sniffer.dir/C_/Users/ASUS/.pico-sdk/sdk/2.2.0/lib/tinyusb/src/host/usbh.c.obj
                0x10008e54                tuh_vid_pid_get
 .text.tuh_configure
                0x10008e8c        0x8 CMakeFiles/USB_HID_Sniffer.dir/C_/Users/ASUS/.pico-sdk/sdk/2.2.0/lib/tinyusb/src/host/usbh.c.obj
                0x10008e8c                tuh_configure
 .text.tuh_rhport_init
                0x10008e94      0x13c CMakeFiles/USB_HID_Sniffer.dir/C_/Users/ASUS/.pico-sdk/sdk/2.2.0/lib/tinyusb/src/host/usbh.c.obj
                0x10008e94                tuh_rhport_init
 .text.tuh_control_xfer
                0x10008fd0      0x148 CMakeFiles/USB_HID_Sniffer.dir/C_/Users/ASUS/.pico-sdk/sdk/2.2.0/lib/tinyusb/src/host/usbh.c.obj
                0x10008fd0                tuh_control_xfer
 .text.enum_new_device.isra.0
                0x10009118       0xe4 CMakeFiles/USB_HID_Sniffer.dir/C_/Users/ASUS/.pico-sdk/sdk/2.2.0/lib/tinyusb/src/host/usbh.c.obj
 .text.tuh_task_ext.part.0
                0x100091fc      0x228 CMakeFiles/USB_HID_Sniffer.dir/C_/Users/ASUS/.pico-sdk/sdk/2.2.0/lib/tinyusb/src/host/usbh.c.obj
 .text.tuh_task_ext
                0x10009424       0x18 CMakeFiles/USB_HID_Sniffer.dir/C_/Users/ASUS/.pico-sdk/sdk/2.2.0/lib/tinyusb/src/host/usbh.c.obj
                0x10009424                tuh_task_ext
 .text.process_enumeration
                0x1000943c      0x634 CMakeFiles/USB_HID_Sniffer.dir/C_/Users/ASUS/.pico-sdk/sdk/2.2.0/lib/tinyusb/src/host/usbh.c.obj
 .text.usbh_get_rhport
                0x10009a70       0x20 CMakeFiles/USB_HID_Sniffer.dir/C_/Users/ASUS/.pico-sdk/sdk/2.2.0/lib/tinyusb/src/host/usbh.c.obj
                0x10009a70                usbh_get_rhport
 .text.usbh_get_enum_buf
                0x10009a90        0x8 CMakeFiles/USB_HID_Sniffer.dir/C_/Users/ASUS/.pico-sdk/sdk/2.2.0/lib/tinyusb/src/host/usbh.c.obj
                0x10009a90                usbh_get_enum_buf
 .text.usbh_edpt_claim
                0x10009a98       0x48 CMakeFiles/USB_HID_Sniffer.dir/C_/Users/ASUS/.pico-sdk/sdk/2.2.0/lib/tinyusb/src/host/usbh.c.obj
                0x10009a98                usbh_edpt_claim
 .text.usbh_edpt_release
                0x10009ae0       0x48 CMakeFiles/USB_HID_Sniffer.dir/C_/Users/ASUS/.pico-sdk/sdk/2.2.0/lib/tinyusb/src/host/usbh.c.obj
                0x10009ae0                usbh_edpt_release
 .text.usbh_edpt_xfer_with_callback
                0x10009b28       0x70 CMakeFiles/USB_HID_Sniffer.dir/C_/Users/ASUS/.pico-sdk/sdk/2.2.0/lib/tinyusb/src/host/usbh.c.obj
                0x10009b28                usbh_edpt_xfer_with_callback
 .text.tuh_edpt_open
                0x10009b98       0x50 CMakeFiles/USB_HID_Sniffer.dir/C_/Users/ASUS/.pico-sdk/sdk/2.2.0/lib/tinyusb/src/host/usbh.c.obj
                0x10009b98                tuh_edpt_open
 .text.hcd_devtree_get_info
                0x10009be8       0x40 CMakeFiles/USB_HID_Sniffer.dir/C_/Users/ASUS/.pico-sdk/sdk/2.2.0/lib/tinyusb/src/host/usbh.c.obj
                0x10009be8                hcd_devtree_get_info
 .text.tuh_descriptor_get_hid_report
                0x10009c28      0x160 CMakeFiles/USB_HID_Sniffer.dir/C_/Users/ASUS/.pico-sdk/sdk/2.2.0/lib/tinyusb/src/host/usbh.c.obj
                0x10009c28                tuh_descriptor_get_hid_report
 .text.usbh_driver_set_config_complete
                0x10009d88      0x19c CMakeFiles/USB_HID_Sniffer.dir/C_/Users/ASUS/.pico-sdk/sdk/2.2.0/lib/tinyusb/src/host/usbh.c.obj
                0x10009d88                usbh_driver_set_config_complete
 .text.connection_port_reset_complete
                0x10009f24       0x34 CMakeFiles/USB_HID_Sniffer.dir/C_/Users/ASUS/.pico-sdk/sdk/2.2.0/lib/tinyusb/src/host/hub.c.obj
 .text.hub_clear_feature_complete_stub
                0x10009f58       0x2c CMakeFiles/USB_HID_Sniffer.dir/C_/Users/ASUS/.pico-sdk/sdk/2.2.0/lib/tinyusb/src/host/hub.c.obj
 .text.config_set_port_power
                0x10009f84       0x54 CMakeFiles/USB_HID_Sniffer.dir/C_/Users/ASUS/.pico-sdk/sdk/2.2.0/lib/tinyusb/src/host/hub.c.obj
 .text.config_port_power_complete
                0x10009fd8       0x8c CMakeFiles/USB_HID_Sniffer.dir/C_/Users/ASUS/.pico-sdk/sdk/2.2.0/lib/tinyusb/src/host/hub.c.obj
 .text.connection_clear_conn_change_complete
                0x1000a064       0x90 CMakeFiles/USB_HID_Sniffer.dir/C_/Users/ASUS/.pico-sdk/sdk/2.2.0/lib/tinyusb/src/host/hub.c.obj
 .text.hub_get_status_complete
                0x1000a0f4       0x8c CMakeFiles/USB_HID_Sniffer.dir/C_/Users/ASUS/.pico-sdk/sdk/2.2.0/lib/tinyusb/src/host/hub.c.obj
 .text.hub_port_get_status_complete
                0x1000a180      0x168 CMakeFiles/USB_HID_Sniffer.dir/C_/Users/ASUS/.pico-sdk/sdk/2.2.0/lib/tinyusb/src/host/hub.c.obj
 .text.hub_port_clear_feature
                0x1000a2e8       0x48 CMakeFiles/USB_HID_Sniffer.dir/C_/Users/ASUS/.pico-sdk/sdk/2.2.0/lib/tinyusb/src/host/hub.c.obj
                0x1000a2e8                hub_port_clear_feature
 .text.hub_port_get_status
                0x1000a330       0x54 CMakeFiles/USB_HID_Sniffer.dir/C_/Users/ASUS/.pico-sdk/sdk/2.2.0/lib/tinyusb/src/host/hub.c.obj
                0x1000a330                hub_port_get_status
 .text.hub_init
                0x1000a384       0x14 CMakeFiles/USB_HID_Sniffer.dir/C_/Users/ASUS/.pico-sdk/sdk/2.2.0/lib/tinyusb/src/host/hub.c.obj
                0x1000a384                hub_init
 .text.hub_deinit
                0x1000a398        0x4 CMakeFiles/USB_HID_Sniffer.dir/C_/Users/ASUS/.pico-sdk/sdk/2.2.0/lib/tinyusb/src/host/hub.c.obj
                0x1000a398                hub_deinit
 .text.hub_open
                0x1000a39c       0x54 CMakeFiles/USB_HID_Sniffer.dir/C_/Users/ASUS/.pico-sdk/sdk/2.2.0/lib/tinyusb/src/host/hub.c.obj
                0x1000a39c                hub_open
 .text.hub_close
                0x1000a3f0       0x24 CMakeFiles/USB_HID_Sniffer.dir/C_/Users/ASUS/.pico-sdk/sdk/2.2.0/lib/tinyusb/src/host/hub.c.obj
                0x1000a3f0                hub_close
 .text.hub_edpt_status_xfer
                0x1000a414       0x28 CMakeFiles/USB_HID_Sniffer.dir/C_/Users/ASUS/.pico-sdk/sdk/2.2.0/lib/tinyusb/src/host/hub.c.obj
                0x1000a414                hub_edpt_status_xfer
 .text.hub_set_config
                0x1000a43c       0x54 CMakeFiles/USB_HID_Sniffer.dir/C_/Users/ASUS/.pico-sdk/sdk/2.2.0/lib/tinyusb/src/host/hub.c.obj
                0x1000a43c                hub_set_config
 .text.hub_xfer_cb
                0x1000a490      0x118 CMakeFiles/USB_HID_Sniffer.dir/C_/Users/ASUS/.pico-sdk/sdk/2.2.0/lib/tinyusb/src/host/hub.c.obj
                0x1000a490                hub_xfer_cb
 .text.process_set_config
                0x1000a5a8      0x23c CMakeFiles/USB_HID_Sniffer.dir/C_/Users/ASUS/.pico-sdk/sdk/2.2.0/lib/tinyusb/src/class/hid/hid_host.c.obj
 .text.tuh_hid_interface_protocol
                0x1000a7e4       0x2c CMakeFiles/USB_HID_Sniffer.dir/C_/Users/ASUS/.pico-sdk/sdk/2.2.0/lib/tinyusb/src/class/hid/hid_host.c.obj
                0x1000a7e4                tuh_hid_interface_protocol
 .text.tuh_hid_receive_report
                0x1000a810       0x5c CMakeFiles/USB_HID_Sniffer.dir/C_/Users/ASUS/.pico-sdk/sdk/2.2.0/lib/tinyusb/src/class/hid/hid_host.c.obj
                0x1000a810                tuh_hid_receive_report
 .text.hidh_init
                0x1000a86c       0x14 CMakeFiles/USB_HID_Sniffer.dir/C_/Users/ASUS/.pico-sdk/sdk/2.2.0/lib/tinyusb/src/class/hid/hid_host.c.obj
                0x1000a86c                hidh_init
 .text.hidh_deinit
                0x1000a880        0x4 CMakeFiles/USB_HID_Sniffer.dir/C_/Users/ASUS/.pico-sdk/sdk/2.2.0/lib/tinyusb/src/class/hid/hid_host.c.obj
                0x1000a880                hidh_deinit
 .text.hidh_xfer_cb
                0x1000a884      0x130 CMakeFiles/USB_HID_Sniffer.dir/C_/Users/ASUS/.pico-sdk/sdk/2.2.0/lib/tinyusb/src/class/hid/hid_host.c.obj
                0x1000a884                hidh_xfer_cb
 .text.hidh_close
                0x1000a9b4      0x160 CMakeFiles/USB_HID_Sniffer.dir/C_/Users/ASUS/.pico-sdk/sdk/2.2.0/lib/tinyusb/src/class/hid/hid_host.c.obj
                0x1000a9b4                hidh_close
 .text.hidh_open
                0x1000ab14      0x15c CMakeFiles/USB_HID_Sniffer.dir/C_/Users/ASUS/.pico-sdk/sdk/2.2.0/lib/tinyusb/src/class/hid/hid_host.c.obj
                0x1000ab14                hidh_open
 .text.hidh_set_config
                0x1000ac70       0xec CMakeFiles/USB_HID_Sniffer.dir/C_/Users/ASUS/.pico-sdk/sdk/2.2.0/lib/tinyusb/src/class/hid/hid_host.c.obj
                0x1000ac70                hidh_set_config
 .text.calloc   0x1000ad5c       0x18 C:/Users/ASUS/.pico-sdk/toolchain/14_2_Rel1/bin/../lib/gcc/arm-none-eabi/14.2.1/thumb/v6-m/nofp\libg.a(libc_a-calloc.o)
                0x1000ad5c                calloc
 .text._calloc_r
                0x1000ad74       0xa8 C:/Users/ASUS/.pico-sdk/toolchain/14_2_Rel1/bin/../lib/gcc/arm-none-eabi/14.2.1/thumb/v6-m/nofp\libg.a(libc_a-callocr.o)
                0x1000ad74                _calloc_r
 .text.malloc   0x1000ae1c       0x14 C:/Users/ASUS/.pico-sdk/toolchain/14_2_Rel1/bin/../lib/gcc/arm-none-eabi/14.2.1/thumb/v6-m/nofp\libg.a(libc_a-malloc.o)
                0x1000ae1c                malloc
 .text._malloc_r
                0x1000ae30      0x5cc C:/Users/ASUS/.pico-sdk/toolchain/14_2_Rel1/bin/../lib/gcc/arm-none-eabi/14.2.1/thumb/v6-m/nofp\libg.a(libc_a-mallocr.o)
                0x1000ae30                _malloc_r
 .text.__malloc_lock
                0x1000b3fc       0x10 C:/Users/ASUS/.pico-sdk/toolchain/14_2_Rel1/bin/../lib/gcc/arm-none-eabi/14.2.1/thumb/v6-m/nofp\libg.a(libc_a-mlock.o)
                0x1000b3fc                __malloc_lock
 .text.__malloc_unlock
                0x1000b40c       0x10 C:/Users/ASUS/.pico-sdk/toolchain/14_2_Rel1/bin/../lib/gcc/arm-none-eabi/14.2.1/thumb/v6-m/nofp\libg.a(libc_a-mlock.o)
                0x1000b40c                __malloc_unlock
 .text.memmove  0x1000b41c       0xc4 C:/Users/ASUS/.pico-sdk/toolchain/14_2_Rel1/bin/../lib/gcc/arm-none-eabi/14.2.1/thumb/v6-m/nofp\libg.a(libc_a-memmove.o)
                0x1000b41c                memmove
 .text._sbrk_r  0x1000b4e0       0x24 C:/Users/ASUS/.pico-sdk/toolchain/14_2_Rel1/bin/../lib/gcc/arm-none-eabi/14.2.1/thumb/v6-m/nofp\libg.a(libc_a-sbrkr.o)
                0x1000b4e0                _sbrk_r
 .text.__errno  0x1000b504        0xc C:/Users/ASUS/.pico-sdk/toolchain/14_2_Rel1/bin/../lib/gcc/arm-none-eabi/14.2.1/thumb/v6-m/nofp\libg.a(libc_a-errno.o)
                0x1000b504                __errno
 .text.__retarget_lock_acquire_recursive
                0x1000b510        0x4 C:/Users/ASUS/.pico-sdk/toolchain/14_2_Rel1/bin/../lib/gcc/arm-none-eabi/14.2.1/thumb/v6-m/nofp\libg.a(libc_a-lock.o)
                0x1000b510                __retarget_lock_acquire_recursive
 .text.__retarget_lock_release_recursive
                0x1000b514        0x4 C:/Users/ASUS/.pico-sdk/toolchain/14_2_Rel1/bin/../lib/gcc/arm-none-eabi/14.2.1/thumb/v6-m/nofp\libg.a(libc_a-lock.o)
                0x1000b514                __retarget_lock_release_recursive
 .text.sysconf  0x1000b518       0x1c C:/Users/ASUS/.pico-sdk/toolchain/14_2_Rel1/bin/../lib/gcc/arm-none-eabi/14.2.1/thumb/v6-m/nofp\libg.a(libc_a-sysconf.o)
                0x1000b518                sysconf
 .text.strlen   0x1000b534       0x5c C:/Users/ASUS/.pico-sdk/toolchain/14_2_Rel1/bin/../lib/gcc/arm-none-eabi/14.2.1/thumb/v6-m/nofp\libg.a(libc_a-strlen-stub.o)
                0x1000b534                strlen
 .text._malloc_trim_r
                0x1000b590       0xb4 C:/Users/ASUS/.pico-sdk/toolchain/14_2_Rel1/bin/../lib/gcc/arm-none-eabi/14.2.1/thumb/v6-m/nofp\libg.a(libc_a-freer.o)
                0x1000b590                _malloc_trim_r
 .text._free_r  0x1000b644      0x1f0 C:/Users/ASUS/.pico-sdk/toolchain/14_2_Rel1/bin/../lib/gcc/arm-none-eabi/14.2.1/thumb/v6-m/nofp\libg.a(libc_a-freer.o)
                0x1000b644                _free_r
 *(.fini)
 .fini          0x1000b834        0x4 C:/Users/ASUS/.pico-sdk/toolchain/14_2_Rel1/bin/../lib/gcc/arm-none-eabi/14.2.1/thumb/v6-m/nofp/crti.o
                0x1000b834                _fini
 .fini.__stub   0x1000b838      0x110 linker stubs
 *crtbegin.o(.ctors)
 *crtbegin?.o(.ctors)
 *(EXCLUDE_FILE(*crtend.o *crtend?.o) .ctors)
 *(SORT_BY_NAME(.ctors.*))
 *(.ctors)
 *crtbegin.o(.dtors)
 *crtbegin?.o(.dtors)
 *(EXCLUDE_FILE(*crtend.o *crtend?.o) .dtors)
 *(SORT_BY_NAME(.dtors.*))
 *(.dtors)
                0x1000b948                        . = ALIGN (0x4)
                0x1000b948                        PROVIDE (__preinit_array_start = .)
 *(SORT_BY_NAME(.preinit_array.*))
 .preinit_array.00100
                0x1000b948        0x4 CMakeFiles/USB_HID_Sniffer.dir/C_/Users/ASUS/.pico-sdk/sdk/2.2.0/src/rp2_common/pico_runtime_init/runtime_init.c.obj
                0x1000b948                __pre_init_runtime_init_early_resets
 .preinit_array.00101
                0x1000b94c        0x4 CMakeFiles/USB_HID_Sniffer.dir/C_/Users/ASUS/.pico-sdk/sdk/2.2.0/src/rp2_common/pico_runtime_init/runtime_init.c.obj
                0x1000b94c                __pre_init_runtime_init_usb_power_down
 .preinit_array.00275
                0x1000b950        0x4 CMakeFiles/USB_HID_Sniffer.dir/C_/Users/ASUS/.pico-sdk/sdk/2.2.0/src/rp2_common/pico_bit_ops/bit_ops_aeabi.S.obj
 .preinit_array.00300
                0x1000b954        0x4 CMakeFiles/USB_HID_Sniffer.dir/C_/Users/ASUS/.pico-sdk/sdk/2.2.0/src/rp2_common/pico_mem_ops/mem_ops_aeabi.S.obj
 .preinit_array.00350
                0x1000b958        0x4 CMakeFiles/USB_HID_Sniffer.dir/C_/Users/ASUS/.pico-sdk/sdk/2.2.0/src/rp2_common/pico_double/double_aeabi_rp2040.S.obj
 .preinit_array.00350
                0x1000b95c        0x4 CMakeFiles/USB_HID_Sniffer.dir/C_/Users/ASUS/.pico-sdk/sdk/2.2.0/src/rp2_common/pico_float/float_aeabi_rp2040.S.obj
 .preinit_array.00500
                0x1000b960        0x4 CMakeFiles/USB_HID_Sniffer.dir/C_/Users/ASUS/.pico-sdk/sdk/2.2.0/src/rp2_common/pico_runtime_init/runtime_init.c.obj
                0x1000b960                __pre_init_runtime_init_clocks
 .preinit_array.00600
                0x1000b964        0x4 CMakeFiles/USB_HID_Sniffer.dir/C_/Users/ASUS/.pico-sdk/sdk/2.2.0/src/rp2_common/pico_runtime_init/runtime_init.c.obj
                0x1000b964                __pre_init_runtime_init_post_clock_resets
 .preinit_array.00700
                0x1000b968        0x4 CMakeFiles/USB_HID_Sniffer.dir/C_/Users/ASUS/.pico-sdk/sdk/2.2.0/src/rp2_common/pico_runtime_init/runtime_init.c.obj
                0x1000b968                __pre_init_runtime_init_rp2040_gpio_ie_disable
 .preinit_array.01000
                0x1000b96c        0x4 CMakeFiles/USB_HID_Sniffer.dir/C_/Users/ASUS/.pico-sdk/sdk/2.2.0/src/rp2_common/pico_runtime_init/runtime_init.c.obj
                0x1000b96c                __pre_init_runtime_init_spin_locks_reset
 .preinit_array.01100
                0x1000b970        0x4 CMakeFiles/USB_HID_Sniffer.dir/C_/Users/ASUS/.pico-sdk/sdk/2.2.0/src/common/pico_sync/mutex.c.obj
                0x1000b970                __pre_init_runtime_init_mutex
 .preinit_array.10080
                0x1000b974        0x4 CMakeFiles/USB_HID_Sniffer.dir/C_/Users/ASUS/.pico-sdk/sdk/2.2.0/src/rp2_common/pico_runtime_init/runtime_init.c.obj
                0x1000b974                __pre_init_runtime_init_install_ram_vector_table
 .preinit_array.11000
                0x1000b978        0x4 CMakeFiles/USB_HID_Sniffer.dir/C_/Users/ASUS/.pico-sdk/sdk/2.2.0/src/common/pico_time/time.c.obj
                0x1000b978                __pre_init_runtime_init_default_alarm_pool
 .preinit_array.YYYYY
                0x1000b97c        0x4 CMakeFiles/USB_HID_Sniffer.dir/C_/Users/ASUS/.pico-sdk/sdk/2.2.0/src/rp2_common/pico_runtime/runtime.c.obj
                0x1000b97c                __pre_init_first_per_core_initializer
 .preinit_array.ZZZZZ.01200
                0x1000b980        0x4 CMakeFiles/USB_HID_Sniffer.dir/C_/Users/ASUS/.pico-sdk/sdk/2.2.0/src/rp2_common/hardware_irq/irq.c.obj
                0x1000b980                __pre_init_runtime_init_per_core_irq_priorities
 *(.preinit_array)
                0x1000b984                        PROVIDE (__preinit_array_end = .)
                0x1000b984                        . = ALIGN (0x4)
                0x1000b984                        PROVIDE (__init_array_start = .)
 *(SORT_BY_NAME(.init_array.*))
 *(.init_array)
 .init_array    0x1000b984        0x4 C:/Users/ASUS/.pico-sdk/toolchain/14_2_Rel1/bin/../lib/gcc/arm-none-eabi/14.2.1/thumb/v6-m/nofp/crtbegin.o
                0x1000b988                        PROVIDE (__init_array_end = .)
                0x1000b988                        . = ALIGN (0x4)
                [!provide]                        PROVIDE (__fini_array_start = .)
 *(SORT_BY_NAME(.fini_array.*))
 *(.fini_array)
                [!provide]                        PROVIDE (__fini_array_end = .)
 *(.eh_frame*)
 .eh_frame      0x1000b988        0x0 C:/Users/ASUS/.pico-sdk/toolchain/14_2_Rel1/bin/../lib/gcc/arm-none-eabi/14.2.1/thumb/v6-m/nofp/crtbegin.o
                0x1000b988                        . = ALIGN (0x4)

.glue_7         0x1000b988        0x0
 .glue_7        0x1000b988        0x0 linker stubs

.glue_7t        0x1000b988        0x0
 .glue_7t       0x1000b988        0x0 linker stubs

.vfp11_veneer   0x1000b988        0x0
 .vfp11_veneer  0x1000b988        0x0 linker stubs

.v4_bx          0x1000b988        0x0
 .v4_bx         0x1000b988        0x0 linker stubs

.iplt           0x1000b988        0x0
 .iplt          0x1000b988        0x0 C:/Users/ASUS/.pico-sdk/toolchain/14_2_Rel1/bin/../lib/gcc/arm-none-eabi/14.2.1/thumb/v6-m/nofp/crtbegin.o

.rodata         0x1000b988      0x870
 *(EXCLUDE_FILE(*libm.a: *libc.a:*lib_a-mem*.o *libgcc.a:) .rodata*)
 .rodata.main.str1.4
                0x1000b988      0x2e0 CMakeFiles/USB_HID_Sniffer.dir/main_device.c.obj
                                 0x32 (size before relaxing)
 .rodata.tuh_hid_mount_cb.str1.4
                0x1000bc68       0x53 CMakeFiles/USB_HID_Sniffer.dir/main_host.c.obj
 .rodata.tuh_hid_umount_cb.str1.4
                0x1000bc68       0x24 CMakeFiles/USB_HID_Sniffer.dir/main_host.c.obj
 .rodata.str1.4
                0x1000bc68       0x1a CMakeFiles/USB_HID_Sniffer.dir/main_host.c.obj
 .rodata        0x1000bc68       0x1c CMakeFiles/USB_HID_Sniffer.dir/main_host.c.obj
 .rodata.str1.4
                0x1000bc84       0x34 CMakeFiles/USB_HID_Sniffer.dir/usb_descriptors.c.obj
 .rodata.__compound_literal.0
                0x1000bc84        0x2 CMakeFiles/USB_HID_Sniffer.dir/usb_descriptors.c.obj
 *fill*         0x1000bc86        0x2 
 .rodata.desc_fs_configuration
                0x1000bc88       0x64 CMakeFiles/USB_HID_Sniffer.dir/usb_descriptors.c.obj
                0x1000bc88                desc_fs_configuration
 .rodata.desc_hid_report
                0x1000bcec       0x92 CMakeFiles/USB_HID_Sniffer.dir/usb_descriptors.c.obj
                0x1000bcec                desc_hid_report
 *fill*         0x1000bd7e        0x2 
 .rodata.desc_device
                0x1000bd80       0x12 CMakeFiles/USB_HID_Sniffer.dir/usb_descriptors.c.obj
                0x1000bd80                desc_device
 .rodata.modified_task.str1.4
                0x1000bd92       0x27 CMakeFiles/USB_HID_Sniffer.dir/AntiRecoil.c.obj
 .rodata.panic.str1.4
                0x1000bd92       0x12 CMakeFiles/USB_HID_Sniffer.dir/C_/Users/ASUS/.pico-sdk/sdk/2.2.0/src/rp2_common/pico_platform_panic/panic.c.obj
 .rodata.spin_lock_claim_unused.str1.4
                0x1000bd92       0x1b CMakeFiles/USB_HID_Sniffer.dir/C_/Users/ASUS/.pico-sdk/sdk/2.2.0/src/rp2_common/hardware_sync/sync.c.obj
 .rodata.timer_hardware_alarm_claim.str1.4
                0x1000bd92       0x22 CMakeFiles/USB_HID_Sniffer.dir/C_/Users/ASUS/.pico-sdk/sdk/2.2.0/src/rp2_common/hardware_timer/timer.c.obj
 .rodata.hard_assertion_failure.str1.4
                0x1000bd92        0xc CMakeFiles/USB_HID_Sniffer.dir/C_/Users/ASUS/.pico-sdk/sdk/2.2.0/src/rp2_common/pico_runtime/runtime.c.obj
 .rodata.__wrap_malloc.str1.4
                0x1000bd92        0xe CMakeFiles/USB_HID_Sniffer.dir/C_/Users/ASUS/.pico-sdk/sdk/2.2.0/src/rp2_common/pico_malloc/malloc.c.obj
 .rodata.str1.4
                0x1000bd92       0x44 CMakeFiles/USB_HID_Sniffer.dir/C_/Users/ASUS/.pico-sdk/sdk/2.2.0/src/rp2_common/pico_standard_binary_info/standard_binary_info.c.obj
 *fill*         0x1000bd92        0x2 
 .rodata.__bi_84
                0x1000bd94        0xc CMakeFiles/USB_HID_Sniffer.dir/C_/Users/ASUS/.pico-sdk/sdk/2.2.0/src/rp2_common/pico_standard_binary_info/standard_binary_info.c.obj
 .rodata.__bi_78
                0x1000bda0        0xc CMakeFiles/USB_HID_Sniffer.dir/C_/Users/ASUS/.pico-sdk/sdk/2.2.0/src/rp2_common/pico_standard_binary_info/standard_binary_info.c.obj
 .rodata.__bi_54
                0x1000bdac        0xc CMakeFiles/USB_HID_Sniffer.dir/C_/Users/ASUS/.pico-sdk/sdk/2.2.0/src/rp2_common/pico_standard_binary_info/standard_binary_info.c.obj
 .rodata.__bi_48
                0x1000bdb8        0xc CMakeFiles/USB_HID_Sniffer.dir/C_/Users/ASUS/.pico-sdk/sdk/2.2.0/src/rp2_common/pico_standard_binary_info/standard_binary_info.c.obj
 .rodata.__bi_42
                0x1000bdc4        0xc CMakeFiles/USB_HID_Sniffer.dir/C_/Users/ASUS/.pico-sdk/sdk/2.2.0/src/rp2_common/pico_standard_binary_info/standard_binary_info.c.obj
 .rodata.__bi_34
                0x1000bdd0        0xc CMakeFiles/USB_HID_Sniffer.dir/C_/Users/ASUS/.pico-sdk/sdk/2.2.0/src/rp2_common/pico_standard_binary_info/standard_binary_info.c.obj
 .rodata.__bi_26
                0x1000bddc        0xc CMakeFiles/USB_HID_Sniffer.dir/C_/Users/ASUS/.pico-sdk/sdk/2.2.0/src/rp2_common/pico_standard_binary_info/standard_binary_info.c.obj
 .rodata._ftoa.str1.4
                0x1000bde8       0x15 CMakeFiles/USB_HID_Sniffer.dir/C_/Users/ASUS/.pico-sdk/sdk/2.2.0/src/rp2_common/pico_printf/printf.c.obj
 .rodata._vsnprintf
                0x1000bde8      0x19c CMakeFiles/USB_HID_Sniffer.dir/C_/Users/ASUS/.pico-sdk/sdk/2.2.0/src/rp2_common/pico_printf/printf.c.obj
 *fill*         0x1000bf84        0x4 
 .rodata.pow10.0
                0x1000bf88       0x50 CMakeFiles/USB_HID_Sniffer.dir/C_/Users/ASUS/.pico-sdk/sdk/2.2.0/src/rp2_common/pico_printf/printf.c.obj
 .rodata.crlf_str.0
                0x1000bfd8        0x2 CMakeFiles/USB_HID_Sniffer.dir/C_/Users/ASUS/.pico-sdk/sdk/2.2.0/src/rp2_common/pico_stdio/stdio.c.obj
 *fill*         0x1000bfda        0x2 
 .rodata.usb_nrzi_decoder_debug_program
                0x1000bfdc        0x8 CMakeFiles/USB_HID_Sniffer.dir/Pico-PIO-USB/src/pio_usb.c.obj
 .rodata.usb_nrzi_decoder_debug_program_instructions
                0x1000bfe4       0x14 CMakeFiles/USB_HID_Sniffer.dir/Pico-PIO-USB/src/pio_usb.c.obj
 .rodata.usb_nrzi_decoder_program
                0x1000bff8        0x8 CMakeFiles/USB_HID_Sniffer.dir/Pico-PIO-USB/src/pio_usb.c.obj
 .rodata.usb_nrzi_decoder_program_instructions
                0x1000c000       0x14 CMakeFiles/USB_HID_Sniffer.dir/Pico-PIO-USB/src/pio_usb.c.obj
 .rodata.usb_edge_detector_debug_program
                0x1000c014        0x8 CMakeFiles/USB_HID_Sniffer.dir/Pico-PIO-USB/src/pio_usb.c.obj
 .rodata.usb_edge_detector_debug_program_instructions
                0x1000c01c       0x22 CMakeFiles/USB_HID_Sniffer.dir/Pico-PIO-USB/src/pio_usb.c.obj
 *fill*         0x1000c03e        0x2 
 .rodata.usb_edge_detector_program
                0x1000c040        0x8 CMakeFiles/USB_HID_Sniffer.dir/Pico-PIO-USB/src/pio_usb.c.obj
 .rodata.usb_edge_detector_program_instructions
                0x1000c048       0x22 CMakeFiles/USB_HID_Sniffer.dir/Pico-PIO-USB/src/pio_usb.c.obj
 .rodata.pio_usb_host_send_setup.str1.4
                0x1000c06a       0x15 CMakeFiles/USB_HID_Sniffer.dir/Pico-PIO-USB/src/pio_usb_host.c.obj
 .rodata.pio_usb_host_endpoint_transfer.str1.4
                0x1000c06a       0x15 CMakeFiles/USB_HID_Sniffer.dir/Pico-PIO-USB/src/pio_usb_host.c.obj
 .rodata.pio_sm_claim.str1.4
                0x1000c06a       0x40 CMakeFiles/USB_HID_Sniffer.dir/C_/Users/ASUS/.pico-sdk/sdk/2.2.0/src/rp2_common/hardware_pio/pio.c.obj
 .rodata.dma_channel_claim.str1.4
                0x1000c06a       0x22 CMakeFiles/USB_HID_Sniffer.dir/C_/Users/ASUS/.pico-sdk/sdk/2.2.0/src/rp2_common/hardware_dma/dma.c.obj
 .rodata.str1.4
                0x1000c06a       0x14 CMakeFiles/USB_HID_Sniffer.dir/C_/Users/ASUS/.pico-sdk/sdk/2.2.0/lib/tinyusb/src/portable/raspberrypi/rp2040/dcd_rp2040.c.obj
 .rodata.str1.4
                0x1000c06a       0x48 CMakeFiles/USB_HID_Sniffer.dir/C_/Users/ASUS/.pico-sdk/sdk/2.2.0/lib/tinyusb/src/portable/raspberrypi/rp2040/rp2040_usb.c.obj
 *fill*         0x1000c06a        0x2 
 .rodata.tud_task_ext
                0x1000c06c       0x8c CMakeFiles/USB_HID_Sniffer.dir/C_/Users/ASUS/.pico-sdk/sdk/2.2.0/lib/tinyusb/src/device/usbd.c.obj
 .rodata        0x1000c0f8       0x1c CMakeFiles/USB_HID_Sniffer.dir/C_/Users/ASUS/.pico-sdk/sdk/2.2.0/lib/tinyusb/src/device/usbd.c.obj
 .rodata._usbd_driver
                0x1000c114       0x40 CMakeFiles/USB_HID_Sniffer.dir/C_/Users/ASUS/.pico-sdk/sdk/2.2.0/lib/tinyusb/src/device/usbd.c.obj
 .rodata.hidd_control_xfer_cb
                0x1000c154       0x30 CMakeFiles/USB_HID_Sniffer.dir/C_/Users/ASUS/.pico-sdk/sdk/2.2.0/lib/tinyusb/src/class/hid/hid_device.c.obj
 .rodata.process_enumeration
                0x1000c184       0x34 CMakeFiles/USB_HID_Sniffer.dir/C_/Users/ASUS/.pico-sdk/sdk/2.2.0/lib/tinyusb/src/host/usbh.c.obj
 .rodata.usbh_class_drivers
                0x1000c1b8       0x38 CMakeFiles/USB_HID_Sniffer.dir/C_/Users/ASUS/.pico-sdk/sdk/2.2.0/lib/tinyusb/src/host/usbh.c.obj
 .rodata        0x1000c1f0        0x8 CMakeFiles/USB_HID_Sniffer.dir/C_/Users/ASUS/.pico-sdk/sdk/2.2.0/lib/tinyusb/src/host/hub.c.obj
                0x1000c1f8                        . = ALIGN (0x4)
 *(SORT_BY_ALIGNMENT(SORT_BY_NAME(.flashdata*)))
                0x1000c1f8                        . = ALIGN (0x4)

.ARM.extab
 *(.ARM.extab* .gnu.linkonce.armextab.*)
                0x1000c1f8                        __exidx_start = .

.ARM.exidx
 *(.ARM.exidx* .gnu.linkonce.armexidx.*)
                0x1000c1f8                        __exidx_end = .
                0x1000c1f8                        . = ALIGN (0x4)
                0x1000c1f8                        __binary_info_start = .

.binary_info    0x1000c1f8       0x1c
 *(.binary_info.keep.*)
 .binary_info.keep.__bi_ptr84
                0x1000c1f8        0x4 CMakeFiles/USB_HID_Sniffer.dir/C_/Users/ASUS/.pico-sdk/sdk/2.2.0/src/rp2_common/pico_standard_binary_info/standard_binary_info.c.obj
 .binary_info.keep.__bi_ptr78
                0x1000c1fc        0x4 CMakeFiles/USB_HID_Sniffer.dir/C_/Users/ASUS/.pico-sdk/sdk/2.2.0/src/rp2_common/pico_standard_binary_info/standard_binary_info.c.obj
 .binary_info.keep.__bi_ptr54
                0x1000c200        0x4 CMakeFiles/USB_HID_Sniffer.dir/C_/Users/ASUS/.pico-sdk/sdk/2.2.0/src/rp2_common/pico_standard_binary_info/standard_binary_info.c.obj
 .binary_info.keep.__bi_ptr48
                0x1000c204        0x4 CMakeFiles/USB_HID_Sniffer.dir/C_/Users/ASUS/.pico-sdk/sdk/2.2.0/src/rp2_common/pico_standard_binary_info/standard_binary_info.c.obj
 .binary_info.keep.__bi_ptr42
                0x1000c208        0x4 CMakeFiles/USB_HID_Sniffer.dir/C_/Users/ASUS/.pico-sdk/sdk/2.2.0/src/rp2_common/pico_standard_binary_info/standard_binary_info.c.obj
 .binary_info.keep.__bi_ptr34
                0x1000c20c        0x4 CMakeFiles/USB_HID_Sniffer.dir/C_/Users/ASUS/.pico-sdk/sdk/2.2.0/src/rp2_common/pico_standard_binary_info/standard_binary_info.c.obj
 .binary_info.keep.__bi_ptr26
                0x1000c210        0x4 CMakeFiles/USB_HID_Sniffer.dir/C_/Users/ASUS/.pico-sdk/sdk/2.2.0/src/rp2_common/pico_standard_binary_info/standard_binary_info.c.obj
 *(.binary_info.*)
                0x1000c214                        __binary_info_end = .
                0x1000c214                        . = ALIGN (0x4)

.ram_vector_table
                0x20000000       0xc0
 *(.ram_vector_table)
 .ram_vector_table
                0x20000000       0xc0 CMakeFiles/USB_HID_Sniffer.dir/C_/Users/ASUS/.pico-sdk/sdk/2.2.0/src/rp2_common/pico_runtime_init/runtime_init.c.obj
                0x20000000                ram_vector_table

.uninitialized_data
                0x200000c0        0x0
                0x200000c0                        . = ALIGN (0x4)
 *(.uninitialized_data*)

.data           0x200000c0     0x4150 load address 0x1000c214
                0x200000c0                        __data_start__ = .
 *(vtable)
 *(.time_critical*)
 .time_critical.handle_endpoint_irq
                0x200000c0       0x90 CMakeFiles/USB_HID_Sniffer.dir/C_/Users/ASUS/.pico-sdk/sdk/2.2.0/lib/tinyusb/src/portable/raspberrypi/pio_usb/hcd_pio_usb.c.obj
 .time_critical.pio_usb_host_irq_handler
                0x20000150       0x88 CMakeFiles/USB_HID_Sniffer.dir/C_/Users/ASUS/.pico-sdk/sdk/2.2.0/lib/tinyusb/src/portable/raspberrypi/pio_usb/hcd_pio_usb.c.obj
                0x20000150                pio_usb_host_irq_handler
 .time_critical.mutex_enter_blocking