Archive member included to satisfy reference by file (symbol)

C:/Users/ASUS/.pico-sdk/toolchain/14_2_Rel1/bin/../lib/gcc/arm-none-eabi/14.2.1/thumb/v6-m/nofp\libgcc.a(_dvmd_tls.o)
                              CMakeFiles/USB_HID_Sniffer.dir/C_/Users/ASUS/.pico-sdk/sdk/2.2.0/src/rp2_common/pico_divider/divider_hardware.S.obj (__aeabi_idiv0)
C:/Users/ASUS/.pico-sdk/toolchain/14_2_Rel1/bin/../lib/gcc/arm-none-eabi/14.2.1/thumb/v6-m/nofp\libg.a(libc_a-calloc.o)
                              CMakeFiles/USB_HID_Sniffer.dir/C_/Users/ASUS/.pico-sdk/sdk/2.2.0/src/rp2_common/pico_malloc/malloc.c.obj (calloc)
C:/Users/ASUS/.pico-sdk/toolchain/14_2_Rel1/bin/../lib/gcc/arm-none-eabi/14.2.1/thumb/v6-m/nofp\libg.a(libc_a-callocr.o)
                              C:/Users/ASUS/.pico-sdk/toolchain/14_2_Rel1/bin/../lib/gcc/arm-none-eabi/14.2.1/thumb/v6-m/nofp\libg.a(libc_a-calloc.o) (_calloc_r)
C:/Users/ASUS/.pico-sdk/toolchain/14_2_Rel1/bin/../lib/gcc/arm-none-eabi/14.2.1/thumb/v6-m/nofp\libg.a(libc_a-malloc.o)
                              CMakeFiles/USB_HID_Sniffer.dir/C_/Users/ASUS/.pico-sdk/sdk/2.2.0/src/rp2_common/pico_malloc/malloc.c.obj (malloc)
C:/Users/ASUS/.pico-sdk/toolchain/14_2_Rel1/bin/../lib/gcc/arm-none-eabi/14.2.1/thumb/v6-m/nofp\libg.a(libc_a-mallocr.o)
                              C:/Users/ASUS/.pico-sdk/toolchain/14_2_Rel1/bin/../lib/gcc/arm-none-eabi/14.2.1/thumb/v6-m/nofp\libg.a(libc_a-callocr.o) (_malloc_r)
C:/Users/ASUS/.pico-sdk/toolchain/14_2_Rel1/bin/../lib/gcc/arm-none-eabi/14.2.1/thumb/v6-m/nofp\libg.a(libc_a-mlock.o)
                              C:/Users/ASUS/.pico-sdk/toolchain/14_2_Rel1/bin/../lib/gcc/arm-none-eabi/14.2.1/thumb/v6-m/nofp\libg.a(libc_a-mallocr.o) (__malloc_lock)
C:/Users/ASUS/.pico-sdk/toolchain/14_2_Rel1/bin/../lib/gcc/arm-none-eabi/14.2.1/thumb/v6-m/nofp\libg.a(libc_a-realloc.o)
                              CMakeFiles/USB_HID_Sniffer.dir/C_/Users/ASUS/.pico-sdk/sdk/2.2.0/src/rp2_common/pico_malloc/malloc.c.obj (realloc)
C:/Users/ASUS/.pico-sdk/toolchain/14_2_Rel1/bin/../lib/gcc/arm-none-eabi/14.2.1/thumb/v6-m/nofp\libg.a(libc_a-reallocr.o)
                              C:/Users/ASUS/.pico-sdk/toolchain/14_2_Rel1/bin/../lib/gcc/arm-none-eabi/14.2.1/thumb/v6-m/nofp\libg.a(libc_a-realloc.o) (_realloc_r)
C:/Users/ASUS/.pico-sdk/toolchain/14_2_Rel1/bin/../lib/gcc/arm-none-eabi/14.2.1/thumb/v6-m/nofp\libg.a(libc_a-memcmp.o)
                              CMakeFiles/USB_HID_Sniffer.dir/C_/Users/ASUS/.pico-sdk/sdk/2.2.0/src/rp2_common/pico_atomic/atomic.c.obj (memcmp)
C:/Users/ASUS/.pico-sdk/toolchain/14_2_Rel1/bin/../lib/gcc/arm-none-eabi/14.2.1/thumb/v6-m/nofp\libg.a(libc_a-memmove.o)
                              CMakeFiles/USB_HID_Sniffer.dir/AntiRecoil.c.obj (memmove)
C:/Users/ASUS/.pico-sdk/toolchain/14_2_Rel1/bin/../lib/gcc/arm-none-eabi/14.2.1/thumb/v6-m/nofp\libg.a(libc_a-lcltime_r.o)
                              CMakeFiles/USB_HID_Sniffer.dir/C_/Users/ASUS/.pico-sdk/sdk/2.2.0/src/common/pico_util/datetime.c.obj (localtime_r)
C:/Users/ASUS/.pico-sdk/toolchain/14_2_Rel1/bin/../lib/gcc/arm-none-eabi/14.2.1/thumb/v6-m/nofp\libg.a(libc_a-mktime.o)
                              CMakeFiles/USB_HID_Sniffer.dir/C_/Users/ASUS/.pico-sdk/sdk/2.2.0/src/common/pico_util/datetime.c.obj (mktime)
C:/Users/ASUS/.pico-sdk/toolchain/14_2_Rel1/bin/../lib/gcc/arm-none-eabi/14.2.1/thumb/v6-m/nofp\libg.a(libc_a-month_lengths.o)
                              C:/Users/ASUS/.pico-sdk/toolchain/14_2_Rel1/bin/../lib/gcc/arm-none-eabi/14.2.1/thumb/v6-m/nofp\libg.a(libc_a-lcltime_r.o) (__month_lengths)
C:/Users/ASUS/.pico-sdk/toolchain/14_2_Rel1/bin/../lib/gcc/arm-none-eabi/14.2.1/thumb/v6-m/nofp\libg.a(libc_a-tzcalc_limits.o)
                              C:/Users/ASUS/.pico-sdk/toolchain/14_2_Rel1/bin/../lib/gcc/arm-none-eabi/14.2.1/thumb/v6-m/nofp\libg.a(libc_a-lcltime_r.o) (__tzcalc_limits)
C:/Users/ASUS/.pico-sdk/toolchain/14_2_Rel1/bin/../lib/gcc/arm-none-eabi/14.2.1/thumb/v6-m/nofp\libg.a(libc_a-tzlock.o)
                              C:/Users/ASUS/.pico-sdk/toolchain/14_2_Rel1/bin/../lib/gcc/arm-none-eabi/14.2.1/thumb/v6-m/nofp\libg.a(libc_a-lcltime_r.o) (__tz_lock)
C:/Users/ASUS/.pico-sdk/toolchain/14_2_Rel1/bin/../lib/gcc/arm-none-eabi/14.2.1/thumb/v6-m/nofp\libg.a(libc_a-tzset.o)
                              C:/Users/ASUS/.pico-sdk/toolchain/14_2_Rel1/bin/../lib/gcc/arm-none-eabi/14.2.1/thumb/v6-m/nofp\libg.a(libc_a-lcltime_r.o) (_tzset_unlocked)
C:/Users/ASUS/.pico-sdk/toolchain/14_2_Rel1/bin/../lib/gcc/arm-none-eabi/14.2.1/thumb/v6-m/nofp\libg.a(libc_a-tzset_r.o)
                              C:/Users/ASUS/.pico-sdk/toolchain/14_2_Rel1/bin/../lib/gcc/arm-none-eabi/14.2.1/thumb/v6-m/nofp\libg.a(libc_a-tzset.o) (_tzset_unlocked_r)
C:/Users/ASUS/.pico-sdk/toolchain/14_2_Rel1/bin/../lib/gcc/arm-none-eabi/14.2.1/thumb/v6-m/nofp\libg.a(libc_a-tzvars.o)
[...]
Memory Configuration

Name             Origin             Length             Attributes
FLASH            0x10000000         0x00200000         xr
RAM              0x20000000         0x00040000         xrw
SCRATCH_X        0x20040000         0x00001000         xrw
SCRATCH_Y        0x20041000         0x00001000         xrw
*default*        0x00000000         0xffffffff

Linker script and memory map

LOAD C:/Users/ASUS/.pico-sdk/toolchain/14_2_Rel1/bin/../lib/gcc/arm-none-eabi/14.2.1/thumb/v6-m/nofp/crti.o
LOAD C:/Users/ASUS/.pico-sdk/toolchain/14_2_Rel1/bin/../lib/gcc/arm-none-eabi/14.2.1/thumb/v6-m/nofp/crtbegin.o
LOAD C:/Users/ASUS/.pico-sdk/toolchain/14_2_Rel1/bin/../lib/gcc/arm-none-eabi/14.2.1/thumb/v6-m/nofp/crt0.o

.flash_begin    0x10000000        0x0
                0x10000000                        __flash_binary_start = .

.boot2          0x10000000      0x100
                0x10000000                        __boot2_start__ = .
 *(.boot2)
 .boot2         0x10000000      0x100 pico-sdk/src/rp2040/boot_stage2/CMakeFiles/bs2_default_library.dir/./bs2_default_padded_checksummed.S.obj
                0x10000100                        __boot2_end__ = .
                0x00000001                        ASSERT (((__boot2_end__ - __boot2_start__) == 0x100), ERROR: Pico second stage bootloader must be 256 bytes in size)

.text           0x10000100     0xb420
                0x10000100                        __logical_binary_start = .
 *(.vectors)
 .vectors       0x10000100       0xd4 CMakeFiles/USB_HID_Sniffer.dir/C_/Users/ASUS/.pico-sdk/sdk/2.2.0/src/rp2_common/pico_crt0/crt0.S.obj
                0x10000100                __VECTOR_TABLE
                0x10000100                __vectors
                0x100001c0                isr_irq13
                0x100001c0                isr_irq27
                0x100001c0                isr_irq31
                0x100001c0                isr_irq12
                0x100001c0                isr_irq5
                0x100001c0                isr_irq11
                0x100001c0                isr_irq3
                0x100001c0                isr_irq23
                0x100001c0                __unhandled_user_irq
                0x100001c0                isr_irq26
                0x100001c0                isr_irq28
                0x100001c0                isr_irq19
                0x100001c0                isr_irq0
                0x100001c0                isr_irq6
                0x100001c0                isr_irq29
                0x100001c0                isr_irq16
                0x100001c0                isr_irq22
                0x100001c0                isr_irq18
                0x100001c0                isr_irq17
                0x100001c0                isr_irq14
                0x100001c0                __vectors_end
                0x100001c0                __default_isrs_start
                0x100001c0                isr_irq2
                0x100001c0                isr_irq10
                0x100001c0                isr_irq8
                0x100001c0                isr_irq24
                0x100001c0                isr_irq1
                0x100001c0                isr_irq7
                0x100001c0                isr_irq21
                0x100001c0                isr_irq20
                0x100001c0                isr_irq15
                0x100001c0                isr_irq25
                0x100001c0                isr_irq4
                0x100001c0                isr_irq30
                0x100001c0                isr_irq9
                0x100001c6                unhandled_user_irq_num_in_r0
                0x100001c8                isr_invalid
                0x100001ca                isr_nmi
                0x100001cc                isr_hardfault
                0x100001ce                isr_svcall
                0x100001d0                isr_pendsv
                0x100001d2                isr_systick
                0x100001d4                __default_isrs_end
 *(.binary_info_header)
 .binary_info_header
                0x100001d4       0x14 CMakeFiles/USB_HID_Sniffer.dir/C_/Users/ASUS/.pico-sdk/sdk/2.2.0/src/rp2_common/pico_crt0/crt0.S.obj
                0x100001e8                        __binary_info_header_end = .
 *(.embedded_block)
                0x100001e8                        __embedded_block_end = .
 *(.reset)
 .reset         0x100001e8       0x9c CMakeFiles/USB_HID_Sniffer.dir/C_/Users/ASUS/.pico-sdk/sdk/2.2.0/src/rp2_common/pico_crt0/crt0.S.obj
                0x100001e8                _entry_point
 *(.init)
 .init          0x10000284        0x4 C:/Users/ASUS/.pico-sdk/toolchain/14_2_Rel1/bin/../lib/gcc/arm-none-eabi/14.2.1/thumb/v6-m/nofp/crti.o
                0x10000284                _init
 *(EXCLUDE_FILE(*libm.a: *libc.a:*lib_a-mem*.o *libgcc.a:) .text*)
 .text.register_tm_clones
                0x10000288       0x28 C:/Users/ASUS/.pico-sdk/toolchain/14_2_Rel1/bin/../lib/gcc/arm-none-eabi/14.2.1/thumb/v6-m/nofp/crtbegin.o
 .text.frame_dummy
                0x100002b0       0x24 C:/Users/ASUS/.pico-sdk/toolchain/14_2_Rel1/bin/../lib/gcc/arm-none-eabi/14.2.1/thumb/v6-m/nofp/crtbegin.o
 .text.startup.main
                0x100002d4       0x64 CMakeFiles/USB_HID_Sniffer.dir/main_device.c.obj
                0x100002d4                main
 .text.tud_cdc_rx_cb
                0x10000338        0x4 CMakeFiles/USB_HID_Sniffer.dir/main_device.c.obj
                0x10000338                tud_cdc_rx_cb
 .text.core1_main
                0x1000033c       0xc8 CMakeFiles/USB_HID_Sniffer.dir/main_host.c.obj
                0x1000033c                core1_main
 .text.tuh_hid_mount_cb
                0x10000404       0x94 CMakeFiles/USB_HID_Sniffer.dir/main_host.c.obj
                0x10000404                tuh_hid_mount_cb
 .text.tuh_hid_umount_cb
                0x10000498       0x2c CMakeFiles/USB_HID_Sniffer.dir/main_host.c.obj
                0x10000498                tuh_hid_umount_cb
 .text.tuh_hid_report_received_cb
                0x100004c4       0x4c CMakeFiles/USB_HID_Sniffer.dir/main_host.c.obj
                0x100004c4                tuh_hid_report_received_cb
 .text.tud_descriptor_device_cb
                0x10000510        0x8 CMakeFiles/USB_HID_Sniffer.dir/usb_descriptors.c.obj
                0x10000510                tud_descriptor_device_cb
 .text.tud_descriptor_configuration_cb
                0x10000518        0x8 CMakeFiles/USB_HID_Sniffer.dir/usb_descriptors.c.obj
                0x10000518                tud_descriptor_configuration_cb
 .text.tud_descriptor_string_cb
                0x10000520       0x74 CMakeFiles/USB_HID_Sniffer.dir/usb_descriptors.c.obj
                0x10000520                tud_descriptor_string_cb
 .text.tud_hid_descriptor_report_cb
                0x10000594        0x8 CMakeFiles/USB_HID_Sniffer.dir/usb_descriptors.c.obj
                0x10000594                tud_hid_descriptor_report_cb
 .text.tud_hid_set_report_cb
                0x1000059c        0x4 CMakeFiles/USB_HID_Sniffer.dir/usb_descriptors.c.obj
                0x1000059c                tud_hid_set_report_cb
 .text.tud_hid_get_report_cb
                0x100005a0        0x4 CMakeFiles/USB_HID_Sniffer.dir/usb_descriptors.c.obj
                0x100005a0                tud_hid_get_report_cb
 .text.tud_hid_report_complete_cb
                0x100005a4        0x4 CMakeFiles/USB_HID_Sniffer.dir/usb_descriptors.c.obj
                0x100005a4                tud_hid_report_complete_cb
 .text.kbd_report
                0x100005a8      0x384 CMakeFiles/USB_HID_Sniffer.dir/AntiRecoil.c.obj
                0x100005a8                kbd_report
 .text.mouse_report
                0x1000092c      0x2c0 CMakeFiles/USB_HID_Sniffer.dir/AntiRecoil.c.obj
                0x1000092c                mouse_report
 .text.modified_task
                0x10000bec      0x270 CMakeFiles/USB_HID_Sniffer.dir/AntiRecoil.c.obj
                0x10000bec                modified_task
 .text.saveConfig
                0x10000e5c       0xfc CMakeFiles/USB_HID_Sniffer.dir/AntiRecoil.c.obj
                0x10000e5c                saveConfig
 .text.hcd_configure
                0x10000f58       0x20 CMakeFiles/USB_HID_Sniffer.dir/C_/Users/ASUS/.pico-sdk/sdk/2.2.0/lib/tinyusb/src/portable/raspberrypi/pio_usb/hcd_pio_usb.c.obj
                0x10000f58                hcd_configure
 .text.hcd_init
                0x10000f78       0x10 CMakeFiles/USB_HID_Sniffer.dir/C_/Users/ASUS/.pico-sdk/sdk/2.2.0/lib/tinyusb/src/portable/raspberrypi/pio_usb/hcd_pio_usb.c.obj
                0x10000f78                hcd_init
 .text.hcd_port_reset
                0x10000f88        0xc CMakeFiles/USB_HID_Sniffer.dir/C_/Users/ASUS/.pico-sdk/sdk/2.2.0/lib/tinyusb/src/portable/raspberrypi/pio_usb/hcd_pio_usb.c.obj
                0x10000f88                hcd_port_reset
 .text.hcd_port_reset_end
                0x10000f94        0xc CMakeFiles/USB_HID_Sniffer.dir/C_/Users/ASUS/.pico-sdk/sdk/2.2.0/lib/tinyusb/src/portable/raspberrypi/pio_usb/hcd_pio_usb.c.obj
                0x10000f94                hcd_port_reset_end
 .text.hcd_port_connect_status
                0x10000fa0       0x40 CMakeFiles/USB_HID_Sniffer.dir/C_/Users/ASUS/.pico-sdk/sdk/2.2.0/lib/tinyusb/src/portable/raspberrypi/pio_usb/hcd_pio_usb.c.obj
                0x10000fa0                hcd_port_connect_status
 .text.hcd_port_speed_get
                0x10000fe0       0x1c CMakeFiles/USB_HID_Sniffer.dir/C_/Users/ASUS/.pico-sdk/sdk/2.2.0/lib/tinyusb/src/portable/raspberrypi/pio_usb/hcd_pio_usb.c.obj
                0x10000fe0                hcd_port_speed_get
 .text.hcd_device_close
                0x10000ffc        0xc CMakeFiles/USB_HID_Sniffer.dir/C_/Users/ASUS/.pico-sdk/sdk/2.2.0/lib/tinyusb/src/portable/raspberrypi/pio_usb/hcd_pio_usb.c.obj
                0x10000ffc                hcd_device_close
 .text.hcd_int_enable
                0x10001008        0x4 CMakeFiles/USB_HID_Sniffer.dir/C_/Users/ASUS/.pico-sdk/sdk/2.2.0/lib/tinyusb/src/portable/raspberrypi/pio_usb/hcd_pio_usb.c.obj
                0x10001008                hcd_int_enable
 .text.hcd_edpt_open
                0x1000100c       0x38 CMakeFiles/USB_HID_Sniffer.dir/C_/Users/ASUS/.pico-sdk/sdk/2.2.0/lib/tinyusb/src/portable/raspberrypi/pio_usb/hcd_pio_usb.c.obj
                0x1000100c                hcd_edpt_open
 .text.hcd_edpt_xfer
                0x10001044       0x18 CMakeFiles/USB_HID_Sniffer.dir/C_/Users/ASUS/.pico-sdk/sdk/2.2.0/lib/tinyusb/src/portable/raspberrypi/pio_usb/hcd_pio_usb.c.obj
                0x10001044                hcd_edpt_xfer
 .text.hcd_edpt_abort_xfer
                0x1000105c        0xc CMakeFiles/USB_HID_Sniffer.dir/C_/Users/ASUS/.pico-sdk/sdk/2.2.0/lib/tinyusb/src/portable/raspberrypi/pio_usb/hcd_pio_usb.c.obj
                0x1000105c                hcd_edpt_abort_xfer
 .text.hcd_setup_send
                0x10001068        0xc CMakeFiles/USB_HID_Sniffer.dir/C_/Users/ASUS/.pico-sdk/sdk/2.2.0/lib/tinyusb/src/portable/raspberrypi/pio_usb/hcd_pio_usb.c.obj
                0x10001068                hcd_setup_send
 .text.gpio_set_function
                0x10001074       0x34 CMakeFiles/USB_HID_Sniffer.dir/C_/Users/ASUS/.pico-sdk/sdk/2.2.0/src/rp2_common/hardware_gpio/gpio.c.obj
                0x10001074                gpio_set_function
 .text.gpio_set_pulls
                0x100010a8       0x28 CMakeFiles/USB_HID_Sniffer.dir/C_/Users/ASUS/.pico-sdk/sdk/2.2.0/src/rp2_common/hardware_gpio/gpio.c.obj
                0x100010a8                gpio_set_pulls
 .text.gpio_set_inover
                0x100010d0       0x24 CMakeFiles/USB_HID_Sniffer.dir/C_/Users/ASUS/.pico-sdk/sdk/2.2.0/src/rp2_common/hardware_gpio/gpio.c.obj
                0x100010d0                gpio_set_inover
 .text.gpio_set_outover
                0x100010f4       0x24 CMakeFiles/USB_HID_Sniffer.dir/C_/Users/ASUS/.pico-sdk/sdk/2.2.0/src/rp2_common/hardware_gpio/gpio.c.obj
                0x100010f4                gpio_set_outover
 .text.gpio_set_oeover
                0x10001118       0x24 CMakeFiles/USB_HID_Sniffer.dir/C_/Users/ASUS/.pico-sdk/sdk/2.2.0/src/rp2_common/hardware_gpio/gpio.c.obj
                0x10001118                gpio_set_oeover
 .text.gpio_set_slew_rate
                0x1000113c       0x20 CMakeFiles/USB_HID_Sniffer.dir/C_/Users/ASUS/.pico-sdk/sdk/2.2.0/src/rp2_common/hardware_gpio/gpio.c.obj
                0x1000113c                gpio_set_slew_rate
 .text.gpio_set_drive_strength
                0x1000115c       0x24 CMakeFiles/USB_HID_Sniffer.dir/C_/Users/ASUS/.pico-sdk/sdk/2.2.0/src/rp2_common/hardware_gpio/gpio.c.obj
                0x1000115c                gpio_set_drive_strength
 .text.gpio_init
                0x10001180       0x40 CMakeFiles/USB_HID_Sniffer.dir/C_/Users/ASUS/.pico-sdk/sdk/2.2.0/src/rp2_common/hardware_gpio/gpio.c.obj
                0x10001180                gpio_init
 .text.rp2040_chip_version
                0x100011c0        0xc CMakeFiles/USB_HID_Sniffer.dir/C_/Users/ASUS/.pico-sdk/sdk/2.2.0/src/rp2040/pico_platform/platform.c.obj
                0x100011c0                rp2040_chip_version
 .text.panic    0x100011cc       0x30 CMakeFiles/USB_HID_Sniffer.dir/C_/Users/ASUS/.pico-sdk/sdk/2.2.0/src/rp2_common/pico_platform_panic/panic.c.obj
                0x100011cc                panic
 .text.hw_claim_lock
                0x100011fc       0x18 CMakeFiles/USB_HID_Sniffer.dir/C_/Users/ASUS/.pico-sdk/sdk/2.2.0/src/common/hardware_claim/claim.c.obj
                0x100011fc                hw_claim_lock
 .text.hw_claim_unlock
                0x10001214       0x14 CMakeFiles/USB_HID_Sniffer.dir/C_/Users/ASUS/.pico-sdk/sdk/2.2.0/src/common/hardware_claim/claim.c.obj
                0x10001214                hw_claim_unlock
 .text.hw_claim_or_assert
                0x10001228       0x44 CMakeFiles/USB_HID_Sniffer.dir/C_/Users/ASUS/.pico-sdk/sdk/2.2.0/src/common/hardware_claim/claim.c.obj
                0x10001228                hw_claim_or_assert
 .text.hw_claim_unused_from_range
                0x1000126c       0x88 CMakeFiles/USB_HID_Sniffer.dir/C_/Users/ASUS/.pico-sdk/sdk/2.2.0/src/common/hardware_claim/claim.c.obj
                0x1000126c                hw_claim_unused_from_range
 .text.next_striped_spin_lock_num
                0x100012f4       0x18 CMakeFiles/USB_HID_Sniffer.dir/C_/Users/ASUS/.pico-sdk/sdk/2.2.0/src/rp2_common/hardware_sync/sync.c.obj
                0x100012f4                next_striped_spin_lock_num
 .text.spin_lock_claim_unused
                0x1000130c       0x24 CMakeFiles/USB_HID_Sniffer.dir/C_/Users/ASUS/.pico-sdk/sdk/2.2.0/src/rp2_common/hardware_sync/sync.c.obj
                0x1000130c                spin_lock_claim_unused
 .text.spin_locks_reset
                0x10001330       0x1c CMakeFiles/USB_HID_Sniffer.dir/C_/Users/ASUS/.pico-sdk/sdk/2.2.0/src/rp2_common/hardware_sync_spin_lock/sync_spin_lock.c.obj
                0x10001330                spin_locks_reset
 .text.runtime_init_per_core_irq_priorities
                0x1000134c       0x24 CMakeFiles/USB_HID_Sniffer.dir/C_/Users/ASUS/.pico-sdk/sdk/2.2.0/src/rp2_common/hardware_irq/irq.c.obj
                0x1000134c                runtime_init_per_core_irq_priorities
 .text.irq_set_enabled
                0x10001370       0x24 CMakeFiles/USB_HID_Sniffer.dir/C_/Users/ASUS/.pico-sdk/sdk/2.2.0/src/rp2_common/hardware_irq/irq.c.obj
                0x10001370                irq_set_enabled
 .text.irq_is_enabled
                0x10001394       0x18 CMakeFiles/USB_HID_Sniffer.dir/C_/Users/ASUS/.pico-sdk/sdk/2.2.0/src/rp2_common/hardware_irq/irq.c.obj
                0x10001394                irq_is_enabled
 .text.irq_set_exclusive_handler
                0x100013ac       0x54 CMakeFiles/USB_HID_Sniffer.dir/C_/Users/ASUS/.pico-sdk/sdk/2.2.0/src/rp2_common/hardware_irq/irq.c.obj
                0x100013ac                irq_set_exclusive_handler
 .text.irq_add_shared_handler
                0x10001400      0x1f4 CMakeFiles/USB_HID_Sniffer.dir/C_/Users/ASUS/.pico-sdk/sdk/2.2.0/src/rp2_common/hardware_irq/irq.c.obj
                0x10001400                irq_add_shared_handler
 .text.irq_add_tail_to_free_list
                0x100015f4       0xb4 CMakeFiles/USB_HID_Sniffer.dir/C_/Users/ASUS/.pico-sdk/sdk/2.2.0/src/rp2_common/hardware_irq/irq.c.obj
                0x100015f4                irq_add_tail_to_free_list
 .text.lock_init
                0x100016a8       0x10 CMakeFiles/USB_HID_Sniffer.dir/C_/Users/ASUS/.pico-sdk/sdk/2.2.0/src/common/pico_sync/lock_core.c.obj
                0x100016a8                lock_init
 .text.runtime_init_mutex
                0x100016b8       0x50 CMakeFiles/USB_HID_Sniffer.dir/C_/Users/ASUS/.pico-sdk/sdk/2.2.0/src/common/pico_sync/mutex.c.obj
                0x100016b8                runtime_init_mutex
 .text.mutex_init
                0x10001708       0x1c CMakeFiles/USB_HID_Sniffer.dir/C_/Users/ASUS/.pico-sdk/sdk/2.2.0/src/common/pico_sync/mutex.c.obj
                0x10001708                mutex_init
 .text.critical_section_init
                0x10001724       0x1c CMakeFiles/USB_HID_Sniffer.dir/C_/Users/ASUS/.pico-sdk/sdk/2.2.0/src/common/pico_sync/critical_section.c.obj
                0x10001724                critical_section_init
 .text.sleep_until_callback
                0x10001740       0x30 CMakeFiles/USB_HID_Sniffer.dir/C_/Users/ASUS/.pico-sdk/sdk/2.2.0/src/common/pico_time/time.c.obj
 .text.alarm_pool_irq_handler
                0x10001770      0x300 CMakeFiles/USB_HID_Sniffer.dir/C_/Users/ASUS/.pico-sdk/sdk/2.2.0/src/common/pico_time/time.c.obj
 .text.runtime_init_default_alarm_pool
                0x10001a70       0xdc CMakeFiles/USB_HID_Sniffer.dir/C_/Users/ASUS/.pico-sdk/sdk/2.2.0/src/common/pico_time/time.c.obj
                0x10001a70                runtime_init_default_alarm_pool
 .text.alarm_pool_create_on_timer
                0x10001b4c       0xb4 CMakeFiles/USB_HID_Sniffer.dir/C_/Users/ASUS/.pico-sdk/sdk/2.2.0/src/common/pico_time/time.c.obj
                0x10001b4c                alarm_pool_create_on_timer
 .text.alarm_pool_add_alarm_at_force_in_context
                0x10001c00       0xb0 CMakeFiles/USB_HID_Sniffer.dir/C_/Users/ASUS/.pico-sdk/sdk/2.2.0/src/common/pico_time/time.c.obj
                0x10001c00                alarm_pool_add_alarm_at_force_in_context
 .text.alarm_pool_cancel_alarm
                0x10001cb0       0x74 CMakeFiles/USB_HID_Sniffer.dir/C_/Users/ASUS/.pico-sdk/sdk/2.2.0/src/common/pico_time/time.c.obj
                0x10001cb0                alarm_pool_cancel_alarm
 .text.sleep_ms
                0x10001d24       0xfc CMakeFiles/USB_HID_Sniffer.dir/C_/Users/ASUS/.pico-sdk/sdk/2.2.0/src/common/pico_time/time.c.obj
                0x10001d24                sleep_ms
 .text.best_effort_wfe_or_timeout
                0x10001e20      0x10c CMakeFiles/USB_HID_Sniffer.dir/C_/Users/ASUS/.pico-sdk/sdk/2.2.0/src/common/pico_time/time.c.obj
                0x10001e20                best_effort_wfe_or_timeout
 .text.alarm_pool_add_repeating_timer_us
                0x10001f2c      0x124 CMakeFiles/USB_HID_Sniffer.dir/C_/Users/ASUS/.pico-sdk/sdk/2.2.0/src/common/pico_time/time.c.obj
                0x10001f2c                alarm_pool_add_repeating_timer_us
 .text.alarm_pool_get_default_timer
                0x10002050        0x8 CMakeFiles/USB_HID_Sniffer.dir/C_/Users/ASUS/.pico-sdk/sdk/2.2.0/src/common/pico_time/time.c.obj
                0x10002050                alarm_pool_get_default_timer
 .text.timer_hardware_alarm_claim
                0x10002058       0x14 CMakeFiles/USB_HID_Sniffer.dir/C_/Users/ASUS/.pico-sdk/sdk/2.2.0/src/rp2_common/hardware_timer/timer.c.obj
                0x10002058                timer_hardware_alarm_claim
 .text.timer_time_us_64
                0x1000206c       0x10 CMakeFiles/USB_HID_Sniffer.dir/C_/Users/ASUS/.pico-sdk/sdk/2.2.0/src/rp2_common/hardware_timer/timer.c.obj
                0x1000206c                timer_time_us_64
 .text.time_us_64
                0x1000207c       0x14 CMakeFiles/USB_HID_Sniffer.dir/C_/Users/ASUS/.pico-sdk/sdk/2.2.0/src/rp2_common/hardware_timer/timer.c.obj
                0x1000207c                time_us_64
 .text.busy_wait_us
                0x10002090       0x68 CMakeFiles/USB_HID_Sniffer.dir/C_/Users/ASUS/.pico-sdk/sdk/2.2.0/src/rp2_common/hardware_timer/timer.c.obj
                0x10002090                busy_wait_us
 .text.busy_wait_ms
                0x100020f8       0x9c CMakeFiles/USB_HID_Sniffer.dir/C_/Users/ASUS/.pico-sdk/sdk/2.2.0/src/rp2_common/hardware_timer/timer.c.obj
                0x100020f8                busy_wait_ms
 .text.busy_wait_until
                0x10002194       0x20 CMakeFiles/USB_HID_Sniffer.dir/C_/Users/ASUS/.pico-sdk/sdk/2.2.0/src/rp2_common/hardware_timer/timer.c.obj
                0x10002194                busy_wait_until
 .text.uart_init
                0x100021b4      0x120 CMakeFiles/USB_HID_Sniffer.dir/C_/Users/ASUS/.pico-sdk/sdk/2.2.0/src/rp2_common/hardware_uart/uart.c.obj
                0x100021b4                uart_init
 .text.clock_configure_int_divider
                0x100022d4       0xf4 CMakeFiles/USB_HID_Sniffer.dir/C_/Users/ASUS/.pico-sdk/sdk/2.2.0/src/rp2_common/hardware_clocks/clocks.c.obj
                0x100022d4                clock_configure_int_divider
 .text.clock_configure_undivided
                0x100023c8       0xe8 CMakeFiles/USB_HID_Sniffer.dir/C_/Users/ASUS/.pico-sdk/sdk/2.2.0/src/rp2_common/hardware_clocks/clocks.c.obj
                0x100023c8                clock_configure_undivided
 .text.clock_get_hz
                0x100024b0        0xc CMakeFiles/USB_HID_Sniffer.dir/C_/Users/ASUS/.pico-sdk/sdk/2.2.0/src/rp2_common/hardware_clocks/clocks.c.obj
                0x100024b0                clock_get_hz
 .text.set_sys_clock_pll
                0x100024bc      0x1b8 CMakeFiles/USB_HID_Sniffer.dir/C_/Users/ASUS/.pico-sdk/sdk/2.2.0/src/rp2_common/hardware_clocks/clocks.c.obj
                0x100024bc                set_sys_clock_pll
 .text.check_sys_clock_khz
                0x10002674      0x26c CMakeFiles/USB_HID_Sniffer.dir/C_/Users/ASUS/.pico-sdk/sdk/2.2.0/src/rp2_common/hardware_clocks/clocks.c.obj
                0x10002674                check_sys_clock_khz
 .text.pll_init
                0x100028e0       0xa4 CMakeFiles/USB_HID_Sniffer.dir/C_/Users/ASUS/.pico-sdk/sdk/2.2.0/src/rp2_common/hardware_pll/pll.c.obj
                0x100028e0                pll_init
 .text.tick_start
                0x10002984       0x10 CMakeFiles/USB_HID_Sniffer.dir/C_/Users/ASUS/.pico-sdk/sdk/2.2.0/src/rp2_common/hardware_ticks/ticks.c.obj
                0x10002984                tick_start
 .text.rom_func_lookup
                0x10002994       0x10 CMakeFiles/USB_HID_Sniffer.dir/C_/Users/ASUS/.pico-sdk/sdk/2.2.0/src/rp2_common/pico_bootrom/bootrom.c.obj
                0x10002994                rom_func_lookup
 .text.rom_data_lookup
                0x100029a4       0x10 CMakeFiles/USB_HID_Sniffer.dir/C_/Users/ASUS/.pico-sdk/sdk/2.2.0/src/rp2_common/pico_bootrom/bootrom.c.obj
                0x100029a4                rom_data_lookup
 .text.rom_funcs_lookup
                0x100029b4       0x44 CMakeFiles/USB_HID_Sniffer.dir/C_/Users/ASUS/.pico-sdk/sdk/2.2.0/src/rp2_common/pico_bootrom/bootrom.c.obj
                0x100029b4                rom_funcs_lookup
 .text.xosc_init
                0x100029f8       0x28 CMakeFiles/USB_HID_Sniffer.dir/C_/Users/ASUS/.pico-sdk/sdk/2.2.0/src/rp2_common/hardware_xosc/xosc.c.obj
                0x100029f8                xosc_init
 .text.first_per_core_initializer
                0x10002a20        0x4 CMakeFiles/USB_HID_Sniffer.dir/C_/Users/ASUS/.pico-sdk/sdk/2.2.0/src/rp2_common/pico_runtime/runtime.c.obj
 .text.hard_assertion_failure
                0x10002a24        0xc CMakeFiles/USB_HID_Sniffer.dir/C_/Users/ASUS/.pico-sdk/sdk/2.2.0/src/rp2_common/pico_runtime/runtime.c.obj
                0x10002a24                hard_assertion_failure
 .text.runtime_run_initializers
                0x10002a30       0x28 CMakeFiles/USB_HID_Sniffer.dir/C_/Users/ASUS/.pico-sdk/sdk/2.2.0/src/rp2_common/pico_runtime/runtime.c.obj
                0x10002a30                runtime_run_initializers
 .text.runtime_run_per_core_initializers
                0x10002a58       0x28 CMakeFiles/USB_HID_Sniffer.dir/C_/Users/ASUS/.pico-sdk/sdk/2.2.0/src/rp2_common/pico_runtime/runtime.c.obj
                0x10002a58                runtime_run_per_core_initializers
 .text.runtime_init_early_resets
                0x10002a80       0x2c CMakeFiles/USB_HID_Sniffer.dir/C_/Users/ASUS/.pico-sdk/sdk/2.2.0/src/rp2_common/pico_runtime_init/runtime_init.c.obj
                0x10002a80                runtime_init_early_resets
 .text.runtime_init_usb_power_down
                0x10002aac       0x1c CMakeFiles/USB_HID_Sniffer.dir/C_/Users/ASUS/.pico-sdk/sdk/2.2.0/src/rp2_common/pico_runtime_init/runtime_init.c.obj
                0x10002aac                runtime_init_usb_power_down
 .text.runtime_init_post_clock_resets
                0x10002ac8       0x20 CMakeFiles/USB_HID_Sniffer.dir/C_/Users/ASUS/.pico-sdk/sdk/2.2.0/src/rp2_common/pico_runtime_init/runtime_init.c.obj
                0x10002ac8                runtime_init_post_clock_resets
 .text.runtime_init_rp2040_gpio_ie_disable
                0x10002ae8       0x14 CMakeFiles/USB_HID_Sniffer.dir/C_/Users/ASUS/.pico-sdk/sdk/2.2.0/src/rp2_common/pico_runtime_init/runtime_init.c.obj
                0x10002ae8                runtime_init_rp2040_gpio_ie_disable
 .text.runtime_init_spin_locks_reset
                0x10002afc        0x8 CMakeFiles/USB_HID_Sniffer.dir/C_/Users/ASUS/.pico-sdk/sdk/2.2.0/src/rp2_common/pico_runtime_init/runtime_init.c.obj
                0x10002afc                runtime_init_spin_locks_reset
 .text.runtime_init_install_ram_vector_table
                0x10002b04       0xb4 CMakeFiles/USB_HID_Sniffer.dir/C_/Users/ASUS/.pico-sdk/sdk/2.2.0/src/rp2_common/pico_runtime_init/runtime_init.c.obj
                0x10002b04                runtime_init_install_ram_vector_table
 .text.runtime_init_clocks
                0x10002bb8       0xd8 CMakeFiles/USB_HID_Sniffer.dir/C_/Users/ASUS/.pico-sdk/sdk/2.2.0/src/rp2_common/pico_runtime_init/runtime_init_clocks.c.obj
                0x10002bb8                runtime_init_clocks
 .text          0x10002c90       0x10 CMakeFiles/USB_HID_Sniffer.dir/C_/Users/ASUS/.pico-sdk/sdk/2.2.0/src/rp2_common/pico_bit_ops/bit_ops_aeabi.S.obj
 .text.ctzsi    0x10002ca0        0xc CMakeFiles/USB_HID_Sniffer.dir/C_/Users/ASUS/.pico-sdk/sdk/2.2.0/src/rp2_common/pico_bit_ops/bit_ops_aeabi.S.obj
                0x10002ca0                __wrap___ctzsi2
 .text.__wrap___aeabi_idiv
                0x10002cac       0x50 CMakeFiles/USB_HID_Sniffer.dir/C_/Users/ASUS/.pico-sdk/sdk/2.2.0/src/rp2_common/pico_divider/divider_hardware.S.obj
                0x10002cac                __wrap___aeabi_idivmod
                0x10002cac                divmod_s32s32
                0x10002cac                div_s32s32
                0x10002cac                __wrap___aeabi_idiv
                0x10002cb4                divmod_s32s32_unsafe
                0x10002ce0                divmod_s32s32_savestate
 .text.__wrap___aeabi_uidiv
                0x10002cfc       0x4c CMakeFiles/USB_HID_Sniffer.dir/C_/Users/ASUS/.pico-sdk/sdk/2.2.0/src/rp2_common/pico_divider/divider_hardware.S.obj
                0x10002cfc                __wrap___aeabi_uidiv
                0x10002cfc                __wrap___aeabi_uidivmod
                0x10002cfc                div_u32u32
                0x10002cfc                divmod_u32u32
                0x10002d04                divmod_u32u32_unsafe
                0x10002d2c                divmod_u32u32_savestate
 .text.__wrap___aeabi_ldiv
                0x10002d48      0x424 CMakeFiles/USB_HID_Sniffer.dir/C_/Users/ASUS/.pico-sdk/sdk/2.2.0/src/rp2_common/pico_divider/divider_hardware.S.obj
                0x10002d48                div_s64s64
                0x10002d48                divmod_s64s64
                0x10002d48                __wrap___aeabi_ldivmod
                0x10002d78                divmod_u64u64
                0x10002d78                div_u64u64
                0x10002d78                __wrap___aeabi_uldivmod
                0x10002d88                divmod_u64u64_savestate
                0x10002da8                divmod_s64s64_unsafe
                0x10002e30                divmod_u64u64_unsafe
 .text.__wrap___aeabi_darithmetic
                0x1000316c       0x80 CMakeFiles/USB_HID_Sniffer.dir/C_/Users/ASUS/.pico-sdk/sdk/2.2.0/src/rp2_common/pico_double/double_aeabi_rp2040.S.obj
                0x1000316c                __wrap___aeabi_drsub
                0x10003172                __wrap___aeabi_dsub
                0x10003184                __wrap___aeabi_dadd
                0x10003196                __wrap___aeabi_ddiv
                0x100031d2                __wrap___aeabi_dmul
 .text.__wrap___aeabi_cdcmple
                0x100031ec       0x6c CMakeFiles/USB_HID_Sniffer.dir/C_/Users/ASUS/.pico-sdk/sdk/2.2.0/src/rp2_common/pico_double/double_aeabi_rp2040.S.obj
                0x100031ec                __wrap___aeabi_cdrcmple
                0x100031fc                __wrap___aeabi_cdcmpeq
                0x100031fc                __wrap___aeabi_cdcmple
 .text.__wrap___aeabi_dcmplt
                0x10003258        0xc CMakeFiles/USB_HID_Sniffer.dir/C_/Users/ASUS/.pico-sdk/sdk/2.2.0/src/rp2_common/pico_double/double_aeabi_rp2040.S.obj
                0x10003258                __wrap___aeabi_dcmplt
 .text.__wrap___aeabi_dcmple
                0x10003264       0x10 CMakeFiles/USB_HID_Sniffer.dir/C_/Users/ASUS/.pico-sdk/sdk/2.2.0/src/rp2_common/pico_double/double_aeabi_rp2040.S.obj
                0x10003264                __wrap___aeabi_dcmple
 .text.__wrap___aeabi_dcmpge
                0x10003274       0x10 CMakeFiles/USB_HID_Sniffer.dir/C_/Users/ASUS/.pico-sdk/sdk/2.2.0/src/rp2_common/pico_double/double_aeabi_rp2040.S.obj
                0x10003274                __wrap___aeabi_dcmpge
 .text.__wrap___aeabi_dcmpgt
                0x10003284        0xa CMakeFiles/USB_HID_Sniffer.dir/C_/Users/ASUS/.pico-sdk/sdk/2.2.0/src/rp2_common/pico_double/double_aeabi_rp2040.S.obj
                0x10003284                __wrap___aeabi_dcmpgt
 .text.__wrap___aeabi_dcmpun
                0x1000328e       0x18 CMakeFiles/USB_HID_Sniffer.dir/C_/Users/ASUS/.pico-sdk/sdk/2.2.0/src/rp2_common/pico_double/double_aeabi_rp2040.S.obj
                0x1000328e                __wrap___aeabi_dcmpun
 *fill*         0x100032a6        0x2 
 .text.__wrap___aeabi_i2d
                0x100032a8       0x38 CMakeFiles/USB_HID_Sniffer.dir/C_/Users/ASUS/.pico-sdk/sdk/2.2.0/src/rp2_common/pico_double/double_aeabi_rp2040.S.obj
                0x100032a8                uint2double
                0x100032a8                __wrap___aeabi_ui2d
                0x100032b0                int2double
                0x100032b0                __wrap___aeabi_i2d
 .text.__wrap___aeabi_d2iz
                0x100032e0       0x48 CMakeFiles/USB_HID_Sniffer.dir/C_/Users/ASUS/.pico-sdk/sdk/2.2.0/src/rp2_common/pico_double/double_aeabi_rp2040.S.obj
                0x100032e0                double2int_z
                0x100032e0                __wrap___aeabi_d2iz
 .text.__wrap___aeabi_d2uiz
                0x10003328       0x18 CMakeFiles/USB_HID_Sniffer.dir/C_/Users/ASUS/.pico-sdk/sdk/2.2.0/src/rp2_common/pico_double/double_aeabi_rp2040.S.obj
                0x10003328                double2uint
                0x10003328                __wrap___aeabi_d2uiz
                0x10003328                double2uint_z
 .text.__aeabi_double_init
                0x10003340       0xa4 CMakeFiles/USB_HID_Sniffer.dir/C_/Users/ASUS/.pico-sdk/sdk/2.2.0/src/rp2_common/pico_double/double_init_rom_rp2040.c.obj
                0x10003340                __aeabi_double_init
 .text.double_table_shim_on_use_helper
                0x100033e4       0x2c CMakeFiles/USB_HID_Sniffer.dir/C_/Users/ASUS/.pico-sdk/sdk/2.2.0/src/rp2_common/pico_double/double_v1_rom_shim_rp2040.S.obj
                0x100033e4                double_table_shim_on_use_helper
 .text.__wrap___aeabi_dsub
                0x10003410       0x10 CMakeFiles/USB_HID_Sniffer.dir/C_/Users/ASUS/.pico-sdk/sdk/2.2.0/src/rp2_common/pico_double/double_v1_rom_shim_rp2040.S.obj
                0x10003410                drsub_shim
                0x10003416                dsub_shim
 .text.dadd_shim
                0x10003420      0x15c CMakeFiles/USB_HID_Sniffer.dir/C_/Users/ASUS/.pico-sdk/sdk/2.2.0/src/rp2_common/pico_double/double_v1_rom_shim_rp2040.S.obj
                0x10003420                dadd_shim
 .text.dmul_shim
                0x1000357c      0x15c CMakeFiles/USB_HID_Sniffer.dir/C_/Users/ASUS/.pico-sdk/sdk/2.2.0/src/rp2_common/pico_double/double_v1_rom_shim_rp2040.S.obj
                0x1000357c                dmul_shim
 .text.ddiv_shim
                0x100036d8      0x1b0 CMakeFiles/USB_HID_Sniffer.dir/C_/Users/ASUS/.pico-sdk/sdk/2.2.0/src/rp2_common/pico_double/double_v1_rom_shim_rp2040.S.obj
                0x100036d8                ddiv_shim
 .text.double2uint_shim
                0x10003888        0xe CMakeFiles/USB_HID_Sniffer.dir/C_/Users/ASUS/.pico-sdk/sdk/2.2.0/src/rp2_common/pico_double/double_v1_rom_shim_rp2040.S.obj
                0x10003888                double2uint_shim
                0x1000388a                double2ufix_shim
 *fill*         0x10003896        0x2 
 .text.double2uint64_shim
                0x10003898       0x70 CMakeFiles/USB_HID_Sniffer.dir/C_/Users/ASUS/.pico-sdk/sdk/2.2.0/src/rp2_common/pico_double/double_v1_rom_shim_rp2040.S.obj
                0x10003898                double2uint64_shim
                0x1000389a                double2ufix64_shim
                0x100038ba                d2fix_a
 .text.dunpacks
                0x10003908       0x3c CMakeFiles/USB_HID_Sniffer.dir/C_/Users/ASUS/.pico-sdk/sdk/2.2.0/src/rp2_common/pico_double/double_v1_rom_shim_rp2040.S.obj
                0x10003908                dunpacks
 .text.__aeabi_lmul
                0x10003944       0x32 CMakeFiles/USB_HID_Sniffer.dir/C_/Users/ASUS/.pico-sdk/sdk/2.2.0/src/rp2_common/pico_int64_ops/pico_int64_ops_aeabi.S.obj
                0x10003944                __wrap___aeabi_lmul
 *fill*         0x10003976        0x2 
 .text.__wrap___aeabi_farithmetic
                0x10003978       0x48 CMakeFiles/USB_HID_Sniffer.dir/C_/Users/ASUS/.pico-sdk/sdk/2.2.0/src/rp2_common/pico_float/float_aeabi_rp2040.S.obj
                0x10003978                __wrap___aeabi_frsub
                0x1000397e                __wrap___aeabi_fsub
                0x10003984                __wrap___aeabi_fadd
                0x1000398a                __wrap___aeabi_fdiv
                0x100039b2                __wrap___aeabi_fmul
 .text.__wrap___aeabi_ui2f
                0x100039c0        0xa CMakeFiles/USB_HID_Sniffer.dir/C_/Users/ASUS/.pico-sdk/sdk/2.2.0/src/rp2_common/pico_float/float_aeabi_rp2040.S.obj
                0x100039c0                __wrap___aeabi_ui2f
                0x100039c0                uint2float
 *fill*         0x100039ca        0x2 
 .text.__wrap___aeabi_i2f
                0x100039cc       0x44 CMakeFiles/USB_HID_Sniffer.dir/C_/Users/ASUS/.pico-sdk/sdk/2.2.0/src/rp2_common/pico_float/float_aeabi_rp2040.S.obj
                0x100039cc                __wrap___aeabi_i2f
                0x100039cc                int2float
 .text.__wrap___aeabi_f2uiz
                0x10003a10        0xc CMakeFiles/USB_HID_Sniffer.dir/C_/Users/ASUS/.pico-sdk/sdk/2.2.0/src/rp2_common/pico_float/float_aeabi_rp2040.S.obj
                0x10003a10                float2uint_z
                0x10003a10                __wrap___aeabi_f2uiz
                0x10003a10                float2uint
 .text.__aeabi_float_init
                0x10003a1c       0x64 CMakeFiles/USB_HID_Sniffer.dir/C_/Users/ASUS/.pico-sdk/sdk/2.2.0/src/rp2_common/pico_float/float_init_rom_rp2040.c.obj
                0x10003a1c                __aeabi_float_init
 .text.float_table_shim_on_use_helper
                0x10003a80       0x2c CMakeFiles/USB_HID_Sniffer.dir/C_/Users/ASUS/.pico-sdk/sdk/2.2.0/src/rp2_common/pico_float/float_v1_rom_shim_rp2040.S.obj
                0x10003a80                float_table_shim_on_use_helper
 .text.__wrap_malloc
                0x10003aac       0x3c CMakeFiles/USB_HID_Sniffer.dir/C_/Users/ASUS/.pico-sdk/sdk/2.2.0/src/rp2_common/pico_malloc/malloc.c.obj
                0x10003aac                __wrap_malloc
 .text.__wrap_calloc
                0x10003ae8       0x44 CMakeFiles/USB_HID_Sniffer.dir/C_/Users/ASUS/.pico-sdk/sdk/2.2.0/src/rp2_common/pico_malloc/malloc.c.obj
                0x10003ae8                __wrap_calloc
 .text          0x10003b2c       0x10 CMakeFiles/USB_HID_Sniffer.dir/C_/Users/ASUS/.pico-sdk/sdk/2.2.0/src/rp2_common/pico_mem_ops/mem_ops_aeabi.S.obj
                0x10003b2c                __aeabi_mem_init
 .text.memset   0x10003b3c        0xc CMakeFiles/USB_HID_Sniffer.dir/C_/Users/ASUS/.pico-sdk/sdk/2.2.0/src/rp2_common/pico_mem_ops/mem_ops_aeabi.S.obj
                0x10003b3c                __wrap_memset
 .text.memcpy   0x10003b48        0xc CMakeFiles/USB_HID_Sniffer.dir/C_/Users/ASUS/.pico-sdk/sdk/2.2.0/src/rp2_common/pico_mem_ops/mem_ops_aeabi.S.obj
                0x10003b48                __wrap_memcpy
                0x10003b48                __wrap___aeabi_memcpy
 .text._out_buffer
                0x10003b54        0x8 CMakeFiles/USB_HID_Sniffer.dir/C_/Users/ASUS/.pico-sdk/sdk/2.2.0/src/rp2_common/pico_printf/printf.c.obj
 .text._out_null
                0x10003b5c        0x4 CMakeFiles/USB_HID_Sniffer.dir/C_/Users/ASUS/.pico-sdk/sdk/2.2.0/src/rp2_common/pico_printf/printf.c.obj
 .text._out_rev
                0x10003b60       0xac CMakeFiles/USB_HID_Sniffer.dir/C_/Users/ASUS/.pico-sdk/sdk/2.2.0/src/rp2_common/pico_printf/printf.c.obj
 .text._ntoa_format
                0x10003c0c      0x1cc CMakeFiles/USB_HID_Sniffer.dir/C_/Users/ASUS/.pico-sdk/sdk/2.2.0/src/rp2_common/pico_printf/printf.c.obj
 .text._out_char
                0x10003dd8       0x10 CMakeFiles/USB_HID_Sniffer.dir/C_/Users/ASUS/.pico-sdk/sdk/2.2.0/src/rp2_common/pico_printf/printf.c.obj
 .text._out_fct
                0x10003de8       0x10 CMakeFiles/USB_HID_Sniffer.dir/C_/Users/ASUS/.pico-sdk/sdk/2.2.0/src/rp2_common/pico_printf/printf.c.obj
 .text._ftoa    0x10003df8      0x4a8 CMakeFiles/USB_HID_Sniffer.dir/C_/Users/ASUS/.pico-sdk/sdk/2.2.0/src/rp2_common/pico_printf/printf.c.obj
 .text._etoa    0x100042a0      0x57c CMakeFiles/USB_HID_Sniffer.dir/C_/Users/ASUS/.pico-sdk/sdk/2.2.0/src/rp2_common/pico_printf/printf.c.obj
 .text._vsnprintf
                0x1000481c      0xbe0 CMakeFiles/USB_HID_Sniffer.dir/C_/Users/ASUS/.pico-sdk/sdk/2.2.0/src/rp2_common/pico_printf/printf.c.obj
 .text.__wrap_sprintf
                0x100053fc       0x2c CMakeFiles/USB_HID_Sniffer.dir/C_/Users/ASUS/.pico-sdk/sdk/2.2.0/src/rp2_common/pico_printf/printf.c.obj
                0x100053fc                __wrap_sprintf
 .text.vfctprintf
                0x10005428       0x24 CMakeFiles/USB_HID_Sniffer.dir/C_/Users/ASUS/.pico-sdk/sdk/2.2.0/src/rp2_common/pico_printf/printf.c.obj
                0x10005428                vfctprintf
 .text.weak_raw_vprintf
                0x1000544c       0x30 CMakeFiles/USB_HID_Sniffer.dir/C_/Users/ASUS/.pico-sdk/sdk/2.2.0/src/rp2_common/pico_printf/printf.c.obj
                0x1000544c                weak_raw_vprintf
 .text._exit    0x1000547c        0x4 CMakeFiles/USB_HID_Sniffer.dir/C_/Users/ASUS/.pico-sdk/sdk/2.2.0/src/rp2_common/pico_clib_interface/newlib_interface.c.obj
                0x1000547c                _exit
 .text._sbrk    0x10005480       0x34 CMakeFiles/USB_HID_Sniffer.dir/C_/Users/ASUS/.pico-sdk/sdk/2.2.0/src/rp2_common/pico_clib_interface/newlib_interface.c.obj
                0x10005480                _sbrk
 .text.exit     0x100054b4        0x8 CMakeFiles/USB_HID_Sniffer.dir/C_/Users/ASUS/.pico-sdk/sdk/2.2.0/src/rp2_common/pico_clib_interface/newlib_interface.c.obj
                0x100054b4                exit
 .text.runtime_init
                0x100054bc       0x2c CMakeFiles/USB_HID_Sniffer.dir/C_/Users/ASUS/.pico-sdk/sdk/2.2.0/src/rp2_common/pico_clib_interface/newlib_interface.c.obj
                0x100054bc                runtime_init
 .text.stdio_out_chars_no_crlf
                0x100054e8       0x10 CMakeFiles/USB_HID_Sniffer.dir/C_/Users/ASUS/.pico-sdk/sdk/2.2.0/src/rp2_common/pico_stdio/stdio.c.obj
 .text.stdio_out_chars_crlf
                0x100054f8       0xb0 CMakeFiles/USB_HID_Sniffer.dir/C_/Users/ASUS/.pico-sdk/sdk/2.2.0/src/rp2_common/pico_stdio/stdio.c.obj
 .text.stdio_buffered_printer
                0x100055a8       0x64 CMakeFiles/USB_HID_Sniffer.dir/C_/Users/ASUS/.pico-sdk/sdk/2.2.0/src/rp2_common/pico_stdio/stdio.c.obj
 .text.stdio_put_string
                0x1000560c       0xfc CMakeFiles/USB_HID_Sniffer.dir/C_/Users/ASUS/.pico-sdk/sdk/2.2.0/src/rp2_common/pico_stdio/stdio.c.obj
                0x1000560c                stdio_put_string
 .text.__wrap_putchar
                0x10005708       0x94 CMakeFiles/USB_HID_Sniffer.dir/C_/Users/ASUS/.pico-sdk/sdk/2.2.0/src/rp2_common/pico_stdio/stdio.c.obj
                0x10005708                __wrap_putchar
                0x10005708                stdio_putchar
 .text.__wrap_puts
                0x1000579c       0x3c CMakeFiles/USB_HID_Sniffer.dir/C_/Users/ASUS/.pico-sdk/sdk/2.2.0/src/rp2_common/pico_stdio/stdio.c.obj
                0x1000579c                stdio_puts
                0x1000579c                __wrap_puts
 .text.__wrap_vprintf
                0x100057d8       0xcc CMakeFiles/USB_HID_Sniffer.dir/C_/Users/ASUS/.pico-sdk/sdk/2.2.0/src/rp2_common/pico_stdio/stdio.c.obj
                0x100057d8                stdio_vprintf
                0x100057d8                __wrap_vprintf
 .text.__wrap_printf
                0x100058a4       0x18 CMakeFiles/USB_HID_Sniffer.dir/C_/Users/ASUS/.pico-sdk/sdk/2.2.0/src/rp2_common/pico_stdio/stdio.c.obj
                0x100058a4                __wrap_printf
                0x100058a4                stdio_printf
 .text.pio_usb_bus_init
                0x100058bc      0x198 CMakeFiles/USB_HID_Sniffer.dir/Pico-PIO-USB/src/pio_usb.c.obj
                0x100058bc                pio_usb_bus_init
 .text.pio_usb_host_add_port
                0x10005a54      0x10c CMakeFiles/USB_HID_Sniffer.dir/Pico-PIO-USB/src/pio_usb.c.obj
                0x10005a54                pio_usb_host_add_port
 .text.pio_usb_host_init
                0x10005b60      0x1e8 CMakeFiles/USB_HID_Sniffer.dir/Pico-PIO-USB/src/pio_usb_host.c.obj
                0x10005b60                pio_usb_host_init
 .text.pio_usb_host_port_reset_start
                0x10005d48       0x40 CMakeFiles/USB_HID_Sniffer.dir/Pico-PIO-USB/src/pio_usb_host.c.obj
                0x10005d48                pio_usb_host_port_reset_start
 .text.pio_usb_host_port_reset_end
                0x10005d88       0x48 CMakeFiles/USB_HID_Sniffer.dir/Pico-PIO-USB/src/pio_usb_host.c.obj
                0x10005d88                pio_usb_host_port_reset_end
 .text.pio_usb_host_close_device
                0x10005dd0       0x38 CMakeFiles/USB_HID_Sniffer.dir/Pico-PIO-USB/src/pio_usb_host.c.obj
                0x10005dd0                pio_usb_host_close_device
 .text.pio_usb_host_endpoint_open
                0x10005e08       0xb8 CMakeFiles/USB_HID_Sniffer.dir/Pico-PIO-USB/src/pio_usb_host.c.obj
                0x10005e08                pio_usb_host_endpoint_open
 .text.pio_usb_host_send_setup
                0x10005ec0       0x60 CMakeFiles/USB_HID_Sniffer.dir/Pico-PIO-USB/src/pio_usb_host.c.obj
                0x10005ec0                pio_usb_host_send_setup
 .text.pio_usb_host_endpoint_transfer
                0x10005f20       0x90 CMakeFiles/USB_HID_Sniffer.dir/Pico-PIO-USB/src/pio_usb_host.c.obj
                0x10005f20                pio_usb_host_endpoint_transfer
 .text.pio_usb_host_endpoint_abort_transfer
                0x10005fb0       0xb4 CMakeFiles/USB_HID_Sniffer.dir/Pico-PIO-USB/src/pio_usb_host.c.obj
                0x10005fb0                pio_usb_host_endpoint_abort_transfer
 .text.calc_usb_crc16
                0x10006064       0x34 CMakeFiles/USB_HID_Sniffer.dir/Pico-PIO-USB/src/usb_crc.c.obj
                0x10006064                calc_usb_crc16
 .text.core1_trampoline
                0x10006098        0x4 CMakeFiles/USB_HID_Sniffer.dir/C_/Users/ASUS/.pico-sdk/sdk/2.2.0/src/rp2_common/pico_multicore/multicore.c.obj
 .text.core1_wrapper
                0x1000609c        0xc CMakeFiles/USB_HID_Sniffer.dir/C_/Users/ASUS/.pico-sdk/sdk/2.2.0/src/rp2_common/pico_multicore/multicore.c.obj
                0x1000609c                core1_wrapper
 .text.multicore_reset_core1
                0x100060a8       0x60 CMakeFiles/USB_HID_Sniffer.dir/C_/Users/ASUS/.pico-sdk/sdk/2.2.0/src/rp2_common/pico_multicore/multicore.c.obj
                0x100060a8                multicore_reset_core1
 .text.multicore_launch_core1_raw
                0x10006108       0x8c CMakeFiles/USB_HID_Sniffer.dir/C_/Users/ASUS/.pico-sdk/sdk/2.2.0/src/rp2_common/pico_multicore/multicore.c.obj
                0x10006108                multicore_launch_core1_raw
 .text.multicore_launch_core1
                0x10006194       0x58 CMakeFiles/USB_HID_Sniffer.dir/C_/Users/ASUS/.pico-sdk/sdk/2.2.0/src/rp2_common/pico_multicore/multicore.c.obj
                0x10006194                multicore_launch_core1
 .text.pio_sm_claim
                0x100061ec       0x30 CMakeFiles/USB_HID_Sniffer.dir/C_/Users/ASUS/.pico-sdk/sdk/2.2.0/src/rp2_common/hardware_pio/pio.c.obj
                0x100061ec                pio_sm_claim
 .text.pio_add_program
                0x1000621c       0xf8 CMakeFiles/USB_HID_Sniffer.dir/C_/Users/ASUS/.pico-sdk/sdk/2.2.0/src/rp2_common/hardware_pio/pio.c.obj
                0x1000621c                pio_add_program
 .text.pio_add_program_at_offset
                0x10006314       0xb0 CMakeFiles/USB_HID_Sniffer.dir/C_/Users/ASUS/.pico-sdk/sdk/2.2.0/src/rp2_common/hardware_pio/pio.c.obj
                0x10006314                pio_add_program_at_offset
 .text.pio_sm_set_pins_with_mask64
                0x100063c4       0xa8 CMakeFiles/USB_HID_Sniffer.dir/C_/Users/ASUS/.pico-sdk/sdk/2.2.0/src/rp2_common/hardware_pio/pio.c.obj
                0x100063c4                pio_sm_set_pins_with_mask64
 .text.pio_sm_set_pindirs_with_mask64
                0x1000646c       0xac CMakeFiles/USB_HID_Sniffer.dir/C_/Users/ASUS/.pico-sdk/sdk/2.2.0/src/rp2_common/hardware_pio/pio.c.obj
                0x1000646c                pio_sm_set_pindirs_with_mask64
 .text.pio_sm_set_consecutive_pindirs
                0x10006518       0xb4 CMakeFiles/USB_HID_Sniffer.dir/C_/Users/ASUS/.pico-sdk/sdk/2.2.0/src/rp2_common/hardware_pio/pio.c.obj
                0x10006518                pio_sm_set_consecutive_pindirs
 .text.pio_sm_init
                0x100065cc       0x9c CMakeFiles/USB_HID_Sniffer.dir/C_/Users/ASUS/.pico-sdk/sdk/2.2.0/src/rp2_common/hardware_pio/pio.c.obj
                0x100065cc                pio_sm_init
 .text.dma_claim_mask
                0x10006668       0x44 CMakeFiles/USB_HID_Sniffer.dir/C_/Users/ASUS/.pico-sdk/sdk/2.2.0/src/rp2_common/hardware_dma/dma.c.obj
                0x10006668                dma_claim_mask
 .text.dcd_init
                0x100066ac       0x90 CMakeFiles/USB_HID_Sniffer.dir/C_/Users/ASUS/.pico-sdk/sdk/2.2.0/lib/tinyusb/src/portable/raspberrypi/rp2040/dcd_rp2040.c.obj
                0x100066ac                dcd_init
 .text.dcd_int_enable
                0x1000673c        0xc CMakeFiles/USB_HID_Sniffer.dir/C_/Users/ASUS/.pico-sdk/sdk/2.2.0/lib/tinyusb/src/portable/raspberrypi/rp2040/dcd_rp2040.c.obj
                0x1000673c                dcd_int_enable
 .text.dcd_set_address
                0x10006748       0x14 CMakeFiles/USB_HID_Sniffer.dir/C_/Users/ASUS/.pico-sdk/sdk/2.2.0/lib/tinyusb/src/portable/raspberrypi/rp2040/dcd_rp2040.c.obj
                0x10006748                dcd_set_address
 .text.dcd_sof_enable
                0x1000675c       0x1c CMakeFiles/USB_HID_Sniffer.dir/C_/Users/ASUS/.pico-sdk/sdk/2.2.0/lib/tinyusb/src/portable/raspberrypi/rp2040/dcd_rp2040.c.obj
                0x1000675c                dcd_sof_enable
 .text.dcd_edpt0_status_complete
                0x10006778       0x1c CMakeFiles/USB_HID_Sniffer.dir/C_/Users/ASUS/.pico-sdk/sdk/2.2.0/lib/tinyusb/src/portable/raspberrypi/rp2040/dcd_rp2040.c.obj
                0x10006778                dcd_edpt0_status_complete
 .text.dcd_edpt_open
                0x10006794      0x114 CMakeFiles/USB_HID_Sniffer.dir/C_/Users/ASUS/.pico-sdk/sdk/2.2.0/lib/tinyusb/src/portable/raspberrypi/rp2040/dcd_rp2040.c.obj
                0x10006794                dcd_edpt_open
 .text.dcd_edpt_close_all
                0x100068a8        0x8 CMakeFiles/USB_HID_Sniffer.dir/C_/Users/ASUS/.pico-sdk/sdk/2.2.0/lib/tinyusb/src/portable/raspberrypi/rp2040/dcd_rp2040.c.obj
                0x100068a8                dcd_edpt_close_all
 .text.dcd_edpt_xfer
                0x100068b0       0x24 CMakeFiles/USB_HID_Sniffer.dir/C_/Users/ASUS/.pico-sdk/sdk/2.2.0/lib/tinyusb/src/portable/raspberrypi/rp2040/dcd_rp2040.c.obj
                0x100068b0                dcd_edpt_xfer
 .text.dcd_edpt_stall
                0x100068d4       0x3c CMakeFiles/USB_HID_Sniffer.dir/C_/Users/ASUS/.pico-sdk/sdk/2.2.0/lib/tinyusb/src/portable/raspberrypi/rp2040/dcd_rp2040.c.obj
                0x100068d4                dcd_edpt_stall
 .text.dcd_edpt_clear_stall
                0x10006910       0x30 CMakeFiles/USB_HID_Sniffer.dir/C_/Users/ASUS/.pico-sdk/sdk/2.2.0/lib/tinyusb/src/portable/raspberrypi/rp2040/dcd_rp2040.c.obj
                0x10006910                dcd_edpt_clear_stall
 .text.rp2040_usb_init
                0x10006940       0x40 CMakeFiles/USB_HID_Sniffer.dir/C_/Users/ASUS/.pico-sdk/sdk/2.2.0/lib/tinyusb/src/portable/raspberrypi/rp2040/rp2040_usb.c.obj
                0x10006940                rp2040_usb_init
 .text.hw_endpoint_xfer_start
                0x10006980       0x40 CMakeFiles/USB_HID_Sniffer.dir/C_/Users/ASUS/.pico-sdk/sdk/2.2.0/lib/tinyusb/src/portable/raspberrypi/rp2040/rp2040_usb.c.obj
                0x10006980                hw_endpoint_xfer_start
 .text.tud_vendor_control_xfer_cb
                0x100069c0        0x4 CMakeFiles/USB_HID_Sniffer.dir/C_/Users/ASUS/.pico-sdk/sdk/2.2.0/lib/tinyusb/src/device/usbd.c.obj
                0x100069c0                tud_vendor_control_xfer_cb
 .text.tud_event_hook_cb
                0x100069c4        0x4 CMakeFiles/USB_HID_Sniffer.dir/C_/Users/ASUS/.pico-sdk/sdk/2.2.0/lib/tinyusb/src/device/usbd.c.obj
                0x100069c4                tud_event_hook_cb
 .text.tud_sof_cb
                0x100069c8        0x4 CMakeFiles/USB_HID_Sniffer.dir/C_/Users/ASUS/.pico-sdk/sdk/2.2.0/lib/tinyusb/src/device/usbd.c.obj
                0x100069c8                tud_sof_cb
 .text.tud_descriptor_bos_cb
                0x100069cc        0x4 CMakeFiles/USB_HID_Sniffer.dir/C_/Users/ASUS/.pico-sdk/sdk/2.2.0/lib/tinyusb/src/device/usbd.c.obj
                0x100069cc                tud_descriptor_bos_cb
 .text.tud_descriptor_device_qualifier_cb
                0x100069d0        0x4 CMakeFiles/USB_HID_Sniffer.dir/C_/Users/ASUS/.pico-sdk/sdk/2.2.0/lib/tinyusb/src/device/usbd.c.obj
                0x100069d0                tud_descriptor_device_qualifier_cb
 .text.tud_descriptor_other_speed_configuration_cb
                0x100069d4        0x4 CMakeFiles/USB_HID_Sniffer.dir/C_/Users/ASUS/.pico-sdk/sdk/2.2.0/lib/tinyusb/src/device/usbd.c.obj
                0x100069d4                tud_descriptor_other_speed_configuration_cb
 .text.tud_mount_cb
                0x100069d8        0x4 CMakeFiles/USB_HID_Sniffer.dir/C_/Users/ASUS/.pico-sdk/sdk/2.2.0/lib/tinyusb/src/device/usbd.c.obj
                0x100069d8                tud_mount_cb
 .text.tud_umount_cb
                0x100069dc        0x4 CMakeFiles/USB_HID_Sniffer.dir/C_/Users/ASUS/.pico-sdk/sdk/2.2.0/lib/tinyusb/src/device/usbd.c.obj
                0x100069dc                tud_umount_cb
 .text.tud_suspend_cb
                0x100069e0        0x4 CMakeFiles/USB_HID_Sniffer.dir/C_/Users/ASUS/.pico-sdk/sdk/2.2.0/lib/tinyusb/src/device/usbd.c.obj
                0x100069e0                tud_suspend_cb
 .text.tud_resume_cb
                0x100069e4        0x4 CMakeFiles/USB_HID_Sniffer.dir/C_/Users/ASUS/.pico-sdk/sdk/2.2.0/lib/tinyusb/src/device/usbd.c.obj
                0x100069e4                tud_resume_cb
 .text.tud_mounted
                0x100069e8       0x10 CMakeFiles/USB_HID_Sniffer.dir/C_/Users/ASUS/.pico-sdk/sdk/2.2.0/lib/tinyusb/src/device/usbd.c.obj
                0x100069e8                tud_mounted
 .text.tud_suspended
                0x100069f8       0x10 CMakeFiles/USB_HID_Sniffer.dir/C_/Users/ASUS/.pico-sdk/sdk/2.2.0/lib/tinyusb/src/device/usbd.c.obj
                0x100069f8                tud_suspended
 .text.tud_rhport_init
                0x10006a08       0xf4 CMakeFiles/USB_HID_Sniffer.dir/C_/Users/ASUS/.pico-sdk/sdk/2.2.0/lib/tinyusb/src/device/usbd.c.obj
                0x10006a08                tud_rhport_init
 .text.tud_task_ext
                0x10006afc      0x800 CMakeFiles/USB_HID_Sniffer.dir/C_/Users/ASUS/.pico-sdk/sdk/2.2.0/lib/tinyusb/src/device/usbd.c.obj
                0x10006afc                tud_task_ext
 .text.usbd_open_edpt_pair
                0x100072fc       0x9c CMakeFiles/USB_HID_Sniffer.dir/C_/Users/ASUS/.pico-sdk/sdk/2.2.0/lib/tinyusb/src/device/usbd.c.obj
                0x100072fc                usbd_open_edpt_pair
 .text.usbd_edpt_open
                0x10007398       0x34 CMakeFiles/USB_HID_Sniffer.dir/C_/Users/ASUS/.pico-sdk/sdk/2.2.0/lib/tinyusb/src/device/usbd.c.obj
                0x10007398                usbd_edpt_open
 .text.usbd_edpt_claim
                0x100073cc       0x28 CMakeFiles/USB_HID_Sniffer.dir/C_/Users/ASUS/.pico-sdk/sdk/2.2.0/lib/tinyusb/src/device/usbd.c.obj
                0x100073cc                usbd_edpt_claim
 .text.usbd_edpt_release
                0x100073f4       0x28 CMakeFiles/USB_HID_Sniffer.dir/C_/Users/ASUS/.pico-sdk/sdk/2.2.0/lib/tinyusb/src/device/usbd.c.obj
                0x100073f4                usbd_edpt_release
 .text.usbd_edpt_xfer
                0x1000741c       0x4c CMakeFiles/USB_HID_Sniffer.dir/C_/Users/ASUS/.pico-sdk/sdk/2.2.0/lib/tinyusb/src/device/usbd.c.obj
                0x1000741c                usbd_edpt_xfer
 .text.tud_control_status
                0x10007468       0x2c CMakeFiles/USB_HID_Sniffer.dir/C_/Users/ASUS/.pico-sdk/sdk/2.2.0/lib/tinyusb/src/device/usbd_control.c.obj
                0x10007468                tud_control_status
 .text.tud_control_xfer
                0x10007494       0xa8 CMakeFiles/USB_HID_Sniffer.dir/C_/Users/ASUS/.pico-sdk/sdk/2.2.0/lib/tinyusb/src/device/usbd_control.c.obj
                0x10007494                tud_control_xfer
 .text.usbd_control_reset
                0x1000753c       0x14 CMakeFiles/USB_HID_Sniffer.dir/C_/Users/ASUS/.pico-sdk/sdk/2.2.0/lib/tinyusb/src/device/usbd_control.c.obj
                0x1000753c                usbd_control_reset
 .text.usbd_control_set_complete_callback
                0x10007550        0xc CMakeFiles/USB_HID_Sniffer.dir/C_/Users/ASUS/.pico-sdk/sdk/2.2.0/lib/tinyusb/src/device/usbd_control.c.obj
                0x10007550                usbd_control_set_complete_callback
 .text.usbd_control_set_request
                0x1000755c       0x1c CMakeFiles/USB_HID_Sniffer.dir/C_/Users/ASUS/.pico-sdk/sdk/2.2.0/lib/tinyusb/src/device/usbd_control.c.obj
                0x1000755c                usbd_control_set_request
 .text.usbd_control_xfer_cb
                0x10007578       0xec CMakeFiles/USB_HID_Sniffer.dir/C_/Users/ASUS/.pico-sdk/sdk/2.2.0/lib/tinyusb/src/device/usbd_control.c.obj
                0x10007578                usbd_control_xfer_cb
 .text._prep_out_transaction.isra.0
                0x10007664       0x70 CMakeFiles/USB_HID_Sniffer.dir/C_/Users/ASUS/.pico-sdk/sdk/2.2.0/lib/tinyusb/src/class/cdc/cdc_device.c.obj
 .text.tud_cdc_n_available
                0x100076d4       0x1c CMakeFiles/USB_HID_Sniffer.dir/C_/Users/ASUS/.pico-sdk/sdk/2.2.0/lib/tinyusb/src/class/cdc/cdc_device.c.obj
                0x100076d4                tud_cdc_n_available
 .text.tud_cdc_n_read
                0x100076f0       0x9c CMakeFiles/USB_HID_Sniffer.dir/C_/Users/ASUS/.pico-sdk/sdk/2.2.0/lib/tinyusb/src/class/cdc/cdc_device.c.obj
                0x100076f0                tud_cdc_n_read
 .text.tud_cdc_n_write_flush
                0x1000778c       0x7c CMakeFiles/USB_HID_Sniffer.dir/C_/Users/ASUS/.pico-sdk/sdk/2.2.0/lib/tinyusb/src/class/cdc/cdc_device.c.obj
                0x1000778c                tud_cdc_n_write_flush
 .text.tud_cdc_n_write
                0x10007808       0x44 CMakeFiles/USB_HID_Sniffer.dir/C_/Users/ASUS/.pico-sdk/sdk/2.2.0/lib/tinyusb/src/class/cdc/cdc_device.c.obj
                0x10007808                tud_cdc_n_write
 .text.cdcd_init
                0x1000784c       0x7c CMakeFiles/USB_HID_Sniffer.dir/C_/Users/ASUS/.pico-sdk/sdk/2.2.0/lib/tinyusb/src/class/cdc/cdc_device.c.obj
                0x1000784c                cdcd_init
 .text.cdcd_deinit
                0x100078c8       0x30 CMakeFiles/USB_HID_Sniffer.dir/C_/Users/ASUS/.pico-sdk/sdk/2.2.0/lib/tinyusb/src/class/cdc/cdc_device.c.obj
                0x100078c8                cdcd_deinit
 .text.cdcd_reset
                0x100078f8       0x4c CMakeFiles/USB_HID_Sniffer.dir/C_/Users/ASUS/.pico-sdk/sdk/2.2.0/lib/tinyusb/src/class/cdc/cdc_device.c.obj
                0x100078f8                cdcd_reset
 .text.cdcd_open
                0x10007944       0xa4 CMakeFiles/USB_HID_Sniffer.dir/C_/Users/ASUS/.pico-sdk/sdk/2.2.0/lib/tinyusb/src/class/cdc/cdc_device.c.obj
                0x10007944                cdcd_open
 .text.cdcd_control_xfer_cb
                0x100079e8       0xe8 CMakeFiles/USB_HID_Sniffer.dir/C_/Users/ASUS/.pico-sdk/sdk/2.2.0/lib/tinyusb/src/class/cdc/cdc_device.c.obj
                0x100079e8                cdcd_control_xfer_cb
 .text.cdcd_xfer_cb
                0x10007ad0      0x100 CMakeFiles/USB_HID_Sniffer.dir/C_/Users/ASUS/.pico-sdk/sdk/2.2.0/lib/tinyusb/src/class/cdc/cdc_device.c.obj
                0x10007ad0                cdcd_xfer_cb
 .text.tud_hid_set_protocol_cb
                0x10007bd0        0x4 CMakeFiles/USB_HID_Sniffer.dir/C_/Users/ASUS/.pico-sdk/sdk/2.2.0/lib/tinyusb/src/class/hid/hid_device.c.obj
                0x10007bd0                tud_hid_set_protocol_cb
 .text.tud_hid_set_idle_cb
                0x10007bd4        0x4 CMakeFiles/USB_HID_Sniffer.dir/C_/Users/ASUS/.pico-sdk/sdk/2.2.0/lib/tinyusb/src/class/hid/hid_device.c.obj
                0x10007bd4                tud_hid_set_idle_cb
 .text.tud_hid_report_failed_cb
                0x10007bd8        0x4 CMakeFiles/USB_HID_Sniffer.dir/C_/Users/ASUS/.pico-sdk/sdk/2.2.0/lib/tinyusb/src/class/hid/hid_device.c.obj
                0x10007bd8                tud_hid_report_failed_cb
 .text.tud_hid_n_keyboard_report
                0x10007bdc       0x84 CMakeFiles/USB_HID_Sniffer.dir/C_/Users/ASUS/.pico-sdk/sdk/2.2.0/lib/tinyusb/src/class/hid/hid_device.c.obj
                0x10007bdc                tud_hid_n_keyboard_report
 .text.tud_hid_n_mouse_report
                0x10007c60       0x8c CMakeFiles/USB_HID_Sniffer.dir/C_/Users/ASUS/.pico-sdk/sdk/2.2.0/lib/tinyusb/src/class/hid/hid_device.c.obj
                0x10007c60                tud_hid_n_mouse_report
 .text.hidd_init
                0x10007cec       0x14 CMakeFiles/USB_HID_Sniffer.dir/C_/Users/ASUS/.pico-sdk/sdk/2.2.0/lib/tinyusb/src/class/hid/hid_device.c.obj
                0x10007cec                hidd_init
 .text.hidd_deinit
                0x10007d00        0x4 CMakeFiles/USB_HID_Sniffer.dir/C_/Users/ASUS/.pico-sdk/sdk/2.2.0/lib/tinyusb/src/class/hid/hid_device.c.obj
                0x10007d00                hidd_deinit
 .text.hidd_reset
                0x10007d04       0x14 CMakeFiles/USB_HID_Sniffer.dir/C_/Users/ASUS/.pico-sdk/sdk/2.2.0/lib/tinyusb/src/class/hid/hid_device.c.obj
                0x10007d04                hidd_reset
 .text.hidd_open
                0x10007d18       0x8c CMakeFiles/USB_HID_Sniffer.dir/C_/Users/ASUS/.pico-sdk/sdk/2.2.0/lib/tinyusb/src/class/hid/hid_device.c.obj
                0x10007d18                hidd_open
 .text.hidd_control_xfer_cb
                0x10007da4      0x198 CMakeFiles/USB_HID_Sniffer.dir/C_/Users/ASUS/.pico-sdk/sdk/2.2.0/lib/tinyusb/src/class/hid/hid_device.c.obj
                0x10007da4                hidd_control_xfer_cb
 .text.hidd_xfer_cb
                0x10007f3c       0x7c CMakeFiles/USB_HID_Sniffer.dir/C_/Users/ASUS/.pico-sdk/sdk/2.2.0/lib/tinyusb/src/class/hid/hid_device.c.obj
                0x10007f3c                hidd_xfer_cb
 .text.tusb_time_delay_ms_api
                0x10007fb8        0x8 CMakeFiles/USB_HID_Sniffer.dir/C_/Users/ASUS/.pico-sdk/sdk/2.2.0/lib/tinyusb/src/tusb.c.obj
                0x10007fb8                tusb_time_delay_ms_api
 .text.tu_edpt_claim
                0x10007fc0       0x50 CMakeFiles/USB_HID_Sniffer.dir/C_/Users/ASUS/.pico-sdk/sdk/2.2.0/lib/tinyusb/src/tusb.c.obj
                0x10007fc0                tu_edpt_claim
 .text.tu_edpt_release
                0x10008010       0x38 CMakeFiles/USB_HID_Sniffer.dir/C_/Users/ASUS/.pico-sdk/sdk/2.2.0/lib/tinyusb/src/tusb.c.obj
                0x10008010                tu_edpt_release
 .text.tu_edpt_validate
                0x10008048       0x7c CMakeFiles/USB_HID_Sniffer.dir/C_/Users/ASUS/.pico-sdk/sdk/2.2.0/lib/tinyusb/src/tusb.c.obj
                0x10008048                tu_edpt_validate
 .text.tu_edpt_bind_driver
                0x100080c4       0x34 CMakeFiles/USB_HID_Sniffer.dir/C_/Users/ASUS/.pico-sdk/sdk/2.2.0/lib/tinyusb/src/tusb.c.obj
                0x100080c4                tu_edpt_bind_driver
 .text.tu_desc_get_interface_total_len
                0x100080f8       0x50 CMakeFiles/USB_HID_Sniffer.dir/C_/Users/ASUS/.pico-sdk/sdk/2.2.0/lib/tinyusb/src/tusb.c.obj
                0x100080f8                tu_desc_get_interface_total_len
 .text.tu_fifo_config
                0x10008148       0x6c CMakeFiles/USB_HID_Sniffer.dir/C_/Users/ASUS/.pico-sdk/sdk/2.2.0/lib/tinyusb/src/common/tusb_fifo.c.obj
                0x10008148                tu_fifo_config
 .text.tu_fifo_count
                0x100081b4       0x2c CMakeFiles/USB_HID_Sniffer.dir/C_/Users/ASUS/.pico-sdk/sdk/2.2.0/lib/tinyusb/src/common/tusb_fifo.c.obj
                0x100081b4                tu_fifo_count
 .text.tu_fifo_empty
                0x100081e0       0x10 CMakeFiles/USB_HID_Sniffer.dir/C_/Users/ASUS/.pico-sdk/sdk/2.2.0/lib/tinyusb/src/common/tusb_fifo.c.obj
                0x100081e0                tu_fifo_empty
 .text.tu_fifo_remaining
                0x100081f0       0x2c CMakeFiles/USB_HID_Sniffer.dir/C_/Users/ASUS/.pico-sdk/sdk/2.2.0/lib/tinyusb/src/common/tusb_fifo.c.obj
                0x100081f0                tu_fifo_remaining
 .text.tu_fifo_read
                0x1000821c       0x9c CMakeFiles/USB_HID_Sniffer.dir/C_/Users/ASUS/.pico-sdk/sdk/2.2.0/lib/tinyusb/src/common/tusb_fifo.c.obj
                0x1000821c                tu_fifo_read
 .text.tu_fifo_read_n
                0x100082b8       0xe8 CMakeFiles/USB_HID_Sniffer.dir/C_/Users/ASUS/.pico-sdk/sdk/2.2.0/lib/tinyusb/src/common/tusb_fifo.c.obj
                0x100082b8                tu_fifo_read_n
 .text.tu_fifo_write
                0x100083a0       0xa4 CMakeFiles/USB_HID_Sniffer.dir/C_/Users/ASUS/.pico-sdk/sdk/2.2.0/lib/tinyusb/src/common/tusb_fifo.c.obj
                0x100083a0                tu_fifo_write
 .text.tu_fifo_write_n
                0x10008444      0x178 CMakeFiles/USB_HID_Sniffer.dir/C_/Users/ASUS/.pico-sdk/sdk/2.2.0/lib/tinyusb/src/common/tusb_fifo.c.obj
                0x10008444                tu_fifo_write_n
 .text.tu_fifo_clear
                0x100085bc       0x40 CMakeFiles/USB_HID_Sniffer.dir/C_/Users/ASUS/.pico-sdk/sdk/2.2.0/lib/tinyusb/src/common/tusb_fifo.c.obj
                0x100085bc                tu_fifo_clear
 .text.tu_fifo_set_overwritable
                0x100085fc       0x48 CMakeFiles/USB_HID_Sniffer.dir/C_/Users/ASUS/.pico-sdk/sdk/2.2.0/lib/tinyusb/src/common/tusb_fifo.c.obj
                0x100085fc                tu_fifo_set_overwritable
 .text._control_blocking_complete_cb
                0x10008644        0x8 CMakeFiles/USB_HID_Sniffer.dir/C_/Users/ASUS/.pico-sdk/sdk/2.2.0/lib/tinyusb/src/host/usbh.c.obj
 .text.process_removing_device
                0x1000864c      0x160 CMakeFiles/USB_HID_Sniffer.dir/C_/Users/ASUS/.pico-sdk/sdk/2.2.0/lib/tinyusb/src/host/usbh.c.obj
 .text.usbh_control_xfer_cb.isra.0
                0x100087ac      0x23c CMakeFiles/USB_HID_Sniffer.dir/C_/Users/ASUS/.pico-sdk/sdk/2.2.0/lib/tinyusb/src/host/usbh.c.obj
 .text.tuh_event_hook_cb
                0x100089e8        0x4 CMakeFiles/USB_HID_Sniffer.dir/C_/Users/ASUS/.pico-sdk/sdk/2.2.0/lib/tinyusb/src/host/usbh.c.obj
                0x100089e8                tuh_event_hook_cb
 .text.tuh_vid_pid_get
                0x100089ec       0x38 CMakeFiles/USB_HID_Sniffer.dir/C_/Users/ASUS/.pico-sdk/sdk/2.2.0/lib/tinyusb/src/host/usbh.c.obj
                0x100089ec                tuh_vid_pid_get
 .text.tuh_configure
                0x10008a24        0x8 CMakeFiles/USB_HID_Sniffer.dir/C_/Users/ASUS/.pico-sdk/sdk/2.2.0/lib/tinyusb/src/host/usbh.c.obj
                0x10008a24                tuh_configure
 .text.tuh_rhport_init
                0x10008a2c      0x13c CMakeFiles/USB_HID_Sniffer.dir/C_/Users/ASUS/.pico-sdk/sdk/2.2.0/lib/tinyusb/src/host/usbh.c.obj
                0x10008a2c                tuh_rhport_init
 .text.tuh_control_xfer
                0x10008b68      0x148 CMakeFiles/USB_HID_Sniffer.dir/C_/Users/ASUS/.pico-sdk/sdk/2.2.0/lib/tinyusb/src/host/usbh.c.obj
                0x10008b68                tuh_control_xfer
 .text.enum_new_device.isra.0
                0x10008cb0       0xe4 CMakeFiles/USB_HID_Sniffer.dir/C_/Users/ASUS/.pico-sdk/sdk/2.2.0/lib/tinyusb/src/host/usbh.c.obj
 .text.tuh_task_ext.part.0
                0x10008d94      0x228 CMakeFiles/USB_HID_Sniffer.dir/C_/Users/ASUS/.pico-sdk/sdk/2.2.0/lib/tinyusb/src/host/usbh.c.obj
 .text.tuh_task_ext
                0x10008fbc       0x18 CMakeFiles/USB_HID_Sniffer.dir/C_/Users/ASUS/.pico-sdk/sdk/2.2.0/lib/tinyusb/src/host/usbh.c.obj
                0x10008fbc                tuh_task_ext
 .text.process_enumeration
                0x10008fd4      0x634 CMakeFiles/USB_HID_Sniffer.dir/C_/Users/ASUS/.pico-sdk/sdk/2.2.0/lib/tinyusb/src/host/usbh.c.obj
 .text.usbh_get_rhport
                0x10009608       0x20 CMakeFiles/USB_HID_Sniffer.dir/C_/Users/ASUS/.pico-sdk/sdk/2.2.0/lib/tinyusb/src/host/usbh.c.obj
                0x10009608                usbh_get_rhport
 .text.usbh_get_enum_buf
                0x10009628        0x8 CMakeFiles/USB_HID_Sniffer.dir/C_/Users/ASUS/.pico-sdk/sdk/2.2.0/lib/tinyusb/src/host/usbh.c.obj
                0x10009628                usbh_get_enum_buf
 .text.usbh_edpt_claim
                0x10009630       0x48 CMakeFiles/USB_HID_Sniffer.dir/C_/Users/ASUS/.pico-sdk/sdk/2.2.0/lib/tinyusb/src/host/usbh.c.obj
                0x10009630                usbh_edpt_claim
 .text.usbh_edpt_release
                0x10009678       0x48 CMakeFiles/USB_HID_Sniffer.dir/C_/Users/ASUS/.pico-sdk/sdk/2.2.0/lib/tinyusb/src/host/usbh.c.obj
                0x10009678                usbh_edpt_release
 .text.usbh_edpt_xfer_with_callback
                0x100096c0       0x70 CMakeFiles/USB_HID_Sniffer.dir/C_/Users/ASUS/.pico-sdk/sdk/2.2.0/lib/tinyusb/src/host/usbh.c.obj
                0x100096c0                usbh_edpt_xfer_with_callback
 .text.tuh_edpt_open
                0x10009730       0x50 CMakeFiles/USB_HID_Sniffer.dir/C_/Users/ASUS/.pico-sdk/sdk/2.2.0/lib/tinyusb/src/host/usbh.c.obj
                0x10009730                tuh_edpt_open
 .text.hcd_devtree_get_info
                0x10009780       0x40 CMakeFiles/USB_HID_Sniffer.dir/C_/Users/ASUS/.pico-sdk/sdk/2.2.0/lib/tinyusb/src/host/usbh.c.obj
                0x10009780                hcd_devtree_get_info
 .text.tuh_descriptor_get_hid_report
                0x100097c0      0x160 CMakeFiles/USB_HID_Sniffer.dir/C_/Users/ASUS/.pico-sdk/sdk/2.2.0/lib/tinyusb/src/host/usbh.c.obj
                0x100097c0                tuh_descriptor_get_hid_report
 .text.usbh_driver_set_config_complete
                0x10009920      0x19c CMakeFiles/USB_HID_Sniffer.dir/C_/Users/ASUS/.pico-sdk/sdk/2.2.0/lib/tinyusb/src/host/usbh.c.obj
                0x10009920                usbh_driver_set_config_complete
 .text.connection_port_reset_complete
                0x10009abc       0x34 CMakeFiles/USB_HID_Sniffer.dir/C_/Users/ASUS/.pico-sdk/sdk/2.2.0/lib/tinyusb/src/host/hub.c.obj
 .text.hub_clear_feature_complete_stub
                0x10009af0       0x2c CMakeFiles/USB_HID_Sniffer.dir/C_/Users/ASUS/.pico-sdk/sdk/2.2.0/lib/tinyusb/src/host/hub.c.obj
 .text.config_set_port_power
                0x10009b1c       0x54 CMakeFiles/USB_HID_Sniffer.dir/C_/Users/ASUS/.pico-sdk/sdk/2.2.0/lib/tinyusb/src/host/hub.c.obj
 .text.config_port_power_complete
                0x10009b70       0x8c CMakeFiles/USB_HID_Sniffer.dir/C_/Users/ASUS/.pico-sdk/sdk/2.2.0/lib/tinyusb/src/host/hub.c.obj
 .text.connection_clear_conn_change_complete
                0x10009bfc       0x90 CMakeFiles/USB_HID_Sniffer.dir/C_/Users/ASUS/.pico-sdk/sdk/2.2.0/lib/tinyusb/src/host/hub.c.obj
 .text.hub_get_status_complete
                0x10009c8c       0x8c CMakeFiles/USB_HID_Sniffer.dir/C_/Users/ASUS/.pico-sdk/sdk/2.2.0/lib/tinyusb/src/host/hub.c.obj
 .text.hub_port_get_status_complete
                0x10009d18      0x168 CMakeFiles/USB_HID_Sniffer.dir/C_/Users/ASUS/.pico-sdk/sdk/2.2.0/lib/tinyusb/src/host/hub.c.obj
 .text.hub_port_clear_feature
                0x10009e80       0x48 CMakeFiles/USB_HID_Sniffer.dir/C_/Users/ASUS/.pico-sdk/sdk/2.2.0/lib/tinyusb/src/host/hub.c.obj
                0x10009e80                hub_port_clear_feature
 .text.hub_port_get_status
                0x10009ec8       0x54 CMakeFiles/USB_HID_Sniffer.dir/C_/Users/ASUS/.pico-sdk/sdk/2.2.0/lib/tinyusb/src/host/hub.c.obj
                0x10009ec8                hub_port_get_status
 .text.hub_init
                0x10009f1c       0x14 CMakeFiles/USB_HID_Sniffer.dir/C_/Users/ASUS/.pico-sdk/sdk/2.2.0/lib/tinyusb/src/host/hub.c.obj
                0x10009f1c                hub_init
 .text.hub_deinit
                0x10009f30        0x4 CMakeFiles/USB_HID_Sniffer.dir/C_/Users/ASUS/.pico-sdk/sdk/2.2.0/lib/tinyusb/src/host/hub.c.obj
                0x10009f30                hub_deinit
 .text.hub_open
                0x10009f34       0x54 CMakeFiles/USB_HID_Sniffer.dir/C_/Users/ASUS/.pico-sdk/sdk/2.2.0/lib/tinyusb/src/host/hub.c.obj
                0x10009f34                hub_open
 .text.hub_close
                0x10009f88       0x24 CMakeFiles/USB_HID_Sniffer.dir/C_/Users/ASUS/.pico-sdk/sdk/2.2.0/lib/tinyusb/src/host/hub.c.obj
                0x10009f88                hub_close
 .text.hub_edpt_status_xfer
                0x10009fac       0x28 CMakeFiles/USB_HID_Sniffer.dir/C_/Users/ASUS/.pico-sdk/sdk/2.2.0/lib/tinyusb/src/host/hub.c.obj
                0x10009fac                hub_edpt_status_xfer
 .text.hub_set_config
                0x10009fd4       0x54 CMakeFiles/USB_HID_Sniffer.dir/C_/Users/ASUS/.pico-sdk/sdk/2.2.0/lib/tinyusb/src/host/hub.c.obj
                0x10009fd4                hub_set_config
 .text.hub_xfer_cb
                0x1000a028      0x118 CMakeFiles/USB_HID_Sniffer.dir/C_/Users/ASUS/.pico-sdk/sdk/2.2.0/lib/tinyusb/src/host/hub.c.obj
                0x1000a028                hub_xfer_cb
 .text.process_set_config
                0x1000a140      0x23c CMakeFiles/USB_HID_Sniffer.dir/C_/Users/ASUS/.pico-sdk/sdk/2.2.0/lib/tinyusb/src/class/hid/hid_host.c.obj
 .text.tuh_hid_interface_protocol
                0x1000a37c       0x2c CMakeFiles/USB_HID_Sniffer.dir/C_/Users/ASUS/.pico-sdk/sdk/2.2.0/lib/tinyusb/src/class/hid/hid_host.c.obj
                0x1000a37c                tuh_hid_interface_protocol
 .text.tuh_hid_receive_report
                0x1000a3a8       0x5c CMakeFiles/USB_HID_Sniffer.dir/C_/Users/ASUS/.pico-sdk/sdk/2.2.0/lib/tinyusb/src/class/hid/hid_host.c.obj
                0x1000a3a8                tuh_hid_receive_report
 .text.hidh_init
                0x1000a404       0x14 CMakeFiles/USB_HID_Sniffer.dir/C_/Users/ASUS/.pico-sdk/sdk/2.2.0/lib/tinyusb/src/class/hid/hid_host.c.obj
                0x1000a404                hidh_init
 .text.hidh_deinit
                0x1000a418        0x4 CMakeFiles/USB_HID_Sniffer.dir/C_/Users/ASUS/.pico-sdk/sdk/2.2.0/lib/tinyusb/src/class/hid/hid_host.c.obj
                0x1000a418                hidh_deinit
 .text.hidh_xfer_cb
                0x1000a41c      0x130 CMakeFiles/USB_HID_Sniffer.dir/C_/Users/ASUS/.pico-sdk/sdk/2.2.0/lib/tinyusb/src/class/hid/hid_host.c.obj
                0x1000a41c                hidh_xfer_cb
 .text.hidh_close
                0x1000a54c      0x160 CMakeFiles/USB_HID_Sniffer.dir/C_/Users/ASUS/.pico-sdk/sdk/2.2.0/lib/tinyusb/src/class/hid/hid_host.c.obj
                0x1000a54c                hidh_close
 .text.hidh_open
                0x1000a6ac      0x15c CMakeFiles/USB_HID_Sniffer.dir/C_/Users/ASUS/.pico-sdk/sdk/2.2.0/lib/tinyusb/src/class/hid/hid_host.c.obj
                0x1000a6ac                hidh_open
 .text.hidh_set_config
                0x1000a808       0xec CMakeFiles/USB_HID_Sniffer.dir/C_/Users/ASUS/.pico-sdk/sdk/2.2.0/lib/tinyusb/src/class/hid/hid_host.c.obj
                0x1000a808                hidh_set_config
 .text.calloc   0x1000a8f4       0x18 C:/Users/ASUS/.pico-sdk/toolchain/14_2_Rel1/bin/../lib/gcc/arm-none-eabi/14.2.1/thumb/v6-m/nofp\libg.a(libc_a-calloc.o)
                0x1000a8f4                calloc
 .text._calloc_r
                0x1000a90c       0xa8 C:/Users/ASUS/.pico-sdk/toolchain/14_2_Rel1/bin/../lib/gcc/arm-none-eabi/14.2.1/thumb/v6-m/nofp\libg.a(libc_a-callocr.o)
                0x1000a90c                _calloc_r
 .text.malloc   0x1000a9b4       0x14 C:/Users/ASUS/.pico-sdk/toolchain/14_2_Rel1/bin/../lib/gcc/arm-none-eabi/14.2.1/thumb/v6-m/nofp\libg.a(libc_a-malloc.o)
                0x1000a9b4                malloc
 .text._malloc_r
                0x1000a9c8      0x5cc C:/Users/ASUS/.pico-sdk/toolchain/14_2_Rel1/bin/../lib/gcc/arm-none-eabi/14.2.1/thumb/v6-m/nofp\libg.a(libc_a-mallocr.o)
                0x1000a9c8                _malloc_r
 .text.__malloc_lock
                0x1000af94       0x10 C:/Users/ASUS/.pico-sdk/toolchain/14_2_Rel1/bin/../lib/gcc/arm-none-eabi/14.2.1/thumb/v6-m/nofp\libg.a(libc_a-mlock.o)
                0x1000af94                __malloc_lock
 .text.__malloc_unlock
                0x1000afa4       0x10 C:/Users/ASUS/.pico-sdk/toolchain/14_2_Rel1/bin/../lib/gcc/arm-none-eabi/14.2.1/thumb/v6-m/nofp\libg.a(libc_a-mlock.o)
                0x1000afa4                __malloc_unlock
 .text.memmove  0x1000afb4       0xc4 C:/Users/ASUS/.pico-sdk/toolchain/14_2_Rel1/bin/../lib/gcc/arm-none-eabi/14.2.1/thumb/v6-m/nofp\libg.a(libc_a-memmove.o)
                0x1000afb4                memmove
 .text._sbrk_r  0x1000b078       0x24 C:/Users/ASUS/.pico-sdk/toolchain/14_2_Rel1/bin/../lib/gcc/arm-none-eabi/14.2.1/thumb/v6-m/nofp\libg.a(libc_a-sbrkr.o)
                0x1000b078                _sbrk_r
 .text.__errno  0x1000b09c        0xc C:/Users/ASUS/.pico-sdk/toolchain/14_2_Rel1/bin/../lib/gcc/arm-none-eabi/14.2.1/thumb/v6-m/nofp\libg.a(libc_a-errno.o)
                0x1000b09c                __errno
 .text.__retarget_lock_acquire_recursive
                0x1000b0a8        0x4 C:/Users/ASUS/.pico-sdk/toolchain/14_2_Rel1/bin/../lib/gcc/arm-none-eabi/14.2.1/thumb/v6-m/nofp\libg.a(libc_a-lock.o)
                0x1000b0a8                __retarget_lock_acquire_recursive
 .text.__retarget_lock_release_recursive
                0x1000b0ac        0x4 C:/Users/ASUS/.pico-sdk/toolchain/14_2_Rel1/bin/../lib/gcc/arm-none-eabi/14.2.1/thumb/v6-m/nofp\libg.a(libc_a-lock.o)
                0x1000b0ac                __retarget_lock_release_recursive
 .text.sysconf  0x1000b0b0       0x1c C:/Users/ASUS/.pico-sdk/toolchain/14_2_Rel1/bin/../lib/gcc/arm-none-eabi/14.2.1/thumb/v6-m/nofp\libg.a(libc_a-sysconf.o)
                0x1000b0b0                sysconf
 .text.strlen   0x1000b0cc       0x5c C:/Users/ASUS/.pico-sdk/toolchain/14_2_Rel1/bin/../lib/gcc/arm-none-eabi/14.2.1/thumb/v6-m/nofp\libg.a(libc_a-strlen-stub.o)
                0x1000b0cc                strlen
 .text._malloc_trim_r
                0x1000b128       0xb4 C:/Users/ASUS/.pico-sdk/toolchain/14_2_Rel1/bin/../lib/gcc/arm-none-eabi/14.2.1/thumb/v6-m/nofp\libg.a(libc_a-freer.o)
                0x1000b128                _malloc_trim_r
 .text._free_r  0x1000b1dc      0x1f0 C:/Users/ASUS/.pico-sdk/toolchain/14_2_Rel1/bin/../lib/gcc/arm-none-eabi/14.2.1/thumb/v6-m/nofp\libg.a(libc_a-freer.o)
                0x1000b1dc                _free_r
 *(.fini)
 .fini          0x1000b3cc        0x4 C:/Users/ASUS/.pico-sdk/toolchain/14_2_Rel1/bin/../lib/gcc/arm-none-eabi/14.2.1/thumb/v6-m/nofp/crti.o
                0x1000b3cc                _fini
 .fini.__stub   0x1000b3d0      0x110 linker stubs
 *crtbegin.o(.ctors)
 *crtbegin?.o(.ctors)
 *(EXCLUDE_FILE(*crtend.o *crtend?.o) .ctors)
 *(SORT_BY_NAME(.ctors.*))
 *(.ctors)
 *crtbegin.o(.dtors)
 *crtbegin?.o(.dtors)
 *(EXCLUDE_FILE(*crtend.o *crtend?.o) .dtors)
 *(SORT_BY_NAME(.dtors.*))
 *(.dtors)
                0x1000b4e0                        . = ALIGN (0x4)
                0x1000b4e0                        PROVIDE (__preinit_array_start = .)
 *(SORT_BY_NAME(.preinit_array.*))
 .preinit_array.00100
                0x1000b4e0        0x4 CMakeFiles/USB_HID_Sniffer.dir/C_/Users/ASUS/.pico-sdk/sdk/2.2.0/src/rp2_common/pico_runtime_init/runtime_init.c.obj
                0x1000b4e0                __pre_init_runtime_init_early_resets
 .preinit_array.00101
                0x1000b4e4        0x4 CMakeFiles/USB_HID_Sniffer.dir/C_/Users/ASUS/.pico-sdk/sdk/2.2.0/src/rp2_common/pico_runtime_init/runtime_init.c.obj
                0x1000b4e4                __pre_init_runtime_init_usb_power_down
 .preinit_array.00275
                0x1000b4e8        0x4 CMakeFiles/USB_HID_Sniffer.dir/C_/Users/ASUS/.pico-sdk/sdk/2.2.0/src/rp2_common/pico_bit_ops/bit_ops_aeabi.S.obj
 .preinit_array.00300
                0x1000b4ec        0x4 CMakeFiles/USB_HID_Sniffer.dir/C_/Users/ASUS/.pico-sdk/sdk/2.2.0/src/rp2_common/pico_mem_ops/mem_ops_aeabi.S.obj
 .preinit_array.00350
                0x1000b4f0        0x4 CMakeFiles/USB_HID_Sniffer.dir/C_/Users/ASUS/.pico-sdk/sdk/2.2.0/src/rp2_common/pico_double/double_aeabi_rp2040.S.obj
 .preinit_array.00350
                0x1000b4f4        0x4 CMakeFiles/USB_HID_Sniffer.dir/C_/Users/ASUS/.pico-sdk/sdk/2.2.0/src/rp2_common/pico_float/float_aeabi_rp2040.S.obj
 .preinit_array.00500
                0x1000b4f8        0x4 CMakeFiles/USB_HID_Sniffer.dir/C_/Users/ASUS/.pico-sdk/sdk/2.2.0/src/rp2_common/pico_runtime_init/runtime_init.c.obj
                0x1000b4f8                __pre_init_runtime_init_clocks
 .preinit_array.00600
                0x1000b4fc        0x4 CMakeFiles/USB_HID_Sniffer.dir/C_/Users/ASUS/.pico-sdk/sdk/2.2.0/src/rp2_common/pico_runtime_init/runtime_init.c.obj
                0x1000b4fc                __pre_init_runtime_init_post_clock_resets
 .preinit_array.00700
                0x1000b500        0x4 CMakeFiles/USB_HID_Sniffer.dir/C_/Users/ASUS/.pico-sdk/sdk/2.2.0/src/rp2_common/pico_runtime_init/runtime_init.c.obj
                0x1000b500                __pre_init_runtime_init_rp2040_gpio_ie_disable
 .preinit_array.01000
                0x1000b504        0x4 CMakeFiles/USB_HID_Sniffer.dir/C_/Users/ASUS/.pico-sdk/sdk/2.2.0/src/rp2_common/pico_runtime_init/runtime_init.c.obj
                0x1000b504                __pre_init_runtime_init_spin_locks_reset
 .preinit_array.01100
                0x1000b508        0x4 CMakeFiles/USB_HID_Sniffer.dir/C_/Users/ASUS/.pico-sdk/sdk/2.2.0/src/common/pico_sync/mutex.c.obj
                0x1000b508                __pre_init_runtime_init_mutex
 .preinit_array.10080
                0x1000b50c        0x4 CMakeFiles/USB_HID_Sniffer.dir/C_/Users/ASUS/.pico-sdk/sdk/2.2.0/src/rp2_common/pico_runtime_init/runtime_init.c.obj
                0x1000b50c                __pre_init_runtime_init_install_ram_vector_table
 .preinit_array.11000
                0x1000b510        0x4 CMakeFiles/USB_HID_Sniffer.dir/C_/Users/ASUS/.pico-sdk/sdk/2.2.0/src/common/pico_time/time.c.obj
                0x1000b510                __pre_init_runtime_init_default_alarm_pool
 .preinit_array.YYYYY
                0x1000b514        0x4 CMakeFiles/USB_HID_Sniffer.dir/C_/Users/ASUS/.pico-sdk/sdk/2.2.0/src/rp2_common/pico_runtime/runtime.c.obj
                0x1000b514                __pre_init_first_per_core_initializer
 .preinit_array.ZZZZZ.01200
                0x1000b518        0x4 CMakeFiles/USB_HID_Sniffer.dir/C_/Users/ASUS/.pico-sdk/sdk/2.2.0/src/rp2_common/hardware_irq/irq.c.obj
                0x1000b518                __pre_init_runtime_init_per_core_irq_priorities
 *(.preinit_array)
                0x1000b51c                        PROVIDE (__preinit_array_end = .)
                0x1000b51c                        . = ALIGN (0x4)
                0x1000b51c                        PROVIDE (__init_array_start = .)
 *(SORT_BY_NAME(.init_array.*))
 *(.init_array)
 .init_array    0x1000b51c        0x4 C:/Users/ASUS/.pico-sdk/toolchain/14_2_Rel1/bin/../lib/gcc/arm-none-eabi/14.2.1/thumb/v6-m/nofp/crtbegin.o
                0x1000b520                        PROVIDE (__init_array_end = .)
                0x1000b520                        . = ALIGN (0x4)
                [!provide]                        PROVIDE (__fini_array_start = .)
 *(SORT_BY_NAME(.fini_array.*))
 *(.fini_array)
                [!provide]                        PROVIDE (__fini_array_end = .)
 *(.eh_frame*)
 .eh_frame      0x1000b520        0x0 C:/Users/ASUS/.pico-sdk/toolchain/14_2_Rel1/bin/../lib/gcc/arm-none-eabi/14.2.1/thumb/v6-m/nofp/crtbegin.o
                0x1000b520                        . = ALIGN (0x4)

.glue_7         0x1000b520        0x0
 .glue_7        0x1000b520        0x0 linker stubs

.glue_7t        0x1000b520        0x0
 .glue_7t       0x1000b520        0x0 linker stubs

.vfp11_veneer   0x1000b520        0x0
 .vfp11_veneer  0x1000b520        0x0 linker stubs

.v4_bx          0x1000b520        0x0
 .v4_bx         0x1000b520        0x0 linker stubs

.iplt           0x1000b520        0x0
 .iplt          0x1000b520        0x0 C:/Users/ASUS/.pico-sdk/toolchain/14_2_Rel1/bin/../lib/gcc/arm-none-eabi/14.2.1/thumb/v6-m/nofp/crtbegin.o

.rodata         0x1000b520      0x848
 *(EXCLUDE_FILE(*libm.a: *libc.a:*lib_a-mem*.o *libgcc.a:) .rodata*)
 .rodata.main.str1.4
                0x1000b520      0x2b8 CMakeFiles/USB_HID_Sniffer.dir/main_device.c.obj
                                 0x32 (size before relaxing)
 .rodata.tuh_hid_mount_cb.str1.4
                0x1000b7d8       0x53 CMakeFiles/USB_HID_Sniffer.dir/main_host.c.obj
 .rodata.tuh_hid_umount_cb.str1.4
                0x1000b7d8       0x24 CMakeFiles/USB_HID_Sniffer.dir/main_host.c.obj
 .rodata.str1.4
                0x1000b7d8       0x1a CMakeFiles/USB_HID_Sniffer.dir/main_host.c.obj
 .rodata        0x1000b7d8       0x1c CMakeFiles/USB_HID_Sniffer.dir/main_host.c.obj
 .rodata.str1.4
                0x1000b7f4       0x34 CMakeFiles/USB_HID_Sniffer.dir/usb_descriptors.c.obj
 .rodata.__compound_literal.0
                0x1000b7f4        0x2 CMakeFiles/USB_HID_Sniffer.dir/usb_descriptors.c.obj
 *fill*         0x1000b7f6        0x2 
 .rodata.desc_fs_configuration
                0x1000b7f8       0x64 CMakeFiles/USB_HID_Sniffer.dir/usb_descriptors.c.obj
                0x1000b7f8                desc_fs_configuration
 .rodata.desc_hid_report
                0x1000b85c       0x92 CMakeFiles/USB_HID_Sniffer.dir/usb_descriptors.c.obj
                0x1000b85c                desc_hid_report
 *fill*         0x1000b8ee        0x2 
 .rodata.desc_device
                0x1000b8f0       0x12 CMakeFiles/USB_HID_Sniffer.dir/usb_descriptors.c.obj
                0x1000b8f0                desc_device
 .rodata.panic.str1.4
                0x1000b902       0x12 CMakeFiles/USB_HID_Sniffer.dir/C_/Users/ASUS/.pico-sdk/sdk/2.2.0/src/rp2_common/pico_platform_panic/panic.c.obj
 .rodata.spin_lock_claim_unused.str1.4
                0x1000b902       0x1b CMakeFiles/USB_HID_Sniffer.dir/C_/Users/ASUS/.pico-sdk/sdk/2.2.0/src/rp2_common/hardware_sync/sync.c.obj
 .rodata.timer_hardware_alarm_claim.str1.4
                0x1000b902       0x22 CMakeFiles/USB_HID_Sniffer.dir/C_/Users/ASUS/.pico-sdk/sdk/2.2.0/src/rp2_common/hardware_timer/timer.c.obj
 .rodata.hard_assertion_failure.str1.4
                0x1000b902        0xc CMakeFiles/USB_HID_Sniffer.dir/C_/Users/ASUS/.pico-sdk/sdk/2.2.0/src/rp2_common/pico_runtime/runtime.c.obj
 .rodata.__wrap_malloc.str1.4
                0x1000b902        0xe CMakeFiles/USB_HID_Sniffer.dir/C_/Users/ASUS/.pico-sdk/sdk/2.2.0/src/rp2_common/pico_malloc/malloc.c.obj
 .rodata.str1.4
                0x1000b902       0x44 CMakeFiles/USB_HID_Sniffer.dir/C_/Users/ASUS/.pico-sdk/sdk/2.2.0/src/rp2_common/pico_standard_binary_info/standard_binary_info.c.obj
 *fill*         0x1000b902        0x2 
 .rodata.__bi_84
                0x1000b904        0xc CMakeFiles/USB_HID_Sniffer.dir/C_/Users/ASUS/.pico-sdk/sdk/2.2.0/src/rp2_common/pico_standard_binary_info/standard_binary_info.c.obj
 .rodata.__bi_78
                0x1000b910        0xc CMakeFiles/USB_HID_Sniffer.dir/C_/Users/ASUS/.pico-sdk/sdk/2.2.0/src/rp2_common/pico_standard_binary_info/standard_binary_info.c.obj
 .rodata.__bi_54
                0x1000b91c        0xc CMakeFiles/USB_HID_Sniffer.dir/C_/Users/ASUS/.pico-sdk/sdk/2.2.0/src/rp2_common/pico_standard_binary_info/standard_binary_info.c.obj
 .rodata.__bi_48
                0x1000b928        0xc CMakeFiles/USB_HID_Sniffer.dir/C_/Users/ASUS/.pico-sdk/sdk/2.2.0/src/rp2_common/pico_standard_binary_info/standard_binary_info.c.obj
 .rodata.__bi_42
                0x1000b934        0xc CMakeFiles/USB_HID_Sniffer.dir/C_/Users/ASUS/.pico-sdk/sdk/2.2.0/src/rp2_common/pico_standard_binary_info/standard_binary_info.c.obj
 .rodata.__bi_34
                0x1000b940        0xc CMakeFiles/USB_HID_Sniffer.dir/C_/Users/ASUS/.pico-sdk/sdk/2.2.0/src/rp2_common/pico_standard_binary_info/standard_binary_info.c.obj
 .rodata.__bi_26
                0x1000b94c        0xc CMakeFiles/USB_HID_Sniffer.dir/C_/Users/ASUS/.pico-sdk/sdk/2.2.0/src/rp2_common/pico_standard_binary_info/standard_binary_info.c.obj
 .rodata._ftoa.str1.4
                0x1000b958       0x15 CMakeFiles/USB_HID_Sniffer.dir/C_/Users/ASUS/.pico-sdk/sdk/2.2.0/src/rp2_common/pico_printf/printf.c.obj
 .rodata._vsnprintf
                0x1000b958      0x19c CMakeFiles/USB_HID_Sniffer.dir/C_/Users/ASUS/.pico-sdk/sdk/2.2.0/src/rp2_common/pico_printf/printf.c.obj
 *fill*         0x1000baf4        0x4 
 .rodata.pow10.0
                0x1000baf8       0x50 CMakeFiles/USB_HID_Sniffer.dir/C_/Users/ASUS/.pico-sdk/sdk/2.2.0/src/rp2_common/pico_printf/printf.c.obj
 .rodata.crlf_str.0
                0x1000bb48        0x2 CMakeFiles/USB_HID_Sniffer.dir/C_/Users/ASUS/.pico-sdk/sdk/2.2.0/src/rp2_common/pico_stdio/stdio.c.obj
 *fill*         0x1000bb4a        0x2 
 .rodata.usb_nrzi_decoder_debug_program
                0x1000bb4c        0x8 CMakeFiles/USB_HID_Sniffer.dir/Pico-PIO-USB/src/pio_usb.c.obj
 .rodata.usb_nrzi_decoder_debug_program_instructions
                0x1000bb54       0x14 CMakeFiles/USB_HID_Sniffer.dir/Pico-PIO-USB/src/pio_usb.c.obj
 .rodata.usb_nrzi_decoder_program
                0x1000bb68        0x8 CMakeFiles/USB_HID_Sniffer.dir/Pico-PIO-USB/src/pio_usb.c.obj
 .rodata.usb_nrzi_decoder_program_instructions
                0x1000bb70       0x14 CMakeFiles/USB_HID_Sniffer.dir/Pico-PIO-USB/src/pio_usb.c.obj
 .rodata.usb_edge_detector_debug_program
                0x1000bb84        0x8 CMakeFiles/USB_HID_Sniffer.dir/Pico-PIO-USB/src/pio_usb.c.obj
 .rodata.usb_edge_detector_debug_program_instructions
                0x1000bb8c       0x22 CMakeFiles/USB_HID_Sniffer.dir/Pico-PIO-USB/src/pio_usb.c.obj
 *fill*         0x1000bbae        0x2 
 .rodata.usb_edge_detector_program
                0x1000bbb0        0x8 CMakeFiles/USB_HID_Sniffer.dir/Pico-PIO-USB/src/pio_usb.c.obj
 .rodata.usb_edge_detector_program_instructions
                0x1000bbb8       0x22 CMakeFiles/USB_HID_Sniffer.dir/Pico-PIO-USB/src/pio_usb.c.obj
 .rodata.pio_usb_host_send_setup.str1.4
                0x1000bbda       0x15 CMakeFiles/USB_HID_Sniffer.dir/Pico-PIO-USB/src/pio_usb_host.c.obj
 .rodata.pio_usb_host_endpoint_transfer.str1.4
                0x1000bbda       0x15 CMakeFiles/USB_HID_Sniffer.dir/Pico-PIO-USB/src/pio_usb_host.c.obj
 .rodata.pio_sm_claim.str1.4
                0x1000bbda       0x40 CMakeFiles/USB_HID_Sniffer.dir/C_/Users/ASUS/.pico-sdk/sdk/2.2.0/src/rp2_common/hardware_pio/pio.c.obj
 .rodata.dma_channel_claim.str1.4
                0x1000bbda       0x22 CMakeFiles/USB_HID_Sniffer.dir/C_/Users/ASUS/.pico-sdk/sdk/2.2.0/src/rp2_common/hardware_dma/dma.c.obj
 .rodata.str1.4
                0x1000bbda       0x14 CMakeFiles/USB_HID_Sniffer.dir/C_/Users/ASUS/.pico-sdk/sdk/2.2.0/lib/tinyusb/src/portable/raspberrypi/rp2040/dcd_rp2040.c.obj
 .rodata.str1.4
                0x1000bbda       0x48 CMakeFiles/USB_HID_Sniffer.dir/C_/Users/ASUS/.pico-sdk/sdk/2.2.0/lib/tinyusb/src/portable/raspberrypi/rp2040/rp2040_usb.c.obj
 *fill*         0x1000bbda        0x2 
 .rodata.tud_task_ext
                0x1000bbdc       0x8c CMakeFiles/USB_HID_Sniffer.dir/C_/Users/ASUS/.pico-sdk/sdk/2.2.0/lib/tinyusb/src/device/usbd.c.obj
 .rodata        0x1000bc68       0x1c CMakeFiles/USB_HID_Sniffer.dir/C_/Users/ASUS/.pico-sdk/sdk/2.2.0/lib/tinyusb/src/device/usbd.c.obj
 .rodata._usbd_driver
                0x1000bc84       0x40 CMakeFiles/USB_HID_Sniffer.dir/C_/Users/ASUS/.pico-sdk/sdk/2.2.0/lib/tinyusb/src/device/usbd.c.obj
 .rodata.hidd_control_xfer_cb
                0x1000bcc4       0x30 CMakeFiles/USB_HID_Sniffer.dir/C_/Users/ASUS/.pico-sdk/sdk/2.2.0/lib/tinyusb/src/class/hid/hid_device.c.obj
 .rodata.process_enumeration
                0x1000bcf4       0x34 CMakeFiles/USB_HID_Sniffer.dir/C_/Users/ASUS/.pico-sdk/sdk/2.2.0/lib/tinyusb/src/host/usbh.c.obj
 .rodata.usbh_class_drivers
                0x1000bd28       0x38 CMakeFiles/USB_HID_Sniffer.dir/C_/Users/ASUS/.pico-sdk/sdk/2.2.0/lib/tinyusb/src/host/usbh.c.obj
 .rodata        0x1000bd60        0x8 CMakeFiles/USB_HID_Sniffer.dir/C_/Users/ASUS/.pico-sdk/sdk/2.2.0/lib/tinyusb/src/host/hub.c.obj
                0x1000bd68                        . = ALIGN (0x4)
 *(SORT_BY_ALIGNMENT(SORT_BY_NAME(.flashdata*)))
                0x1000bd68                        . = ALIGN (0x4)

.ARM.extab
 *(.ARM.extab* .gnu.linkonce.armextab.*)
                0x1000bd68                        __exidx_start = .

.ARM.exidx
 *(.ARM.exidx* .gnu.linkonce.armexidx.*)
                0x1000bd68                        __exidx_end = .
                0x1000bd68                        . = ALIGN (0x4)
                0x1000bd68                        __binary_info_start = .

.binary_info    0x1000bd68       0x1c
 *(.binary_info.keep.*)
 .binary_info.keep.__bi_ptr84
                0x1000bd68        0x4 CMakeFiles/USB_HID_Sniffer.dir/C_/Users/ASUS/.pico-sdk/sdk/2.2.0/src/rp2_common/pico_standard_binary_info/standard_binary_info.c.obj
 .binary_info.keep.__bi_ptr78
                0x1000bd6c        0x4 CMakeFiles/USB_HID_Sniffer.dir/C_/Users/ASUS/.pico-sdk/sdk/2.2.0/src/rp2_common/pico_standard_binary_info/standard_binary_info.c.obj
 .binary_info.keep.__bi_ptr54
                0x1000bd70        0x4 CMakeFiles/USB_HID_Sniffer.dir/C_/Users/ASUS/.pico-sdk/sdk/2.2.0/src/rp2_common/pico_standard_binary_info/standard_binary_info.c.obj
 .binary_info.keep.__bi_ptr48
                0x1000bd74        0x4 CMakeFiles/USB_HID_Sniffer.dir/C_/Users/ASUS/.pico-sdk/sdk/2.2.0/src/rp2_common/pico_standard_binary_info/standard_binary_info.c.obj
 .binary_info.keep.__bi_ptr42
                0x1000bd78        0x4 CMakeFiles/USB_HID_Sniffer.dir/C_/Users/ASUS/.pico-sdk/sdk/2.2.0/src/rp2_common/pico_standard_binary_info/standard_binary_info.c.obj
 .binary_info.keep.__bi_ptr34
                0x1000bd7c        0x4 CMakeFiles/USB_HID_Sniffer.dir/C_/Users/ASUS/.pico-sdk/sdk/2.2.0/src/rp2_common/pico_standard_binary_info/standard_binary_info.c.obj
 .binary_info.keep.__bi_ptr26
                0x1000bd80        0x4 CMakeFiles/USB_HID_Sniffer.dir/C_/Users/ASUS/.pico-sdk/sdk/2.2.0/src/rp2_common/pico_standard_binary_info/standard_binary_info.c.obj
 *(.binary_info.*)
                0x1000bd84                        __binary_info_end = .
                0x1000bd84                        . = ALIGN (0x4)

.ram_vector_table
                0x20000000       0xc0
 *(.ram_vector_table)
 .ram_vector_table
                0x20000000       0xc0 CMakeFiles/USB_HID_Sniffer.dir/C_/Users/ASUS/.pico-sdk/sdk/2.2.0/src/rp2_common/pico_runtime_init/runtime_init.c.obj
                0x20000000                ram_vector_table

.uninitialized_data
                0x200000c0        0x0
                0x200000c0                        . = ALIGN (0x4)
 *(.uninitialized_data*)

.data           0x200000c0     0x4150 load address 0x1000bd84
                0x200000c0                        __data_start__ = .
 *(vtable)
 *(.time_critical*)
 .time_critical.handle_endpoint_irq
                0x200000c0       0x90 CMakeFiles/USB_HID_Sniffer.dir/C_/Users/ASUS/.pico-sdk/sdk/2.2.0/lib/tinyusb/src/portable/raspberrypi/pio_usb/hcd_pio_usb.c.obj
 .time_critical.pio_usb_host_irq_handler
                0x20000150       0x88 CMakeFiles/USB_HID_Sniffer.dir/C_/Users/ASUS/.pico-sdk/sdk/2.2.0/lib/tinyusb/src/portable/raspberrypi/pio_usb/hcd_pio_usb.c.obj
                0x20000150                pio_usb_host_irq_handler
 .time_critical.mutex_enter_blocking
                0x200001d8       0x44 CMakeFiles/USB_HID_Sniffer.dir/C_/Users/ASUS/.pico-sdk/sdk/2.2.0/src/common/pico_sync/mutex.c.obj
                0x200001d8                mutex_enter_blocking
 .time_critical.mutex_try_enter_block_until